Component: Arm Compiler for Embedded 6.18 Tool: armlink [5e4cc100]

==============================================================================

Section Cross References

    startup_stm32f407xx.o(RESET) refers to startup_stm32f407xx.o(STACK) for __initial_sp
    startup_stm32f407xx.o(RESET) refers to startup_stm32f407xx.o(.text) for Reset_Handler
    startup_stm32f407xx.o(RESET) refers to stm32f4xx_it.o(.text.NMI_Handler) for NMI_Handler
    startup_stm32f407xx.o(RESET) refers to stm32f4xx_it.o(.text.HardFault_Handler) for HardFault_Handler
    startup_stm32f407xx.o(RESET) refers to stm32f4xx_it.o(.text.MemManage_Handler) for MemManage_Handler
    startup_stm32f407xx.o(RESET) refers to stm32f4xx_it.o(.text.BusFault_Handler) for BusFault_Handler
    startup_stm32f407xx.o(RESET) refers to stm32f4xx_it.o(.text.UsageFault_Handler) for UsageFault_Handler
    startup_stm32f407xx.o(RESET) refers to stm32f4xx_it.o(.text.SVC_Handler) for SVC_Handler
    startup_stm32f407xx.o(RESET) refers to stm32f4xx_it.o(.text.DebugMon_Handler) for DebugMon_Handler
    startup_stm32f407xx.o(RESET) refers to stm32f4xx_it.o(.text.PendSV_Handler) for PendSV_Handler
    startup_stm32f407xx.o(RESET) refers to stm32f4xx_it.o(.text.SysTick_Handler) for SysTick_Handler
    startup_stm32f407xx.o(RESET) refers to stm32f4xx_it.o(.text.EXTI9_5_IRQHandler) for EXTI9_5_IRQHandler
    startup_stm32f407xx.o(RESET) refers to stm32f4xx_it.o(.text.EXTI15_10_IRQHandler) for EXTI15_10_IRQHandler
    startup_stm32f407xx.o(.text) refers to system_stm32f4xx.o(.text.SystemInit) for SystemInit
    startup_stm32f407xx.o(.text) refers to entry.o(.ARM.Collect$$$$00000000) for __main
    main.o(.text.main) refers to stm32f4xx_hal.o(.text.HAL_Init) for HAL_Init
    main.o(.text.main) refers to main.o(.text.SystemClock_Config) for SystemClock_Config
    main.o(.text.main) refers to gpio.o(.text.MX_GPIO_Init) for MX_GPIO_Init
    main.o(.text.main) refers to rtc.o(.text.MX_RTC_Init) for MX_RTC_Init
    main.o(.text.main) refers to usart.o(.text.MX_UART4_Init) for MX_UART4_Init
    main.o(.text.main) refers to tim.o(.text.MX_TIM6_Init) for MX_TIM6_Init
    main.o(.text.main) refers to tim.o(.text.MX_TIM1_Init) for MX_TIM1_Init
    main.o(.text.main) refers to lcd.o(.text.lcd_init) for lcd_init
    main.o(.text.main) refers to modes.o(.text.mode_init) for mode_init
    main.o(.text.main) refers to status.o(.text.status_init) for status_init
    main.o(.text.main) refers to stm32f4xx_hal_gpio.o(.text.HAL_GPIO_WritePin) for HAL_GPIO_WritePin
    main.o(.text.main) refers to modes.o(.text.mode_get) for mode_get
    main.o(.text.main) refers to modes.o(.text.mode_choice_run) for mode_choice_run
    main.o(.text.main) refers to modes.o(.text.mode_help_run) for mode_help_run
    main.o(.ARM.exidx.text.main) refers to main.o(.text.main) for [Anonymous Symbol]
    main.o(.text.SystemClock_Config) refers to memseta.o(.text) for __aeabi_memclr4
    main.o(.text.SystemClock_Config) refers to stm32f4xx_hal_rcc.o(.text.HAL_RCC_OscConfig) for HAL_RCC_OscConfig
    main.o(.text.SystemClock_Config) refers to main.o(.text.Error_Handler) for Error_Handler
    main.o(.text.SystemClock_Config) refers to stm32f4xx_hal_rcc.o(.text.HAL_RCC_ClockConfig) for HAL_RCC_ClockConfig
    main.o(.ARM.exidx.text.SystemClock_Config) refers to main.o(.text.SystemClock_Config) for [Anonymous Symbol]
    main.o(.ARM.exidx.text.Error_Handler) refers to main.o(.text.Error_Handler) for [Anonymous Symbol]
    gpio.o(.text.MX_GPIO_Init) refers to stm32f4xx_hal_gpio.o(.text.HAL_GPIO_WritePin) for HAL_GPIO_WritePin
    gpio.o(.text.MX_GPIO_Init) refers to stm32f4xx_hal_gpio.o(.text.HAL_GPIO_Init) for HAL_GPIO_Init
    gpio.o(.text.MX_GPIO_Init) refers to stm32f4xx_hal_cortex.o(.text.HAL_NVIC_SetPriority) for HAL_NVIC_SetPriority
    gpio.o(.text.MX_GPIO_Init) refers to stm32f4xx_hal_cortex.o(.text.HAL_NVIC_EnableIRQ) for HAL_NVIC_EnableIRQ
    gpio.o(.ARM.exidx.text.MX_GPIO_Init) refers to gpio.o(.text.MX_GPIO_Init) for [Anonymous Symbol]
    rtc.o(.text.MX_RTC_Init) refers to rtc.o(.bss.hrtc) for hrtc
    rtc.o(.text.MX_RTC_Init) refers to stm32f4xx_hal_rtc.o(.text.HAL_RTC_Init) for HAL_RTC_Init
    rtc.o(.text.MX_RTC_Init) refers to main.o(.text.Error_Handler) for Error_Handler
    rtc.o(.text.MX_RTC_Init) refers to stm32f4xx_hal_rtc.o(.text.HAL_RTC_SetTime) for HAL_RTC_SetTime
    rtc.o(.text.MX_RTC_Init) refers to stm32f4xx_hal_rtc.o(.text.HAL_RTC_SetDate) for HAL_RTC_SetDate
    rtc.o(.text.MX_RTC_Init) refers to stm32f4xx_hal_rtc_ex.o(.text.HAL_RTCEx_SetWakeUpTimer_IT) for HAL_RTCEx_SetWakeUpTimer_IT
    rtc.o(.ARM.exidx.text.MX_RTC_Init) refers to rtc.o(.text.MX_RTC_Init) for [Anonymous Symbol]
    rtc.o(.text.HAL_RTC_MspInit) refers to stm32f4xx_hal_rcc_ex.o(.text.HAL_RCCEx_PeriphCLKConfig) for HAL_RCCEx_PeriphCLKConfig
    rtc.o(.text.HAL_RTC_MspInit) refers to main.o(.text.Error_Handler) for Error_Handler
[...]
    Removing stm32f4xx_hal_tim.o(.text.HAL_TIM_OnePulse_DeInit), (128 bytes).
    Removing stm32f4xx_hal_tim.o(.ARM.exidx.text.HAL_TIM_OnePulse_DeInit), (8 bytes).
    Removing stm32f4xx_hal_tim.o(.text.HAL_TIM_OnePulse_MspDeInit), (8 bytes).
    Removing stm32f4xx_hal_tim.o(.ARM.exidx.text.HAL_TIM_OnePulse_MspDeInit), (8 bytes).
    Removing stm32f4xx_hal_tim.o(.text.HAL_TIM_OnePulse_Start), (230 bytes).
    Removing stm32f4xx_hal_tim.o(.ARM.exidx.text.HAL_TIM_OnePulse_Start), (8 bytes).
    Removing stm32f4xx_hal_tim.o(.text.HAL_TIM_OnePulse_Stop), (224 bytes).
    Removing stm32f4xx_hal_tim.o(.ARM.exidx.text.HAL_TIM_OnePulse_Stop), (8 bytes).
    Removing stm32f4xx_hal_tim.o(.text.HAL_TIM_OnePulse_Start_IT), (254 bytes).
    Removing stm32f4xx_hal_tim.o(.ARM.exidx.text.HAL_TIM_OnePulse_Start_IT), (8 bytes).
    Removing stm32f4xx_hal_tim.o(.text.HAL_TIM_OnePulse_Stop_IT), (248 bytes).
    Removing stm32f4xx_hal_tim.o(.ARM.exidx.text.HAL_TIM_OnePulse_Stop_IT), (8 bytes).
    Removing stm32f4xx_hal_tim.o(.text.HAL_TIM_Encoder_Init), (304 bytes).
    Removing stm32f4xx_hal_tim.o(.ARM.exidx.text.HAL_TIM_Encoder_Init), (8 bytes).
    Removing stm32f4xx_hal_tim.o(.text.HAL_TIM_Encoder_MspInit), (8 bytes).
    Removing stm32f4xx_hal_tim.o(.ARM.exidx.text.HAL_TIM_Encoder_MspInit), (8 bytes).
    Removing stm32f4xx_hal_tim.o(.text.HAL_TIM_Encoder_DeInit), (128 bytes).
    Removing stm32f4xx_hal_tim.o(.ARM.exidx.text.HAL_TIM_Encoder_DeInit), (8 bytes).
    Removing stm32f4xx_hal_tim.o(.text.HAL_TIM_Encoder_MspDeInit), (8 bytes).
    Removing stm32f4xx_hal_tim.o(.ARM.exidx.text.HAL_TIM_Encoder_MspDeInit), (8 bytes).
    Removing stm32f4xx_hal_tim.o(.text.HAL_TIM_Encoder_Start), (334 bytes).
    Removing stm32f4xx_hal_tim.o(.ARM.exidx.text.HAL_TIM_Encoder_Start), (8 bytes).
    Removing stm32f4xx_hal_tim.o(.text.HAL_TIM_Encoder_Stop), (338 bytes).
    Removing stm32f4xx_hal_tim.o(.ARM.exidx.text.HAL_TIM_Encoder_Stop), (8 bytes).
    Removing stm32f4xx_hal_tim.o(.text.HAL_TIM_Encoder_Start_IT), (382 bytes).
    Removing stm32f4xx_hal_tim.o(.ARM.exidx.text.HAL_TIM_Encoder_Start_IT), (8 bytes).
    Removing stm32f4xx_hal_tim.o(.text.HAL_TIM_Encoder_Stop_IT), (386 bytes).
    Removing stm32f4xx_hal_tim.o(.ARM.exidx.text.HAL_TIM_Encoder_Stop_IT), (8 bytes).
    Removing stm32f4xx_hal_tim.o(.text.HAL_TIM_Encoder_Start_DMA), (896 bytes).
    Removing stm32f4xx_hal_tim.o(.ARM.exidx.text.HAL_TIM_Encoder_Start_DMA), (8 bytes).
    Removing stm32f4xx_hal_tim.o(.text.HAL_TIM_Encoder_Stop_DMA), (418 bytes).
    Removing stm32f4xx_hal_tim.o(.ARM.exidx.text.HAL_TIM_Encoder_Stop_DMA), (8 bytes).
    Removing stm32f4xx_hal_tim.o(.text.HAL_TIM_IRQHandler), (634 bytes).
    Removing stm32f4xx_hal_tim.o(.ARM.exidx.text.HAL_TIM_IRQHandler), (8 bytes).
    Removing stm32f4xx_hal_tim.o(.text.HAL_TIM_IC_CaptureCallback), (8 bytes).
    Removing stm32f4xx_hal_tim.o(.ARM.exidx.text.HAL_TIM_IC_CaptureCallback), (8 bytes).
    Removing stm32f4xx_hal_tim.o(.text.HAL_TIM_OC_DelayElapsedCallback), (8 bytes).
    Removing stm32f4xx_hal_tim.o(.ARM.exidx.text.HAL_TIM_OC_DelayElapsedCallback), (8 bytes).
    Removing stm32f4xx_hal_tim.o(.text.HAL_TIM_PWM_PulseFinishedCallback), (8 bytes).
    Removing stm32f4xx_hal_tim.o(.ARM.exidx.text.HAL_TIM_PWM_PulseFinishedCallback), (8 bytes).
    Removing stm32f4xx_hal_tim.o(.text.HAL_TIM_PeriodElapsedCallback), (8 bytes).
    Removing stm32f4xx_hal_tim.o(.ARM.exidx.text.HAL_TIM_PeriodElapsedCallback), (8 bytes).
    Removing stm32f4xx_hal_tim.o(.text.HAL_TIM_TriggerCallback), (8 bytes).
    Removing stm32f4xx_hal_tim.o(.ARM.exidx.text.HAL_TIM_TriggerCallback), (8 bytes).
    Removing stm32f4xx_hal_tim.o(.text.HAL_TIM_OC_ConfigChannel), (164 bytes).
    Removing stm32f4xx_hal_tim.o(.ARM.exidx.text.HAL_TIM_OC_ConfigChannel), (8 bytes).
    Removing stm32f4xx_hal_tim.o(.ARM.exidx.text.TIM_OC1_SetConfig), (8 bytes).
    Removing stm32f4xx_hal_tim.o(.ARM.exidx.text.TIM_OC2_SetConfig), (8 bytes).
    Removing stm32f4xx_hal_tim.o(.ARM.exidx.text.TIM_OC3_SetConfig), (8 bytes).
    Removing stm32f4xx_hal_tim.o(.ARM.exidx.text.TIM_OC4_SetConfig), (8 bytes).
    Removing stm32f4xx_hal_tim.o(.text.HAL_TIM_IC_ConfigChannel), (304 bytes).
    Removing stm32f4xx_hal_tim.o(.ARM.exidx.text.HAL_TIM_IC_ConfigChannel), (8 bytes).
    Removing stm32f4xx_hal_tim.o(.text.TIM_TI1_SetConfig), (278 bytes).
    Removing stm32f4xx_hal_tim.o(.ARM.exidx.text.TIM_TI1_SetConfig), (8 bytes).
    Removing stm32f4xx_hal_tim.o(.text.TIM_TI2_SetConfig), (108 bytes).
    Removing stm32f4xx_hal_tim.o(.ARM.exidx.text.TIM_TI2_SetConfig), (8 bytes).
    Removing stm32f4xx_hal_tim.o(.text.TIM_TI3_SetConfig), (106 bytes).
    Removing stm32f4xx_hal_tim.o(.ARM.exidx.text.TIM_TI3_SetConfig), (8 bytes).
    Removing stm32f4xx_hal_tim.o(.text.TIM_TI4_SetConfig), (108 bytes).
    Removing stm32f4xx_hal_tim.o(.ARM.exidx.text.TIM_TI4_SetConfig), (8 bytes).
    Removing stm32f4xx_hal_tim.o(.ARM.exidx.text.HAL_TIM_PWM_ConfigChannel), (8 bytes).
    Removing stm32f4xx_hal_tim.o(.text.HAL_TIM_OnePulse_ConfigChannel), (394 bytes).
    Removing stm32f4xx_hal_tim.o(.ARM.exidx.text.HAL_TIM_OnePulse_ConfigChannel), (8 bytes).
    Removing stm32f4xx_hal_tim.o(.text.HAL_TIM_DMABurst_WriteStart), (62 bytes).
    Removing stm32f4xx_hal_tim.o(.ARM.exidx.text.HAL_TIM_DMABurst_WriteStart), (8 bytes).
    Removing stm32f4xx_hal_tim.o(.text.HAL_TIM_DMABurst_MultiWriteStart), (736 bytes).
    Removing stm32f4xx_hal_tim.o(.ARM.exidx.text.HAL_TIM_DMABurst_MultiWriteStart), (8 bytes).
    Removing stm32f4xx_hal_tim.o(.text.TIM_DMATriggerCplt), (42 bytes).
    Removing stm32f4xx_hal_tim.o(.ARM.exidx.text.TIM_DMATriggerCplt), (8 bytes).
    Removing stm32f4xx_hal_tim.o(.text.TIM_DMATriggerHalfCplt), (22 bytes).
    Removing stm32f4xx_hal_tim.o(.ARM.exidx.text.TIM_DMATriggerHalfCplt), (8 bytes).
    Removing stm32f4xx_hal_tim.o(.text.HAL_TIM_DMABurst_WriteStop), (202 bytes).
    Removing stm32f4xx_hal_tim.o(.ARM.exidx.text.HAL_TIM_DMABurst_WriteStop), (8 bytes).
    Removing stm32f4xx_hal_tim.o(.text.HAL_TIM_DMABurst_ReadStart), (62 bytes).
    Removing stm32f4xx_hal_tim.o(.ARM.exidx.text.HAL_TIM_DMABurst_ReadStart), (8 bytes).
    Removing stm32f4xx_hal_tim.o(.text.HAL_TIM_DMABurst_MultiReadStart), (736 bytes).
    Removing stm32f4xx_hal_tim.o(.ARM.exidx.text.HAL_TIM_DMABurst_MultiReadStart), (8 bytes).
    Removing stm32f4xx_hal_tim.o(.text.HAL_TIM_DMABurst_ReadStop), (202 bytes).
    Removing stm32f4xx_hal_tim.o(.ARM.exidx.text.HAL_TIM_DMABurst_ReadStop), (8 bytes).
    Removing stm32f4xx_hal_tim.o(.text.HAL_TIM_GenerateEvent), (92 bytes).
    Removing stm32f4xx_hal_tim.o(.ARM.exidx.text.HAL_TIM_GenerateEvent), (8 bytes).
    Removing stm32f4xx_hal_tim.o(.text.HAL_TIM_ConfigOCrefClear), (384 bytes).
    Removing stm32f4xx_hal_tim.o(.ARM.exidx.text.HAL_TIM_ConfigOCrefClear), (8 bytes).
    Removing stm32f4xx_hal_tim.o(.text.TIM_ETR_SetConfig), (52 bytes).
    Removing stm32f4xx_hal_tim.o(.ARM.exidx.text.TIM_ETR_SetConfig), (8 bytes).
    Removing stm32f4xx_hal_tim.o(.text.HAL_TIM_ConfigClockSource), (388 bytes).
    Removing stm32f4xx_hal_tim.o(.ARM.exidx.text.HAL_TIM_ConfigClockSource), (8 bytes).
    Removing stm32f4xx_hal_tim.o(.text.TIM_TI1_ConfigInputStage), (80 bytes).
    Removing stm32f4xx_hal_tim.o(.ARM.exidx.text.TIM_TI1_ConfigInputStage), (8 bytes).
    Removing stm32f4xx_hal_tim.o(.text.TIM_ITRx_SetConfig), (42 bytes).
    Removing stm32f4xx_hal_tim.o(.ARM.exidx.text.TIM_ITRx_SetConfig), (8 bytes).
    Removing stm32f4xx_hal_tim.o(.text.TIM_TI2_ConfigInputStage), (82 bytes).
    Removing stm32f4xx_hal_tim.o(.ARM.exidx.text.TIM_TI2_ConfigInputStage), (8 bytes).
    Removing stm32f4xx_hal_tim.o(.text.HAL_TIM_ConfigTI1Input), (44 bytes).
    Removing stm32f4xx_hal_tim.o(.ARM.exidx.text.HAL_TIM_ConfigTI1Input), (8 bytes).
    Removing stm32f4xx_hal_tim.o(.text.HAL_TIM_SlaveConfigSynchro), (150 bytes).
    Removing stm32f4xx_hal_tim.o(.ARM.exidx.text.HAL_TIM_SlaveConfigSynchro), (8 bytes).
    Removing stm32f4xx_hal_tim.o(.text.TIM_SlaveTimer_SetConfig), (296 bytes).
    Removing stm32f4xx_hal_tim.o(.ARM.exidx.text.TIM_SlaveTimer_SetConfig), (8 bytes).
    Removing stm32f4xx_hal_tim.o(.text.HAL_TIM_SlaveConfigSynchro_IT), (150 bytes).
    Removing stm32f4xx_hal_tim.o(.ARM.exidx.text.HAL_TIM_SlaveConfigSynchro_IT), (8 bytes).
    Removing stm32f4xx_hal_tim.o(.text.HAL_TIM_ReadCapturedValue), (86 bytes).
    Removing stm32f4xx_hal_tim.o(.ARM.exidx.text.HAL_TIM_ReadCapturedValue), (8 bytes).
    Removing stm32f4xx_hal_tim.o(.text.HAL_TIM_PeriodElapsedHalfCpltCallback), (8 bytes).
    Removing stm32f4xx_hal_tim.o(.ARM.exidx.text.HAL_TIM_PeriodElapsedHalfCpltCallback), (8 bytes).
    Removing stm32f4xx_hal_tim.o(.text.HAL_TIM_IC_CaptureHalfCpltCallback), (8 bytes).
    Removing stm32f4xx_hal_tim.o(.ARM.exidx.text.HAL_TIM_IC_CaptureHalfCpltCallback), (8 bytes).
    Removing stm32f4xx_hal_tim.o(.text.HAL_TIM_PWM_PulseFinishedHalfCpltCallback), (8 bytes).
    Removing stm32f4xx_hal_tim.o(.ARM.exidx.text.HAL_TIM_PWM_PulseFinishedHalfCpltCallback), (8 bytes).
    Removing stm32f4xx_hal_tim.o(.text.HAL_TIM_TriggerHalfCpltCallback), (8 bytes).
    Removing stm32f4xx_hal_tim.o(.ARM.exidx.text.HAL_TIM_TriggerHalfCpltCallback), (8 bytes).
    Removing stm32f4xx_hal_tim.o(.text.HAL_TIM_ErrorCallback), (8 bytes).
    Removing stm32f4xx_hal_tim.o(.ARM.exidx.text.HAL_TIM_ErrorCallback), (8 bytes).
    Removing stm32f4xx_hal_tim.o(.text.HAL_TIM_Base_GetState), (14 bytes).
    Removing stm32f4xx_hal_tim.o(.ARM.exidx.text.HAL_TIM_Base_GetState), (8 bytes).
    Removing stm32f4xx_hal_tim.o(.text.HAL_TIM_OC_GetState), (14 bytes).
    Removing stm32f4xx_hal_tim.o(.ARM.exidx.text.HAL_TIM_OC_GetState), (8 bytes).
    Removing stm32f4xx_hal_tim.o(.text.HAL_TIM_PWM_GetState), (14 bytes).
    Removing stm32f4xx_hal_tim.o(.ARM.exidx.text.HAL_TIM_PWM_GetState), (8 bytes).
    Removing stm32f4xx_hal_tim.o(.text.HAL_TIM_IC_GetState), (14 bytes).
    Removing stm32f4xx_hal_tim.o(.ARM.exidx.text.HAL_TIM_IC_GetState), (8 bytes).
    Removing stm32f4xx_hal_tim.o(.text.HAL_TIM_OnePulse_GetState), (14 bytes).
    Removing stm32f4xx_hal_tim.o(.ARM.exidx.text.HAL_TIM_OnePulse_GetState), (8 bytes).
    Removing stm32f4xx_hal_tim.o(.text.HAL_TIM_Encoder_GetState), (14 bytes).
    Removing stm32f4xx_hal_tim.o(.ARM.exidx.text.HAL_TIM_Encoder_GetState), (8 bytes).
    Removing stm32f4xx_hal_tim.o(.text.HAL_TIM_GetActiveChannel), (12 bytes).
    Removing stm32f4xx_hal_tim.o(.ARM.exidx.text.HAL_TIM_GetActiveChannel), (8 bytes).
    Removing stm32f4xx_hal_tim.o(.text.HAL_TIM_GetChannelState), (94 bytes).
    Removing stm32f4xx_hal_tim.o(.ARM.exidx.text.HAL_TIM_GetChannelState), (8 bytes).
    Removing stm32f4xx_hal_tim.o(.text.HAL_TIM_DMABurstState), (14 bytes).
    Removing stm32f4xx_hal_tim.o(.ARM.exidx.text.HAL_TIM_DMABurstState), (8 bytes).
    Removing stm32f4xx_hal_tim_ex.o(.text), (0 bytes).
    Removing stm32f4xx_hal_tim_ex.o(.text.HAL_TIMEx_HallSensor_Init), (280 bytes).
    Removing stm32f4xx_hal_tim_ex.o(.ARM.exidx.text.HAL_TIMEx_HallSensor_Init), (8 bytes).
    Removing stm32f4xx_hal_tim_ex.o(.text.HAL_TIMEx_HallSensor_MspInit), (8 bytes).
    Removing stm32f4xx_hal_tim_ex.o(.ARM.exidx.text.HAL_TIMEx_HallSensor_MspInit), (8 bytes).
    Removing stm32f4xx_hal_tim_ex.o(.text.HAL_TIMEx_HallSensor_DeInit), (128 bytes).
    Removing stm32f4xx_hal_tim_ex.o(.ARM.exidx.text.HAL_TIMEx_HallSensor_DeInit), (8 bytes).
    Removing stm32f4xx_hal_tim_ex.o(.text.HAL_TIMEx_HallSensor_MspDeInit), (8 bytes).
    Removing stm32f4xx_hal_tim_ex.o(.ARM.exidx.text.HAL_TIMEx_HallSensor_MspDeInit), (8 bytes).
    Removing stm32f4xx_hal_tim_ex.o(.text.HAL_TIMEx_HallSensor_Start), (334 bytes).
    Removing stm32f4xx_hal_tim_ex.o(.ARM.exidx.text.HAL_TIMEx_HallSensor_Start), (8 bytes).
    Removing stm32f4xx_hal_tim_ex.o(.text.HAL_TIMEx_HallSensor_Stop), (102 bytes).
    Removing stm32f4xx_hal_tim_ex.o(.ARM.exidx.text.HAL_TIMEx_HallSensor_Stop), (8 bytes).
    Removing stm32f4xx_hal_tim_ex.o(.text.HAL_TIMEx_HallSensor_Start_IT), (346 bytes).
    Removing stm32f4xx_hal_tim_ex.o(.ARM.exidx.text.HAL_TIMEx_HallSensor_Start_IT), (8 bytes).
    Removing stm32f4xx_hal_tim_ex.o(.text.HAL_TIMEx_HallSensor_Stop_IT), (114 bytes).
    Removing stm32f4xx_hal_tim_ex.o(.ARM.exidx.text.HAL_TIMEx_HallSensor_Stop_IT), (8 bytes).
    Removing stm32f4xx_hal_tim_ex.o(.text.HAL_TIMEx_HallSensor_Start_DMA), (428 bytes).
    Removing stm32f4xx_hal_tim_ex.o(.ARM.exidx.text.HAL_TIMEx_HallSensor_Start_DMA), (8 bytes).
    Removing stm32f4xx_hal_tim_ex.o(.text.HAL_TIMEx_HallSensor_Stop_DMA), (110 bytes).
    Removing stm32f4xx_hal_tim_ex.o(.ARM.exidx.text.HAL_TIMEx_HallSensor_Stop_DMA), (8 bytes).
    Removing stm32f4xx_hal_tim_ex.o(.text.HAL_TIMEx_OCN_Start), (402 bytes).
    Removing stm32f4xx_hal_tim_ex.o(.ARM.exidx.text.HAL_TIMEx_OCN_Start), (8 bytes).
    Removing stm32f4xx_hal_tim_ex.o(.text.TIM_CCxNChannelCmd), (54 bytes).
    Removing stm32f4xx_hal_tim_ex.o(.ARM.exidx.text.TIM_CCxNChannelCmd), (8 bytes).
    Removing stm32f4xx_hal_tim_ex.o(.text.HAL_TIMEx_OCN_Stop), (208 bytes).
    Removing stm32f4xx_hal_tim_ex.o(.ARM.exidx.text.HAL_TIMEx_OCN_Stop), (8 bytes).
    Removing stm32f4xx_hal_tim_ex.o(.text.HAL_TIMEx_OCN_Start_IT), (508 bytes).
    Removing stm32f4xx_hal_tim_ex.o(.ARM.exidx.text.HAL_TIMEx_OCN_Start_IT), (8 bytes).
    Removing stm32f4xx_hal_tim_ex.o(.text.HAL_TIMEx_OCN_Stop_IT), (338 bytes).
    Removing stm32f4xx_hal_tim_ex.o(.ARM.exidx.text.HAL_TIMEx_OCN_Stop_IT), (8 bytes).
    Removing stm32f4xx_hal_tim_ex.o(.text.HAL_TIMEx_OCN_Start_DMA), (836 bytes).
    Removing stm32f4xx_hal_tim_ex.o(.ARM.exidx.text.HAL_TIMEx_OCN_Start_DMA), (8 bytes).
    Removing stm32f4xx_hal_tim_ex.o(.text.TIM_DMADelayPulseNCplt), (188 bytes).
    Removing stm32f4xx_hal_tim_ex.o(.ARM.exidx.text.TIM_DMADelayPulseNCplt), (8 bytes).
    Removing stm32f4xx_hal_tim_ex.o(.text.TIM_DMAErrorCCxN), (116 bytes).
    Removing stm32f4xx_hal_tim_ex.o(.ARM.exidx.text.TIM_DMAErrorCCxN), (8 bytes).
    Removing stm32f4xx_hal_tim_ex.o(.text.HAL_TIMEx_OCN_Stop_DMA), (326 bytes).
    Removing stm32f4xx_hal_tim_ex.o(.ARM.exidx.text.HAL_TIMEx_OCN_Stop_DMA), (8 bytes).
    Removing stm32f4xx_hal_tim_ex.o(.text.HAL_TIMEx_PWMN_Start), (402 bytes).
    Removing stm32f4xx_hal_tim_ex.o(.ARM.exidx.text.HAL_TIMEx_PWMN_Start), (8 bytes).
    Removing stm32f4xx_hal_tim_ex.o(.text.HAL_TIMEx_PWMN_Stop), (208 bytes).
    Removing stm32f4xx_hal_tim_ex.o(.ARM.exidx.text.HAL_TIMEx_PWMN_Stop), (8 bytes).
    Removing stm32f4xx_hal_tim_ex.o(.text.HAL_TIMEx_PWMN_Start_IT), (508 bytes).
    Removing stm32f4xx_hal_tim_ex.o(.ARM.exidx.text.HAL_TIMEx_PWMN_Start_IT), (8 bytes).
    Removing stm32f4xx_hal_tim_ex.o(.text.HAL_TIMEx_PWMN_Stop_IT), (338 bytes).
    Removing stm32f4xx_hal_tim_ex.o(.ARM.exidx.text.HAL_TIMEx_PWMN_Stop_IT), (8 bytes).
    Removing stm32f4xx_hal_tim_ex.o(.text.HAL_TIMEx_PWMN_Start_DMA), (836 bytes).
    Removing stm32f4xx_hal_tim_ex.o(.ARM.exidx.text.HAL_TIMEx_PWMN_Start_DMA), (8 bytes).
    Removing stm32f4xx_hal_tim_ex.o(.text.HAL_TIMEx_PWMN_Stop_DMA), (326 bytes).
    Removing stm32f4xx_hal_tim_ex.o(.ARM.exidx.text.HAL_TIMEx_PWMN_Stop_DMA), (8 bytes).
    Removing stm32f4xx_hal_tim_ex.o(.text.HAL_TIMEx_OnePulseN_Start), (186 bytes).
    Removing stm32f4xx_hal_tim_ex.o(.ARM.exidx.text.HAL_TIMEx_OnePulseN_Start), (8 bytes).
    Removing stm32f4xx_hal_tim_ex.o(.text.HAL_TIMEx_OnePulseN_Stop), (182 bytes).
    Removing stm32f4xx_hal_tim_ex.o(.ARM.exidx.text.HAL_TIMEx_OnePulseN_Stop), (8 bytes).
    Removing stm32f4xx_hal_tim_ex.o(.text.HAL_TIMEx_OnePulseN_Start_IT), (210 bytes).
    Removing stm32f4xx_hal_tim_ex.o(.ARM.exidx.text.HAL_TIMEx_OnePulseN_Start_IT), (8 bytes).
    Removing stm32f4xx_hal_tim_ex.o(.text.HAL_TIMEx_OnePulseN_Stop_IT), (206 bytes).
    Removing stm32f4xx_hal_tim_ex.o(.ARM.exidx.text.HAL_TIMEx_OnePulseN_Stop_IT), (8 bytes).
    Removing stm32f4xx_hal_tim_ex.o(.text.HAL_TIMEx_ConfigCommutEvent), (186 bytes).
    Removing stm32f4xx_hal_tim_ex.o(.ARM.exidx.text.HAL_TIMEx_ConfigCommutEvent), (8 bytes).
    Removing stm32f4xx_hal_tim_ex.o(.text.HAL_TIMEx_ConfigCommutEvent_IT), (186 bytes).
    Removing stm32f4xx_hal_tim_ex.o(.ARM.exidx.text.HAL_TIMEx_ConfigCommutEvent_IT), (8 bytes).
    Removing stm32f4xx_hal_tim_ex.o(.text.HAL_TIMEx_ConfigCommutEvent_DMA), (228 bytes).
    Removing stm32f4xx_hal_tim_ex.o(.ARM.exidx.text.HAL_TIMEx_ConfigCommutEvent_DMA), (8 bytes).
    Removing stm32f4xx_hal_tim_ex.o(.text.TIMEx_DMACommutationCplt), (30 bytes).
    Removing stm32f4xx_hal_tim_ex.o(.ARM.exidx.text.TIMEx_DMACommutationCplt), (8 bytes).
    Removing stm32f4xx_hal_tim_ex.o(.text.TIMEx_DMACommutationHalfCplt), (30 bytes).
    Removing stm32f4xx_hal_tim_ex.o(.ARM.exidx.text.TIMEx_DMACommutationHalfCplt), (8 bytes).
    Removing stm32f4xx_hal_tim_ex.o(.ARM.exidx.text.HAL_TIMEx_MasterConfigSynchronization), (8 bytes).
    Removing stm32f4xx_hal_tim_ex.o(.ARM.exidx.text.HAL_TIMEx_ConfigBreakDeadTime), (8 bytes).
    Removing stm32f4xx_hal_tim_ex.o(.text.HAL_TIMEx_RemapConfig), (76 bytes).
    Removing stm32f4xx_hal_tim_ex.o(.ARM.exidx.text.HAL_TIMEx_RemapConfig), (8 bytes).
    Removing stm32f4xx_hal_tim_ex.o(.text.HAL_TIMEx_CommutCallback), (8 bytes).
    Removing stm32f4xx_hal_tim_ex.o(.ARM.exidx.text.HAL_TIMEx_CommutCallback), (8 bytes).
    Removing stm32f4xx_hal_tim_ex.o(.text.HAL_TIMEx_CommutHalfCpltCallback), (8 bytes).
    Removing stm32f4xx_hal_tim_ex.o(.ARM.exidx.text.HAL_TIMEx_CommutHalfCpltCallback), (8 bytes).
    Removing stm32f4xx_hal_tim_ex.o(.text.HAL_TIMEx_BreakCallback), (8 bytes).
    Removing stm32f4xx_hal_tim_ex.o(.ARM.exidx.text.HAL_TIMEx_BreakCallback), (8 bytes).
    Removing stm32f4xx_hal_tim_ex.o(.text.HAL_TIMEx_HallSensor_GetState), (14 bytes).
    Removing stm32f4xx_hal_tim_ex.o(.ARM.exidx.text.HAL_TIMEx_HallSensor_GetState), (8 bytes).
    Removing stm32f4xx_hal_tim_ex.o(.text.HAL_TIMEx_GetChannelNState), (94 bytes).
    Removing stm32f4xx_hal_tim_ex.o(.ARM.exidx.text.HAL_TIMEx_GetChannelNState), (8 bytes).
    Removing stm32f4xx_hal_uart.o(.text), (0 bytes).
    Removing stm32f4xx_hal_uart.o(.ARM.exidx.text.HAL_UART_Init), (8 bytes).
    Removing stm32f4xx_hal_uart.o(.text.HAL_UART_MspInit), (8 bytes).
    Removing stm32f4xx_hal_uart.o(.ARM.exidx.text.HAL_UART_MspInit), (8 bytes).
    Removing stm32f4xx_hal_uart.o(.ARM.exidx.text.UART_SetConfig), (8 bytes).
    Removing stm32f4xx_hal_uart.o(.text.HAL_HalfDuplex_Init), (154 bytes).
    Removing stm32f4xx_hal_uart.o(.ARM.exidx.text.HAL_HalfDuplex_Init), (8 bytes).
    Removing stm32f4xx_hal_uart.o(.text.HAL_LIN_Init), (180 bytes).
    Removing stm32f4xx_hal_uart.o(.ARM.exidx.text.HAL_LIN_Init), (8 bytes).
    Removing stm32f4xx_hal_uart.o(.text.HAL_MultiProcessor_Init), (198 bytes).
    Removing stm32f4xx_hal_uart.o(.ARM.exidx.text.HAL_MultiProcessor_Init), (8 bytes).
    Removing stm32f4xx_hal_uart.o(.text.HAL_UART_DeInit), (96 bytes).
    Removing stm32f4xx_hal_uart.o(.ARM.exidx.text.HAL_UART_DeInit), (8 bytes).
    Removing stm32f4xx_hal_uart.o(.text.HAL_UART_MspDeInit), (8 bytes).
    Removing stm32f4xx_hal_uart.o(.ARM.exidx.text.HAL_UART_MspDeInit), (8 bytes).
    Removing stm32f4xx_hal_uart.o(.text.HAL_UART_Transmit), (334 bytes).
    Removing stm32f4xx_hal_uart.o(.ARM.exidx.text.HAL_UART_Transmit), (8 bytes).
    Removing stm32f4xx_hal_uart.o(.text.UART_WaitOnFlagUntilTimeout), (210 bytes).
    Removing stm32f4xx_hal_uart.o(.ARM.exidx.text.UART_WaitOnFlagUntilTimeout), (8 bytes).
    Removing stm32f4xx_hal_uart.o(.text.HAL_UART_Receive), (356 bytes).
    Removing stm32f4xx_hal_uart.o(.ARM.exidx.text.HAL_UART_Receive), (8 bytes).
    Removing stm32f4xx_hal_uart.o(.text.HAL_UART_Transmit_IT), (162 bytes).
    Removing stm32f4xx_hal_uart.o(.ARM.exidx.text.HAL_UART_Transmit_IT), (8 bytes).
    Removing stm32f4xx_hal_uart.o(.text.HAL_UART_Receive_IT), (120 bytes).
    Removing stm32f4xx_hal_uart.o(.ARM.exidx.text.HAL_UART_Receive_IT), (8 bytes).
    Removing stm32f4xx_hal_uart.o(.text.UART_Start_Receive_IT), (110 bytes).
    Removing stm32f4xx_hal_uart.o(.ARM.exidx.text.UART_Start_Receive_IT), (8 bytes).
    Removing stm32f4xx_hal_uart.o(.text.HAL_UART_Transmit_DMA), (272 bytes).
    Removing stm32f4xx_hal_uart.o(.ARM.exidx.text.HAL_UART_Transmit_DMA), (8 bytes).
    Removing stm32f4xx_hal_uart.o(.text.UART_DMATransmitCplt), (122 bytes).
    Removing stm32f4xx_hal_uart.o(.ARM.exidx.text.UART_DMATransmitCplt), (8 bytes).
    Removing stm32f4xx_hal_uart.o(.text.UART_DMATxHalfCplt), (22 bytes).
    Removing stm32f4xx_hal_uart.o(.ARM.exidx.text.UART_DMATxHalfCplt), (8 bytes).
    Removing stm32f4xx_hal_uart.o(.text.UART_DMAError), (124 bytes).
    Removing stm32f4xx_hal_uart.o(.ARM.exidx.text.UART_DMAError), (8 bytes).
    Removing stm32f4xx_hal_uart.o(.text.HAL_UART_Receive_DMA), (120 bytes).
    Removing stm32f4xx_hal_uart.o(.ARM.exidx.text.HAL_UART_Receive_DMA), (8 bytes).
    Removing stm32f4xx_hal_uart.o(.text.UART_Start_Receive_DMA), (280 bytes).
    Removing stm32f4xx_hal_uart.o(.ARM.exidx.text.UART_Start_Receive_DMA), (8 bytes).
    Removing stm32f4xx_hal_uart.o(.text.HAL_UART_DMAPause), (286 bytes).
    Removing stm32f4xx_hal_uart.o(.ARM.exidx.text.HAL_UART_DMAPause), (8 bytes).
    Removing stm32f4xx_hal_uart.o(.text.HAL_UART_DMAResume), (282 bytes).
    Removing stm32f4xx_hal_uart.o(.ARM.exidx.text.HAL_UART_DMAResume), (8 bytes).
    Removing stm32f4xx_hal_uart.o(.text.HAL_UART_DMAStop), (204 bytes).
    Removing stm32f4xx_hal_uart.o(.ARM.exidx.text.HAL_UART_DMAStop), (8 bytes).
    Removing stm32f4xx_hal_uart.o(.text.UART_EndTxTransfer), (54 bytes).
    Removing stm32f4xx_hal_uart.o(.ARM.exidx.text.UART_EndTxTransfer), (8 bytes).
    Removing stm32f4xx_hal_uart.o(.text.UART_EndRxTransfer), (148 bytes).
    Removing stm32f4xx_hal_uart.o(.ARM.exidx.text.UART_EndRxTransfer), (8 bytes).
    Removing stm32f4xx_hal_uart.o(.text.HAL_UARTEx_ReceiveToIdle), (484 bytes).
    Removing stm32f4xx_hal_uart.o(.ARM.exidx.text.HAL_UARTEx_ReceiveToIdle), (8 bytes).
    Removing stm32f4xx_hal_uart.o(.text.HAL_UARTEx_ReceiveToIdle_IT), (222 bytes).
    Removing stm32f4xx_hal_uart.o(.ARM.exidx.text.HAL_UARTEx_ReceiveToIdle_IT), (8 bytes).
    Removing stm32f4xx_hal_uart.o(.text.HAL_UARTEx_ReceiveToIdle_DMA), (222 bytes).
    Removing stm32f4xx_hal_uart.o(.ARM.exidx.text.HAL_UARTEx_ReceiveToIdle_DMA), (8 bytes).
    Removing stm32f4xx_hal_uart.o(.text.HAL_UART_Abort), (406 bytes).
    Removing stm32f4xx_hal_uart.o(.ARM.exidx.text.HAL_UART_Abort), (8 bytes).
    Removing stm32f4xx_hal_uart.o(.text.HAL_UART_AbortTransmit), (186 bytes).
    Removing stm32f4xx_hal_uart.o(.ARM.exidx.text.HAL_UART_AbortTransmit), (8 bytes).
    Removing stm32f4xx_hal_uart.o(.text.HAL_UART_AbortReceive), (278 bytes).
    Removing stm32f4xx_hal_uart.o(.ARM.exidx.text.HAL_UART_AbortReceive), (8 bytes).
    Removing stm32f4xx_hal_uart.o(.text.HAL_UART_Abort_IT), (478 bytes).
    Removing stm32f4xx_hal_uart.o(.ARM.exidx.text.HAL_UART_Abort_IT), (8 bytes).
    Removing stm32f4xx_hal_uart.o(.text.UART_DMATxAbortCallback), (86 bytes).
    Removing stm32f4xx_hal_uart.o(.ARM.exidx.text.UART_DMATxAbortCallback), (8 bytes).
    Removing stm32f4xx_hal_uart.o(.text.UART_DMARxAbortCallback), (86 bytes).
    Removing stm32f4xx_hal_uart.o(.ARM.exidx.text.UART_DMARxAbortCallback), (8 bytes).
    Removing stm32f4xx_hal_uart.o(.text.HAL_UART_AbortCpltCallback), (8 bytes).
    Removing stm32f4xx_hal_uart.o(.ARM.exidx.text.HAL_UART_AbortCpltCallback), (8 bytes).
    Removing stm32f4xx_hal_uart.o(.text.HAL_UART_AbortTransmit_IT), (194 bytes).
    Removing stm32f4xx_hal_uart.o(.ARM.exidx.text.HAL_UART_AbortTransmit_IT), (8 bytes).
    Removing stm32f4xx_hal_uart.o(.text.UART_DMATxOnlyAbortCallback), (36 bytes).
    Removing stm32f4xx_hal_uart.o(.ARM.exidx.text.UART_DMATxOnlyAbortCallback), (8 bytes).
    Removing stm32f4xx_hal_uart.o(.text.HAL_UART_AbortTransmitCpltCallback), (8 bytes).
    Removing stm32f4xx_hal_uart.o(.ARM.exidx.text.HAL_UART_AbortTransmitCpltCallback), (8 bytes).
    Removing stm32f4xx_hal_uart.o(.text.HAL_UART_AbortReceive_IT), (290 bytes).
    Removing stm32f4xx_hal_uart.o(.ARM.exidx.text.HAL_UART_AbortReceive_IT), (8 bytes).
    Removing stm32f4xx_hal_uart.o(.text.UART_DMARxOnlyAbortCallback), (40 bytes).
    Removing stm32f4xx_hal_uart.o(.ARM.exidx.text.UART_DMARxOnlyAbortCallback), (8 bytes).
    Removing stm32f4xx_hal_uart.o(.text.HAL_UART_AbortReceiveCpltCallback), (8 bytes).
    Removing stm32f4xx_hal_uart.o(.ARM.exidx.text.HAL_UART_AbortReceiveCpltCallback), (8 bytes).
    Removing stm32f4xx_hal_uart.o(.text.HAL_UART_IRQHandler), (1054 bytes).
    Removing stm32f4xx_hal_uart.o(.ARM.exidx.text.HAL_UART_IRQHandler), (8 bytes).
    Removing stm32f4xx_hal_uart.o(.text.UART_Receive_IT), (356 bytes).
    Removing stm32f4xx_hal_uart.o(.ARM.exidx.text.UART_Receive_IT), (8 bytes).
    Removing stm32f4xx_hal_uart.o(.text.UART_DMAAbortOnError), (32 bytes).
    Removing stm32f4xx_hal_uart.o(.ARM.exidx.text.UART_DMAAbortOnError), (8 bytes).
    Removing stm32f4xx_hal_uart.o(.text.HAL_UART_ErrorCallback), (8 bytes).
    Removing stm32f4xx_hal_uart.o(.ARM.exidx.text.HAL_UART_ErrorCallback), (8 bytes).
    Removing stm32f4xx_hal_uart.o(.text.HAL_UARTEx_RxEventCallback), (12 bytes).
    Removing stm32f4xx_hal_uart.o(.ARM.exidx.text.HAL_UARTEx_RxEventCallback), (8 bytes).
    Removing stm32f4xx_hal_uart.o(.text.UART_Transmit_IT), (148 bytes).
    Removing stm32f4xx_hal_uart.o(.ARM.exidx.text.UART_Transmit_IT), (8 bytes).
    Removing stm32f4xx_hal_uart.o(.text.UART_EndTransmit_IT), (38 bytes).
    Removing stm32f4xx_hal_uart.o(.ARM.exidx.text.UART_EndTransmit_IT), (8 bytes).
    Removing stm32f4xx_hal_uart.o(.text.HAL_UART_TxCpltCallback), (8 bytes).
    Removing stm32f4xx_hal_uart.o(.ARM.exidx.text.HAL_UART_TxCpltCallback), (8 bytes).
    Removing stm32f4xx_hal_uart.o(.text.HAL_UART_TxHalfCpltCallback), (8 bytes).
    Removing stm32f4xx_hal_uart.o(.ARM.exidx.text.HAL_UART_TxHalfCpltCallback), (8 bytes).
    Removing stm32f4xx_hal_uart.o(.text.HAL_UART_RxCpltCallback), (8 bytes).
    Removing stm32f4xx_hal_uart.o(.ARM.exidx.text.HAL_UART_RxCpltCallback), (8 bytes).
    Removing stm32f4xx_hal_uart.o(.text.HAL_UART_RxHalfCpltCallback), (8 bytes).
    Removing stm32f4xx_hal_uart.o(.ARM.exidx.text.HAL_UART_RxHalfCpltCallback), (8 bytes).
    Removing stm32f4xx_hal_uart.o(.text.HAL_LIN_SendBreak), (120 bytes).
    Removing stm32f4xx_hal_uart.o(.ARM.exidx.text.HAL_LIN_SendBreak), (8 bytes).
    Removing stm32f4xx_hal_uart.o(.text.HAL_MultiProcessor_EnterMuteMode), (120 bytes).
    Removing stm32f4xx_hal_uart.o(.ARM.exidx.text.HAL_MultiProcessor_EnterMuteMode), (8 bytes).
    Removing stm32f4xx_hal_uart.o(.text.HAL_MultiProcessor_ExitMuteMode), (120 bytes).
    Removing stm32f4xx_hal_uart.o(.ARM.exidx.text.HAL_MultiProcessor_ExitMuteMode), (8 bytes).
    Removing stm32f4xx_hal_uart.o(.text.HAL_HalfDuplex_EnableTransmitter), (118 bytes).
    Removing stm32f4xx_hal_uart.o(.ARM.exidx.text.HAL_HalfDuplex_EnableTransmitter), (8 bytes).
    Removing stm32f4xx_hal_uart.o(.text.HAL_HalfDuplex_EnableReceiver), (118 bytes).
    Removing stm32f4xx_hal_uart.o(.ARM.exidx.text.HAL_HalfDuplex_EnableReceiver), (8 bytes).
    Removing stm32f4xx_hal_uart.o(.text.HAL_UART_GetState), (40 bytes).
    Removing stm32f4xx_hal_uart.o(.ARM.exidx.text.HAL_UART_GetState), (8 bytes).
    Removing stm32f4xx_hal_uart.o(.text.HAL_UART_GetError), (12 bytes).
    Removing stm32f4xx_hal_uart.o(.ARM.exidx.text.HAL_UART_GetError), (8 bytes).
    Removing stm32f4xx_hal_uart.o(.text.UART_DMAReceiveCplt), (238 bytes).
    Removing stm32f4xx_hal_uart.o(.ARM.exidx.text.UART_DMAReceiveCplt), (8 bytes).
    Removing stm32f4xx_hal_uart.o(.text.UART_DMARxHalfCplt), (46 bytes).
    Removing stm32f4xx_hal_uart.o(.ARM.exidx.text.UART_DMARxHalfCplt), (8 bytes).
    Removing system_stm32f4xx.o(.text), (0 bytes).
    Removing system_stm32f4xx.o(.ARM.exidx.text.SystemInit), (8 bytes).
    Removing system_stm32f4xx.o(.text.SystemCoreClockUpdate), (302 bytes).
    Removing system_stm32f4xx.o(.ARM.exidx.text.SystemCoreClockUpdate), (8 bytes).
    Removing lcd.o(.text), (0 bytes).
    Removing lcd.o(.ARM.exidx.text.lcd_init), (8 bytes).
    Removing lcd.o(.ARM.exidx.text.lcd_write_port), (8 bytes).
    Removing lcd.o(.ARM.exidx.text.lcd_clock), (8 bytes).
    Removing lcd.o(.ARM.exidx.text.lcd_set_cursor), (8 bytes).
    Removing lcd.o(.ARM.exidx.text.lcd_write_command), (8 bytes).
    Removing lcd.o(.ARM.exidx.text.lcd_write_string), (8 bytes).
    Removing lcd.o(.ARM.exidx.text.lcd_write_data), (8 bytes).
    Removing lcd.o(.ARM.exidx.text.lcd_clear), (8 bytes).
    Removing timer.o(.text), (0 bytes).
    Removing timer.o(.ARM.exidx.text.timer_delay_us), (8 bytes).
    Removing status.o(.text), (0 bytes).
    Removing status.o(.ARM.exidx.text.status_init), (8 bytes).
    Removing status.o(.ARM.exidx.text.status_set), (8 bytes).
    Removing status.o(.ARM.exidx.text.status_get), (8 bytes).
    Removing ui.o(.text), (0 bytes).
    Removing ui.o(.text.ui_init), (18 bytes).
    Removing ui.o(.ARM.exidx.text.ui_init), (8 bytes).
    Removing ui.o(.text.ui_set_cursor), (34 bytes).
    Removing ui.o(.ARM.exidx.text.ui_set_cursor), (8 bytes).
    Removing ui.o(.text.ui_get_cursor), (26 bytes).
    Removing ui.o(.ARM.exidx.text.ui_get_cursor), (8 bytes).
    Removing ui.o(.text.ui_set_page), (24 bytes).
    Removing ui.o(.ARM.exidx.text.ui_set_page), (8 bytes).
    Removing ui.o(.text.ui_get_page), (12 bytes).
    Removing ui.o(.ARM.exidx.text.ui_get_page), (8 bytes).
    Removing ui.o(.bss.ui), (3 bytes).
    Removing keys.o(.text), (0 bytes).
    Removing keys.o(.ARM.exidx.text.HAL_GPIO_EXTI_Callback), (8 bytes).
    Removing modes.o(.text), (0 bytes).
    Removing modes.o(.ARM.exidx.text.mode_init), (8 bytes).
    Removing modes.o(.ARM.exidx.text.mode_set), (8 bytes).
    Removing modes.o(.ARM.exidx.text.mode_get), (8 bytes).
    Removing modes.o(.ARM.exidx.text.mode_choice_run), (8 bytes).
    Removing modes.o(.ARM.exidx.text.mode_help_run), (8 bytes).

962 unused section(s) (total 75651 bytes) removed from the image.

==============================================================================

Image Symbol Table

    Local Symbols

    Symbol Name                              Value     Ov Type        Size  Object(Section)

    ../clib/microlib/division.c              0x00000000   Number         0  uldiv.o ABSOLUTE
    ../clib/microlib/init/entry.s            0x00000000   Number         0  entry.o ABSOLUTE
    ../clib/microlib/init/entry.s            0x00000000   Number         0  entry2.o ABSOLUTE
    ../clib/microlib/init/entry.s            0x00000000   Number         0  entry5.o ABSOLUTE
    ../clib/microlib/init/entry.s            0x00000000   Number         0  entry7a.o ABSOLUTE
    ../clib/microlib/init/entry.s            0x00000000   Number         0  entry7b.o ABSOLUTE
    ../clib/microlib/init/entry.s            0x00000000   Number         0  entry8a.o ABSOLUTE
    ../clib/microlib/init/entry.s            0x00000000   Number         0  entry8b.o ABSOLUTE
    ../clib/microlib/init/entry.s            0x00000000   Number         0  entry9a.o ABSOLUTE
    ../clib/microlib/init/entry.s            0x00000000   Number         0  entry9b.o ABSOLUTE
    ../clib/microlib/init/entry.s            0x00000000   Number         0  entry10a.o ABSOLUTE
    ../clib/microlib/init/entry.s            0x00000000   Number         0  entry10b.o ABSOLUTE
    ../clib/microlib/init/entry.s            0x00000000   Number         0  entry11a.o ABSOLUTE
    ../clib/microlib/init/entry.s            0x00000000   Number         0  entry11b.o ABSOLUTE
    ../clib/microlib/longlong.c              0x00000000   Number         0  llshl.o ABSOLUTE
    ../clib/microlib/longlong.c              0x00000000   Number         0  llushr.o ABSOLUTE
    ../clib/microlib/string/memset.c         0x00000000   Number         0  memseta.o ABSOLUTE
    dc.s                                     0x00000000   Number         0  dc.o ABSOLUTE
    gpio.c                                   0x00000000   Number         0  gpio.o ABSOLUTE
    handlers.s                               0x00000000   Number         0  handlers.o ABSOLUTE
    init.s                                   0x00000000   Number         0  init.o ABSOLUTE
    keys.c                                   0x00000000   Number         0  keys.o ABSOLUTE
    lcd.c                                    0x00000000   Number         0  lcd.o ABSOLUTE
    main.c                                   0x00000000   Number         0  main.o ABSOLUTE
    modes.c                                  0x00000000   Number         0  modes.o ABSOLUTE
    rtc.c                                    0x00000000   Number         0  rtc.o ABSOLUTE
    startup_stm32f407xx.s                    0x00000000   Number         0  startup_stm32f407xx.o ABSOLUTE
    status.c                                 0x00000000   Number         0  status.o ABSOLUTE
    stm32f4xx_hal.c                          0x00000000   Number         0  stm32f4xx_hal.o ABSOLUTE
    stm32f4xx_hal_cortex.c                   0x00000000   Number         0  stm32f4xx_hal_cortex.o ABSOLUTE
    stm32f4xx_hal_dma.c                      0x00000000   Number         0  stm32f4xx_hal_dma.o ABSOLUTE
    stm32f4xx_hal_dma_ex.c                   0x00000000   Number         0  stm32f4xx_hal_dma_ex.o ABSOLUTE
    stm32f4xx_hal_exti.c                     0x00000000   Number         0  stm32f4xx_hal_exti.o ABSOLUTE
    stm32f4xx_hal_flash.c                    0x00000000   Number         0  stm32f4xx_hal_flash.o ABSOLUTE
    stm32f4xx_hal_flash_ex.c                 0x00000000   Number         0  stm32f4xx_hal_flash_ex.o ABSOLUTE
    stm32f4xx_hal_flash_ramfunc.c            0x00000000   Number         0  stm32f4xx_hal_flash_ramfunc.o ABSOLUTE
    stm32f4xx_hal_gpio.c                     0x00000000   Number         0  stm32f4xx_hal_gpio.o ABSOLUTE
    stm32f4xx_hal_msp.c                      0x00000000   Number         0  stm32f4xx_hal_msp.o ABSOLUTE
    stm32f4xx_hal_pwr.c                      0x00000000   Number         0  stm32f4xx_hal_pwr.o ABSOLUTE
    stm32f4xx_hal_pwr_ex.c                   0x00000000   Number         0  stm32f4xx_hal_pwr_ex.o ABSOLUTE
    stm32f4xx_hal_rcc.c                      0x00000000   Number         0  stm32f4xx_hal_rcc.o ABSOLUTE
    stm32f4xx_hal_rcc_ex.c                   0x00000000   Number         0  stm32f4xx_hal_rcc_ex.o ABSOLUTE
    stm32f4xx_hal_rtc.c                      0x00000000   Number         0  stm32f4xx_hal_rtc.o ABSOLUTE
    stm32f4xx_hal_rtc_ex.c                   0x00000000   Number         0  stm32f4xx_hal_rtc_ex.o ABSOLUTE
    stm32f4xx_hal_tim.c                      0x00000000   Number         0  stm32f4xx_hal_tim.o ABSOLUTE
    stm32f4xx_hal_tim_ex.c                   0x00000000   Number         0  stm32f4xx_hal_tim_ex.o ABSOLUTE
    stm32f4xx_hal_uart.c                     0x00000000   Number         0  stm32f4xx_hal_uart.o ABSOLUTE
    stm32f4xx_it.c                           0x00000000   Number         0  stm32f4xx_it.o ABSOLUTE
    system_stm32f4xx.c                       0x00000000   Number         0  system_stm32f4xx.o ABSOLUTE
    tim.c                                    0x00000000   Number         0  tim.o ABSOLUTE
    timer.c                                  0x00000000   Number         0  timer.o ABSOLUTE
    ui.c                                     0x00000000   Number         0  ui.o ABSOLUTE
    usart.c                                  0x00000000   Number         0  usart.o ABSOLUTE
    RESET                                    0x08000000   Section      392  startup_stm32f407xx.o(RESET)
    .ARM.Collect$$$$00000000                 0x08000188   Section        0  entry.o(.ARM.Collect$$$$00000000)
    .ARM.Collect$$$$00000001                 0x08000188   Section        4  entry2.o(.ARM.Collect$$$$00000001)
    .ARM.Collect$$$$00000004                 0x0800018c   Section        4  entry5.o(.ARM.Collect$$$$00000004)
    .ARM.Collect$$$$00000008                 0x08000190   Section        0  entry7b.o(.ARM.Collect$$$$00000008)
    .ARM.Collect$$$$0000000A                 0x08000190   Section        0  entry8b.o(.ARM.Collect$$$$0000000A)
    .ARM.Collect$$$$0000000B                 0x08000190   Section        8  entry9a.o(.ARM.Collect$$$$0000000B)
    __lit__00000000                          0x08000198   Data           4  entry2.o(.ARM.Collect$$$$00002712)
    .ARM.Collect$$$$0000000D                 0x08000198   Section        0  entry10a.o(.ARM.Collect$$$$0000000D)
    .ARM.Collect$$$$0000000F                 0x08000198   Section        0  entry11a.o(.ARM.Collect$$$$0000000F)
    .ARM.Collect$$$$00002712                 0x08000198   Section        4  entry2.o(.ARM.Collect$$$$00002712)
    $v0                                      0x0800019c   Number         0  startup_stm32f407xx.o(.text)
    .text                                    0x0800019c   Section       36  startup_stm32f407xx.o(.text)
    .text                                    0x080001c0   Section        0  uldiv.o(.text)
    .text                                    0x08000222   Section        0  memseta.o(.text)
    .text                                    0x08000246   Section        0  llshl.o(.text)
    .text                                    0x08000264   Section        0  llushr.o(.text)
    .text                                    0x08000284   Section       36  init.o(.text)
    [Anonymous Symbol]                       0x080002a8   Section        0  stm32f4xx_it.o(.text.BusFault_Handler)
    [Anonymous Symbol]                       0x080002ac   Section        0  stm32f4xx_it.o(.text.DebugMon_Handler)
    [Anonymous Symbol]                       0x080002b0   Section        0  stm32f4xx_it.o(.text.EXTI15_10_IRQHandler)
    [Anonymous Symbol]                       0x080002c4   Section        0  stm32f4xx_it.o(.text.EXTI9_5_IRQHandler)
    [Anonymous Symbol]                       0x080002e0   Section        0  main.o(.text.Error_Handler)
    [Anonymous Symbol]                       0x080002f0   Section        0  stm32f4xx_hal.o(.text.HAL_Delay)
    [Anonymous Symbol]                       0x08000334   Section        0  keys.o(.text.HAL_GPIO_EXTI_Callback)
    [Anonymous Symbol]                       0x080003c8   Section        0  stm32f4xx_hal_gpio.o(.text.HAL_GPIO_EXTI_IRQHandler)
    [Anonymous Symbol]                       0x08000400   Section        0  stm32f4xx_hal_gpio.o(.text.HAL_GPIO_Init)
    [Anonymous Symbol]                       0x080007b8   Section        0  stm32f4xx_hal_gpio.o(.text.HAL_GPIO_WritePin)
    [Anonymous Symbol]                       0x080007e8   Section        0  stm32f4xx_hal.o(.text.HAL_GetTick)
    [Anonymous Symbol]                       0x080007f4   Section        0  stm32f4xx_hal.o(.text.HAL_IncTick)
    [Anonymous Symbol]                       0x08000810   Section        0  stm32f4xx_hal.o(.text.HAL_Init)
    [Anonymous Symbol]                       0x08000848   Section        0  stm32f4xx_hal.o(.text.HAL_InitTick)
    [Anonymous Symbol]                       0x080008b8   Section        0  stm32f4xx_hal_msp.o(.text.HAL_MspInit)
    [Anonymous Symbol]                       0x08000904   Section        0  stm32f4xx_hal_cortex.o(.text.HAL_NVIC_EnableIRQ)
    [Anonymous Symbol]                       0x08000918   Section        0  stm32f4xx_hal_cortex.o(.text.HAL_NVIC_SetPriority)
    [Anonymous Symbol]                       0x0800094c   Section        0  stm32f4xx_hal_cortex.o(.text.HAL_NVIC_SetPriorityGrouping)
    [Anonymous Symbol]                       0x0800095c   Section        0  stm32f4xx_hal_rcc_ex.o(.text.HAL_RCCEx_PeriphCLKConfig)
    [Anonymous Symbol]                       0x08000b90   Section        0  stm32f4xx_hal_rcc.o(.text.HAL_RCC_ClockConfig)
    [Anonymous Symbol]                       0x08000df4   Section        0  stm32f4xx_hal_rcc.o(.text.HAL_RCC_GetHCLKFreq)
    [Anonymous Symbol]                       0x08000e00   Section        0  stm32f4xx_hal_rcc.o(.text.HAL_RCC_GetPCLK1Freq)
    [Anonymous Symbol]                       0x08000e24   Section        0  stm32f4xx_hal_rcc.o(.text.HAL_RCC_GetPCLK2Freq)
    [Anonymous Symbol]                       0x08000e48   Section        0  stm32f4xx_hal_rcc.o(.text.HAL_RCC_GetSysClockFreq)
    [Anonymous Symbol]                       0x08000f30   Section        0  stm32f4xx_hal_rcc.o(.text.HAL_RCC_OscConfig)
    [Anonymous Symbol]                       0x080015f0   Section        0  stm32f4xx_hal_rtc_ex.o(.text.HAL_RTCEx_SetWakeUpTimer_IT)
    [Anonymous Symbol]                       0x080017b4   Section        0  stm32f4xx_hal_rtc.o(.text.HAL_RTC_Init)
    [Anonymous Symbol]                       0x080018a0   Section        0  rtc.o(.text.HAL_RTC_MspInit)
    [Anonymous Symbol]                       0x08001900   Section        0  stm32f4xx_hal_rtc.o(.text.HAL_RTC_SetDate)
    [Anonymous Symbol]                       0x08001a28   Section        0  stm32f4xx_hal_rtc.o(.text.HAL_RTC_SetTime)
    [Anonymous Symbol]                       0x08001b80   Section        0  stm32f4xx_hal_rtc.o(.text.HAL_RTC_WaitForSynchro)
    [Anonymous Symbol]                       0x08001bd8   Section        0  stm32f4xx_hal_cortex.o(.text.HAL_SYSTICK_Config)
    [Anonymous Symbol]                       0x08001be8   Section        0  stm32f4xx_hal_tim_ex.o(.text.HAL_TIMEx_ConfigBreakDeadTime)
    [Anonymous Symbol]                       0x08001c9c   Section        0  stm32f4xx_hal_tim_ex.o(.text.HAL_TIMEx_MasterConfigSynchronization)
    [Anonymous Symbol]                       0x08001dc0   Section        0  stm32f4xx_hal_tim.o(.text.HAL_TIM_Base_Init)
    [Anonymous Symbol]                       0x08001e5c   Section        0  tim.o(.text.HAL_TIM_Base_MspInit)
    [Anonymous Symbol]                       0x08001e9c   Section        0  tim.o(.text.HAL_TIM_MspPostInit)
    [Anonymous Symbol]                       0x08001f08   Section        0  stm32f4xx_hal_tim.o(.text.HAL_TIM_OnePulse_Init)
    [Anonymous Symbol]                       0x08001f98   Section        0  stm32f4xx_hal_tim.o(.text.HAL_TIM_OnePulse_MspInit)
    [Anonymous Symbol]                       0x08001fa0   Section        0  stm32f4xx_hal_tim.o(.text.HAL_TIM_PWM_ConfigChannel)
    [Anonymous Symbol]                       0x080020e4   Section        0  stm32f4xx_hal_tim.o(.text.HAL_TIM_PWM_Init)
    [Anonymous Symbol]                       0x08002180   Section        0  tim.o(.text.HAL_TIM_PWM_MspInit)
    [Anonymous Symbol]                       0x080021bc   Section        0  stm32f4xx_hal_uart.o(.text.HAL_UART_Init)
    [Anonymous Symbol]                       0x08002258   Section        0  usart.o(.text.HAL_UART_MspInit)
    [Anonymous Symbol]                       0x080022e4   Section        0  stm32f4xx_it.o(.text.HardFault_Handler)
    [Anonymous Symbol]                       0x080022e8   Section        0  gpio.o(.text.MX_GPIO_Init)
    [Anonymous Symbol]                       0x08002574   Section        0  rtc.o(.text.MX_RTC_Init)
    [Anonymous Symbol]                       0x08002640   Section        0  tim.o(.text.MX_TIM1_Init)
    [Anonymous Symbol]                       0x08002720   Section        0  tim.o(.text.MX_TIM6_Init)
    [Anonymous Symbol]                       0x08002794   Section        0  usart.o(.text.MX_UART4_Init)
    [Anonymous Symbol]                       0x080027d4   Section        0  stm32f4xx_it.o(.text.MemManage_Handler)
    [Anonymous Symbol]                       0x080027d8   Section        0  stm32f4xx_it.o(.text.NMI_Handler)
    NVIC_EncodePriority                      0x080027dd   Thumb Code   108  stm32f4xx_hal_cortex.o(.text.NVIC_EncodePriority)
    [Anonymous Symbol]                       0x080027dc   Section        0  stm32f4xx_hal_cortex.o(.text.NVIC_EncodePriority)
    [Anonymous Symbol]                       0x08002848   Section        0  stm32f4xx_it.o(.text.PendSV_Handler)
    [Anonymous Symbol]                       0x0800284c   Section        0  stm32f4xx_hal_rtc.o(.text.RTC_ByteToBcd2)
    [Anonymous Symbol]                       0x08002890   Section        0  stm32f4xx_hal_rtc.o(.text.RTC_EnterInitMode)
    [Anonymous Symbol]                       0x08002914   Section        0  stm32f4xx_hal_rtc.o(.text.RTC_ExitInitMode)
    [Anonymous Symbol]                       0x0800295c   Section        0  stm32f4xx_it.o(.text.SVC_Handler)
    SysTick_Config                           0x08002961   Thumb Code    82  stm32f4xx_hal_cortex.o(.text.SysTick_Config)
    [Anonymous Symbol]                       0x08002960   Section        0  stm32f4xx_hal_cortex.o(.text.SysTick_Config)
    [Anonymous Symbol]                       0x080029b4   Section        0  stm32f4xx_it.o(.text.SysTick_Handler)
    [Anonymous Symbol]                       0x080029bc   Section        0  main.o(.text.SystemClock_Config)
    [Anonymous Symbol]                       0x08002a5c   Section        0  system_stm32f4xx.o(.text.SystemInit)
    [Anonymous Symbol]                       0x08002a70   Section        0  stm32f4xx_hal_tim.o(.text.TIM_Base_SetConfig)
    TIM_OC1_SetConfig                        0x08002c0d   Thumb Code   234  stm32f4xx_hal_tim.o(.text.TIM_OC1_SetConfig)
    [Anonymous Symbol]                       0x08002c0c   Section        0  stm32f4xx_hal_tim.o(.text.TIM_OC1_SetConfig)
    [Anonymous Symbol]                       0x08002cf8   Section        0  stm32f4xx_hal_tim.o(.text.TIM_OC2_SetConfig)
    TIM_OC3_SetConfig                        0x08002ded   Thumb Code   242  stm32f4xx_hal_tim.o(.text.TIM_OC3_SetConfig)
    [Anonymous Symbol]                       0x08002dec   Section        0  stm32f4xx_hal_tim.o(.text.TIM_OC3_SetConfig)
    TIM_OC4_SetConfig                        0x08002ee1   Thumb Code   164  stm32f4xx_hal_tim.o(.text.TIM_OC4_SetConfig)
    [Anonymous Symbol]                       0x08002ee0   Section        0  stm32f4xx_hal_tim.o(.text.TIM_OC4_SetConfig)
    UART_SetConfig                           0x08002f85   Thumb Code   314  stm32f4xx_hal_uart.o(.text.UART_SetConfig)
    [Anonymous Symbol]                       0x08002f84   Section        0  stm32f4xx_hal_uart.o(.text.UART_SetConfig)
    [Anonymous Symbol]                       0x080030c0   Section        0  stm32f4xx_it.o(.text.UsageFault_Handler)
    __NVIC_EnableIRQ                         0x080030c5   Thumb Code    48  stm32f4xx_hal_cortex.o(.text.__NVIC_EnableIRQ)
    [Anonymous Symbol]                       0x080030c4   Section        0  stm32f4xx_hal_cortex.o(.text.__NVIC_EnableIRQ)
    __NVIC_GetPriorityGrouping               0x080030f5   Thumb Code    16  stm32f4xx_hal_cortex.o(.text.__NVIC_GetPriorityGrouping)
    [Anonymous Symbol]                       0x080030f4   Section        0  stm32f4xx_hal_cortex.o(.text.__NVIC_GetPriorityGrouping)
    __NVIC_SetPriority                       0x08003105   Thumb Code    66  stm32f4xx_hal_cortex.o(.text.__NVIC_SetPriority)
    [Anonymous Symbol]                       0x08003104   Section        0  stm32f4xx_hal_cortex.o(.text.__NVIC_SetPriority)
    __NVIC_SetPriorityGrouping               0x08003149   Thumb Code    60  stm32f4xx_hal_cortex.o(.text.__NVIC_SetPriorityGrouping)
    [Anonymous Symbol]                       0x08003148   Section        0  stm32f4xx_hal_cortex.o(.text.__NVIC_SetPriorityGrouping)
    [Anonymous Symbol]                       0x08003184   Section        0  lcd.o(.text.lcd_clear)
    lcd_clock                                0x080031a5   Thumb Code    54  lcd.o(.text.lcd_clock)
    [Anonymous Symbol]                       0x080031a4   Section        0  lcd.o(.text.lcd_clock)
    [Anonymous Symbol]                       0x080031dc   Section        0  lcd.o(.text.lcd_init)
    [Anonymous Symbol]                       0x08003284   Section        0  lcd.o(.text.lcd_set_cursor)
    lcd_write_command                        0x080032c1   Thumb Code    42  lcd.o(.text.lcd_write_command)
    [Anonymous Symbol]                       0x080032c0   Section        0  lcd.o(.text.lcd_write_command)
    lcd_write_data                           0x080032ed   Thumb Code    72  lcd.o(.text.lcd_write_data)
    [Anonymous Symbol]                       0x080032ec   Section        0  lcd.o(.text.lcd_write_data)
    lcd_write_port                           0x08003335   Thumb Code   198  lcd.o(.text.lcd_write_port)
    [Anonymous Symbol]                       0x08003334   Section        0  lcd.o(.text.lcd_write_port)
    [Anonymous Symbol]                       0x080033fc   Section        0  lcd.o(.text.lcd_write_string)
    [Anonymous Symbol]                       0x08003440   Section        0  main.o(.text.main)
    [Anonymous Symbol]                       0x080034ac   Section        0  modes.o(.text.mode_choice_run)
    [Anonymous Symbol]                       0x08003500   Section        0  modes.o(.text.mode_get)
    [Anonymous Symbol]                       0x0800350c   Section        0  modes.o(.text.mode_help_run)
    [Anonymous Symbol]                       0x08003558   Section        0  modes.o(.text.mode_init)
    [Anonymous Symbol]                       0x08003568   Section        0  modes.o(.text.mode_set)
    [Anonymous Symbol]                       0x08003580   Section        0  status.o(.text.status_get)
    [Anonymous Symbol]                       0x0800358c   Section        0  status.o(.text.status_init)
    [Anonymous Symbol]                       0x0800359c   Section        0  status.o(.text.status_set)
    [Anonymous Symbol]                       0x080035b4   Section        0  timer.o(.text.timer_delay_us)
    i.__scatterload_copy                     0x0800360e   Section       14  handlers.o(i.__scatterload_copy)
    i.__scatterload_null                     0x0800361c   Section        2  handlers.o(i.__scatterload_null)
    i.__scatterload_zeroinit                 0x0800361e   Section       14  handlers.o(i.__scatterload_zeroinit)
    .L.str                                   0x08003644   Data          17  modes.o(.rodata.str1.1)
    [Anonymous Symbol]                       0x08003644   Section        0  modes.o(.rodata.str1.1)
    .L.str.1                                 0x08003655   Data          14  modes.o(.rodata.str1.1)
    mode                                     0x20000104   Data           1  modes.o(.bss.mode)
    [Anonymous Symbol]                       0x20000104   Section        0  modes.o(.bss.mode)
    status                                   0x20000106   Data           2  status.o(.bss.status)
    [Anonymous Symbol]                       0x20000106   Section        0  status.o(.bss.status)
    STACK                                    0x20000110   Section     1024  startup_stm32f407xx.o(STACK)

    Global Symbols

    Symbol Name                              Value     Ov Type        Size  Object(Section)

    BuildAttributes$$THM_ISAv4$E$P$D$K$B$S$7EM$VFPi3$EXTD16$VFPS$VFMA$PE$A:L22UL41UL21$X:L11$S22US41US21$IEEE1$IW$~IW$USESV6$~STKCKD$USESV7$~SHL$OSPACE$EBA8$MICROLIB$REQ8$PRES8$EABIv2 0x00000000   Number         0  anon$$obj.o ABSOLUTE
    __cpp_initialize__aeabi_                  - Undefined Weak Reference
    __cxa_finalize                            - Undefined Weak Reference
    __decompress                              - Undefined Weak Reference
    _clock_init                               - Undefined Weak Reference
    _microlib_exit                            - Undefined Weak Reference
    __Vectors_Size                           0x00000188   Number         0  startup_stm32f407xx.o ABSOLUTE
    __Vectors                                0x08000000   Data           4  startup_stm32f407xx.o(RESET)
    __Vectors_End                            0x08000188   Data           0  startup_stm32f407xx.o(RESET)
    __main                                   0x08000189   Thumb Code     0  entry.o(.ARM.Collect$$$$00000000)
    _main_stk                                0x08000189   Thumb Code     0  entry2.o(.ARM.Collect$$$$00000001)
    _main_scatterload                        0x0800018d   Thumb Code     0  entry5.o(.ARM.Collect$$$$00000004)
    __main_after_scatterload                 0x08000191   Thumb Code     0  entry5.o(.ARM.Collect$$$$00000004)
    _main_clock                              0x08000191   Thumb Code     0  entry7b.o(.ARM.Collect$$$$00000008)
    _main_cpp_init                           0x08000191   Thumb Code     0  entry8b.o(.ARM.Collect$$$$0000000A)
    _main_init                               0x08000191   Thumb Code     0  entry9a.o(.ARM.Collect$$$$0000000B)
    __rt_final_cpp                           0x08000199   Thumb Code     0  entry10a.o(.ARM.Collect$$$$0000000D)
    __rt_final_exit                          0x08000199   Thumb Code     0  entry11a.o(.ARM.Collect$$$$0000000F)
    Reset_Handler                            0x0800019d   Thumb Code     8  startup_stm32f407xx.o(.text)
    ADC_IRQHandler                           0x080001b7   Thumb Code     0  startup_stm32f407xx.o(.text)
    CAN1_RX0_IRQHandler                      0x080001b7   Thumb Code     0  startup_stm32f407xx.o(.text)
    CAN1_RX1_IRQHandler                      0x080001b7   Thumb Code     0  startup_stm32f407xx.o(.text)
    CAN1_SCE_IRQHandler                      0x080001b7   Thumb Code     0  startup_stm32f407xx.o(.text)
    CAN1_TX_IRQHandler                       0x080001b7   Thumb Code     0  startup_stm32f407xx.o(.text)
    CAN2_RX0_IRQHandler                      0x080001b7   Thumb Code     0  startup_stm32f407xx.o(.text)
    CAN2_RX1_IRQHandler                      0x080001b7   Thumb Code     0  startup_stm32f407xx.o(.text)
    CAN2_SCE_IRQHandler                      0x080001b7   Thumb Code     0  startup_stm32f407xx.o(.text)
    CAN2_TX_IRQHandler                       0x080001b7   Thumb Code     0  startup_stm32f407xx.o(.text)
    DCMI_IRQHandler                          0x080001b7   Thumb Code     0  startup_stm32f407xx.o(.text)
    DMA1_Stream0_IRQHandler                  0x080001b7   Thumb Code     0  startup_stm32f407xx.o(.text)
    DMA1_Stream1_IRQHandler                  0x080001b7   Thumb Code     0  startup_stm32f407xx.o(.text)
    DMA1_Stream2_IRQHandler                  0x080001b7   Thumb Code     0  startup_stm32f407xx.o(.text)
    DMA1_Stream3_IRQHandler                  0x080001b7   Thumb Code     0  startup_stm32f407xx.o(.text)
    DMA1_Stream4_IRQHandler                  0x080001b7   Thumb Code     0  startup_stm32f407xx.o(.text)
    DMA1_Stream5_IRQHandler                  0x080001b7   Thumb Code     0  startup_stm32f407xx.o(.text)
    DMA1_Stream6_IRQHandler                  0x080001b7   Thumb Code     0  startup_stm32f407xx.o(.text)
    DMA1_Stream7_IRQHandler                  0x080001b7   Thumb Code     0  startup_stm32f407xx.o(.text)
    DMA2_Stream0_IRQHandler                  0x080001b7   Thumb Code     0  startup_stm32f407xx.o(.text)
    DMA2_Stream1_IRQHandler                  0x080001b7   Thumb Code     0  startup_stm32f407xx.o(.text)
    DMA2_Stream2_IRQHandler                  0x080001b7   Thumb Code     0  startup_stm32f407xx.o(.text)
    DMA2_Stream3_IRQHandler                  0x080001b7   Thumb Code     0  startup_stm32f407xx.o(.text)
    DMA2_Stream4_IRQHandler                  0x080001b7   Thumb Code     0  startup_stm32f407xx.o(.text)
    DMA2_Stream5_IRQHandler                  0x080001b7   Thumb Code     0  startup_stm32f407xx.o(.text)
    DMA2_Stream6_IRQHandler                  0x080001b7   Thumb Code     0  startup_stm32f407xx.o(.text)
    DMA2_Stream7_IRQHandler                  0x080001b7   Thumb Code     0  startup_stm32f407xx.o(.text)
    ETH_IRQHandler                           0x080001b7   Thumb Code     0  startup_stm32f407xx.o(.text)
    ETH_WKUP_IRQHandler                      0x080001b7   Thumb Code     0  startup_stm32f407xx.o(.text)
    EXTI0_IRQHandler                         0x080001b7   Thumb Code     0  startup_stm32f407xx.o(.text)
    EXTI1_IRQHandler                         0x080001b7   Thumb Code     0  startup_stm32f407xx.o(.text)
    EXTI2_IRQHandler                         0x080001b7   Thumb Code     0  startup_stm32f407xx.o(.text)
    EXTI3_IRQHandler                         0x080001b7   Thumb Code     0  startup_stm32f407xx.o(.text)
    EXTI4_IRQHandler                         0x080001b7   Thumb Code     0  startup_stm32f407xx.o(.text)
    FLASH_IRQHandler                         0x080001b7   Thumb Code     0  startup_stm32f407xx.o(.text)
    FMC_IRQHandler                           0x080001b7   Thumb Code     0  startup_stm32f407xx.o(.text)
    FPU_IRQHandler                           0x080001b7   Thumb Code     0  startup_stm32f407xx.o(.text)
    HASH_RNG_IRQHandler                      0x080001b7   Thumb Code     0  startup_stm32f407xx.o(.text)
    I2C1_ER_IRQHandler                       0x080001b7   Thumb Code     0  startup_stm32f407xx.o(.text)
    I2C1_EV_IRQHandler                       0x080001b7   Thumb Code     0  startup_stm32f407xx.o(.text)
    I2C2_ER_IRQHandler                       0x080001b7   Thumb Code     0  startup_stm32f407xx.o(.text)
    I2C2_EV_IRQHandler                       0x080001b7   Thumb Code     0  startup_stm32f407xx.o(.text)
    I2C3_ER_IRQHandler                       0x080001b7   Thumb Code     0  startup_stm32f407xx.o(.text)
    I2C3_EV_IRQHandler                       0x080001b7   Thumb Code     0  startup_stm32f407xx.o(.text)
    OTG_FS_IRQHandler                        0x080001b7   Thumb Code     0  startup_stm32f407xx.o(.text)
    OTG_FS_WKUP_IRQHandler                   0x080001b7   Thumb Code     0  startup_stm32f407xx.o(.text)
    OTG_HS_EP1_IN_IRQHandler                 0x080001b7   Thumb Code     0  startup_stm32f407xx.o(.text)
    OTG_HS_EP1_OUT_IRQHandler                0x080001b7   Thumb Code     0  startup_stm32f407xx.o(.text)
    OTG_HS_IRQHandler                        0x080001b7   Thumb Code     0  startup_stm32f407xx.o(.text)
    OTG_HS_WKUP_IRQHandler                   0x080001b7   Thumb Code     0  startup_stm32f407xx.o(.text)
    PVD_IRQHandler                           0x080001b7   Thumb Code     0  startup_stm32f407xx.o(.text)
    RCC_IRQHandler                           0x080001b7   Thumb Code     0  startup_stm32f407xx.o(.text)
    RTC_Alarm_IRQHandler                     0x080001b7   Thumb Code     0  startup_stm32f407xx.o(.text)
    RTC_WKUP_IRQHandler                      0x080001b7   Thumb Code     0  startup_stm32f407xx.o(.text)
    SDIO_IRQHandler                          0x080001b7   Thumb Code     0  startup_stm32f407xx.o(.text)
    SPI1_IRQHandler                          0x080001b7   Thumb Code     0  startup_stm32f407xx.o(.text)
    SPI2_IRQHandler                          0x080001b7   Thumb Code     0  startup_stm32f407xx.o(.text)
    SPI3_IRQHandler                          0x080001b7   Thumb Code     0  startup_stm32f407xx.o(.text)
    TAMP_STAMP_IRQHandler                    0x080001b7   Thumb Code     0  startup_stm32f407xx.o(.text)
    TIM1_BRK_TIM9_IRQHandler                 0x080001b7   Thumb Code     0  startup_stm32f407xx.o(.text)
    TIM1_CC_IRQHandler                       0x080001b7   Thumb Code     0  startup_stm32f407xx.o(.text)
    TIM1_TRG_COM_TIM11_IRQHandler            0x080001b7   Thumb Code     0  startup_stm32f407xx.o(.text)
    TIM1_UP_TIM10_IRQHandler                 0x080001b7   Thumb Code     0  startup_stm32f407xx.o(.text)
    TIM2_IRQHandler                          0x080001b7   Thumb Code     0  startup_stm32f407xx.o(.text)
    TIM3_IRQHandler                          0x080001b7   Thumb Code     0  startup_stm32f407xx.o(.text)
    TIM4_IRQHandler                          0x080001b7   Thumb Code     0  startup_stm32f407xx.o(.text)
    TIM5_IRQHandler                          0x080001b7   Thumb Code     0  startup_stm32f407xx.o(.text)
    TIM6_DAC_IRQHandler                      0x080001b7   Thumb Code     0  startup_stm32f407xx.o(.text)
    TIM7_IRQHandler                          0x080001b7   Thumb Code     0  startup_stm32f407xx.o(.text)
    TIM8_BRK_TIM12_IRQHandler                0x080001b7   Thumb Code     0  startup_stm32f407xx.o(.text)
    TIM8_CC_IRQHandler                       0x080001b7   Thumb Code     0  startup_stm32f407xx.o(.text)
    TIM8_TRG_COM_TIM14_IRQHandler            0x080001b7   Thumb Code     0  startup_stm32f407xx.o(.text)
    TIM8_UP_TIM13_IRQHandler                 0x080001b7   Thumb Code     0  startup_stm32f407xx.o(.text)
    UART4_IRQHandler                         0x080001b7   Thumb Code     0  startup_stm32f407xx.o(.text)
    UART5_IRQHandler                         0x080001b7   Thumb Code     0  startup_stm32f407xx.o(.text)
    USART1_IRQHandler                        0x080001b7   Thumb Code     0  startup_stm32f407xx.o(.text)
    USART2_IRQHandler                        0x080001b7   Thumb Code     0  startup_stm32f407xx.o(.text)
    USART3_IRQHandler                        0x080001b7   Thumb Code     0  startup_stm32f407xx.o(.text)
    USART6_IRQHandler                        0x080001b7   Thumb Code     0  startup_stm32f407xx.o(.text)
    WWDG_IRQHandler                          0x080001b7   Thumb Code     0  startup_stm32f407xx.o(.text)
    __aeabi_uldivmod                         0x080001c1   Thumb Code    98  uldiv.o(.text)
    __aeabi_memset                           0x08000223   Thumb Code    14  memseta.o(.text)
    __aeabi_memset4                          0x08000223   Thumb Code     0  memseta.o(.text)
    __aeabi_memset8                          0x08000223   Thumb Code     0  memseta.o(.text)
    __aeabi_memclr                           0x08000231   Thumb Code     4  memseta.o(.text)
    __aeabi_memclr4                          0x08000231   Thumb Code     0  memseta.o(.text)
    __aeabi_memclr8                          0x08000231   Thumb Code     0  memseta.o(.text)
    _memset$wrapper                          0x08000235   Thumb Code    18  memseta.o(.text)
    __aeabi_llsl                             0x08000247   Thumb Code    30  llshl.o(.text)
    _ll_shift_l                              0x08000247   Thumb Code     0  llshl.o(.text)
    __aeabi_llsr                             0x08000265   Thumb Code    32  llushr.o(.text)
    _ll_ushift_r                             0x08000265   Thumb Code     0  llushr.o(.text)
    __scatterload                            0x08000285   Thumb Code    28  init.o(.text)
    __scatterload_rt2                        0x08000285   Thumb Code     0  init.o(.text)
    BusFault_Handler                         0x080002a9   Thumb Code     4  stm32f4xx_it.o(.text.BusFault_Handler)
    DebugMon_Handler                         0x080002ad   Thumb Code     2  stm32f4xx_it.o(.text.DebugMon_Handler)
    EXTI15_10_IRQHandler                     0x080002b1   Thumb Code    20  stm32f4xx_it.o(.text.EXTI15_10_IRQHandler)
    EXTI9_5_IRQHandler                       0x080002c5   Thumb Code    26  stm32f4xx_it.o(.text.EXTI9_5_IRQHandler)
    Error_Handler                            0x080002e1   Thumb Code    14  main.o(.text.Error_Handler)
    HAL_Delay                                0x080002f1   Thumb Code    66  stm32f4xx_hal.o(.text.HAL_Delay)
    HAL_GPIO_EXTI_Callback                   0x08000335   Thumb Code   148  keys.o(.text.HAL_GPIO_EXTI_Callback)
    HAL_GPIO_EXTI_IRQHandler                 0x080003c9   Thumb Code    56  stm32f4xx_hal_gpio.o(.text.HAL_GPIO_EXTI_IRQHandler)
    HAL_GPIO_Init                            0x08000401   Thumb Code   950  stm32f4xx_hal_gpio.o(.text.HAL_GPIO_Init)
    HAL_GPIO_WritePin                        0x080007b9   Thumb Code    46  stm32f4xx_hal_gpio.o(.text.HAL_GPIO_WritePin)
    HAL_GetTick                              0x080007e9   Thumb Code    12  stm32f4xx_hal.o(.text.HAL_GetTick)
    HAL_IncTick                              0x080007f5   Thumb Code    26  stm32f4xx_hal.o(.text.HAL_IncTick)
    HAL_Init                                 0x08000811   Thumb Code    54  stm32f4xx_hal.o(.text.HAL_Init)
    HAL_InitTick                             0x08000849   Thumb Code   112  stm32f4xx_hal.o(.text.HAL_InitTick)
    HAL_MspInit                              0x080008b9   Thumb Code    74  stm32f4xx_hal_msp.o(.text.HAL_MspInit)
    HAL_NVIC_EnableIRQ                       0x08000905   Thumb Code    20  stm32f4xx_hal_cortex.o(.text.HAL_NVIC_EnableIRQ)
    HAL_NVIC_SetPriority                     0x08000919   Thumb Code    50  stm32f4xx_hal_cortex.o(.text.HAL_NVIC_SetPriority)
    HAL_NVIC_SetPriorityGrouping             0x0800094d   Thumb Code    16  stm32f4xx_hal_cortex.o(.text.HAL_NVIC_SetPriorityGrouping)
    HAL_RCCEx_PeriphCLKConfig                0x0800095d   Thumb Code   564  stm32f4xx_hal_rcc_ex.o(.text.HAL_RCCEx_PeriphCLKConfig)
    HAL_RCC_ClockConfig                      0x08000b91   Thumb Code   610  stm32f4xx_hal_rcc.o(.text.HAL_RCC_ClockConfig)
    HAL_RCC_GetHCLKFreq                      0x08000df5   Thumb Code    12  stm32f4xx_hal_rcc.o(.text.HAL_RCC_GetHCLKFreq)
    HAL_RCC_GetPCLK1Freq                     0x08000e01   Thumb Code    34  stm32f4xx_hal_rcc.o(.text.HAL_RCC_GetPCLK1Freq)
    HAL_RCC_GetPCLK2Freq                     0x08000e25   Thumb Code    34  stm32f4xx_hal_rcc.o(.text.HAL_RCC_GetPCLK2Freq)
    HAL_RCC_GetSysClockFreq                  0x08000e49   Thumb Code   230  stm32f4xx_hal_rcc.o(.text.HAL_RCC_GetSysClockFreq)
    HAL_RCC_OscConfig                        0x08000f31   Thumb Code  1726  stm32f4xx_hal_rcc.o(.text.HAL_RCC_OscConfig)
    HAL_RTCEx_SetWakeUpTimer_IT              0x080015f1   Thumb Code   452  stm32f4xx_hal_rtc_ex.o(.text.HAL_RTCEx_SetWakeUpTimer_IT)
    HAL_RTC_Init                             0x080017b5   Thumb Code   234  stm32f4xx_hal_rtc.o(.text.HAL_RTC_Init)
    HAL_RTC_MspInit                          0x080018a1   Thumb Code    96  rtc.o(.text.HAL_RTC_MspInit)
    HAL_RTC_SetDate                          0x08001901   Thumb Code   294  stm32f4xx_hal_rtc.o(.text.HAL_RTC_SetDate)
    HAL_RTC_SetTime                          0x08001a29   Thumb Code   342  stm32f4xx_hal_rtc.o(.text.HAL_RTC_SetTime)
    HAL_RTC_WaitForSynchro                   0x08001b81   Thumb Code    86  stm32f4xx_hal_rtc.o(.text.HAL_RTC_WaitForSynchro)
    HAL_SYSTICK_Config                       0x08001bd9   Thumb Code    16  stm32f4xx_hal_cortex.o(.text.HAL_SYSTICK_Config)
    HAL_TIMEx_ConfigBreakDeadTime            0x08001be9   Thumb Code   178  stm32f4xx_hal_tim_ex.o(.text.HAL_TIMEx_ConfigBreakDeadTime)
    HAL_TIMEx_MasterConfigSynchronization    0x08001c9d   Thumb Code   290  stm32f4xx_hal_tim_ex.o(.text.HAL_TIMEx_MasterConfigSynchronization)
    HAL_TIM_Base_Init                        0x08001dc1   Thumb Code   156  stm32f4xx_hal_tim.o(.text.HAL_TIM_Base_Init)
    HAL_TIM_Base_MspInit                     0x08001e5d   Thumb Code    62  tim.o(.text.HAL_TIM_Base_MspInit)
    HAL_TIM_MspPostInit                      0x08001e9d   Thumb Code   108  tim.o(.text.HAL_TIM_MspPostInit)
    HAL_TIM_OnePulse_Init                    0x08001f09   Thumb Code   144  stm32f4xx_hal_tim.o(.text.HAL_TIM_OnePulse_Init)
    HAL_TIM_OnePulse_MspInit                 0x08001f99   Thumb Code     8  stm32f4xx_hal_tim.o(.text.HAL_TIM_OnePulse_MspInit)
    HAL_TIM_PWM_ConfigChannel                0x08001fa1   Thumb Code   322  stm32f4xx_hal_tim.o(.text.HAL_TIM_PWM_ConfigChannel)
    HAL_TIM_PWM_Init                         0x080020e5   Thumb Code   156  stm32f4xx_hal_tim.o(.text.HAL_TIM_PWM_Init)
    HAL_TIM_PWM_MspInit                      0x08002181   Thumb Code    60  tim.o(.text.HAL_TIM_PWM_MspInit)
    HAL_UART_Init                            0x080021bd   Thumb Code   154  stm32f4xx_hal_uart.o(.text.HAL_UART_Init)
    HAL_UART_MspInit                         0x08002259   Thumb Code   140  usart.o(.text.HAL_UART_MspInit)
    HardFault_Handler                        0x080022e5   Thumb Code     4  stm32f4xx_it.o(.text.HardFault_Handler)
    MX_GPIO_Init                             0x080022e9   Thumb Code   652  gpio.o(.text.MX_GPIO_Init)
    MX_RTC_Init                              0x08002575   Thumb Code   204  rtc.o(.text.MX_RTC_Init)
    MX_TIM1_Init                             0x08002641   Thumb Code   224  tim.o(.text.MX_TIM1_Init)
    MX_TIM6_Init                             0x08002721   Thumb Code   114  tim.o(.text.MX_TIM6_Init)
    MX_UART4_Init                            0x08002795   Thumb Code    64  usart.o(.text.MX_UART4_Init)
    MemManage_Handler                        0x080027d5   Thumb Code     4  stm32f4xx_it.o(.text.MemManage_Handler)
    NMI_Handler                              0x080027d9   Thumb Code     4  stm32f4xx_it.o(.text.NMI_Handler)
    PendSV_Handler                           0x08002849   Thumb Code     2  stm32f4xx_it.o(.text.PendSV_Handler)
    RTC_ByteToBcd2                           0x0800284d   Thumb Code    66  stm32f4xx_hal_rtc.o(.text.RTC_ByteToBcd2)
    RTC_EnterInitMode                        0x08002891   Thumb Code   130  stm32f4xx_hal_rtc.o(.text.RTC_EnterInitMode)
    RTC_ExitInitMode                         0x08002915   Thumb Code    72  stm32f4xx_hal_rtc.o(.text.RTC_ExitInitMode)
    SVC_Handler                              0x0800295d   Thumb Code     2  stm32f4xx_it.o(.text.SVC_Handler)
    SysTick_Handler                          0x080029b5   Thumb Code     8  stm32f4xx_it.o(.text.SysTick_Handler)
    SystemClock_Config                       0x080029bd   Thumb Code   160  main.o(.text.SystemClock_Config)
    SystemInit                               0x08002a5d   Thumb Code    18  system_stm32f4xx.o(.text.SystemInit)
    TIM_Base_SetConfig                       0x08002a71   Thumb Code   410  stm32f4xx_hal_tim.o(.text.TIM_Base_SetConfig)
    TIM_OC2_SetConfig                        0x08002cf9   Thumb Code   244  stm32f4xx_hal_tim.o(.text.TIM_OC2_SetConfig)
    UsageFault_Handler                       0x080030c1   Thumb Code     4  stm32f4xx_it.o(.text.UsageFault_Handler)
    lcd_clear                                0x08003185   Thumb Code    32  lcd.o(.text.lcd_clear)
    lcd_init                                 0x080031dd   Thumb Code   168  lcd.o(.text.lcd_init)
    lcd_set_cursor                           0x08003285   Thumb Code    60  lcd.o(.text.lcd_set_cursor)
    lcd_write_string                         0x080033fd   Thumb Code    66  lcd.o(.text.lcd_write_string)
    main                                     0x08003441   Thumb Code   106  main.o(.text.main)
    mode_choice_run                          0x080034ad   Thumb Code    82  modes.o(.text.mode_choice_run)
    mode_get                                 0x08003501   Thumb Code    12  modes.o(.text.mode_get)
    mode_help_run                            0x0800350d   Thumb Code    76  modes.o(.text.mode_help_run)
    mode_init                                0x08003559   Thumb Code    14  modes.o(.text.mode_init)
    mode_set                                 0x08003569   Thumb Code    24  modes.o(.text.mode_set)
    status_get                               0x08003581   Thumb Code    12  status.o(.text.status_get)
    status_init                              0x0800358d   Thumb Code    14  status.o(.text.status_init)
    status_set                               0x0800359d   Thumb Code    24  status.o(.text.status_set)
    timer_delay_us                           0x080035b5   Thumb Code    90  timer.o(.text.timer_delay_us)
    __scatterload_copy                       0x0800360f   Thumb Code    14  handlers.o(i.__scatterload_copy)
    __scatterload_null                       0x0800361d   Thumb Code     2  handlers.o(i.__scatterload_null)
    __scatterload_zeroinit                   0x0800361f   Thumb Code    14  handlers.o(i.__scatterload_zeroinit)
    AHBPrescTable                            0x0800362c   Data          16  system_stm32f4xx.o(.rodata.AHBPrescTable)
    APBPrescTable                            0x0800363c   Data           8  system_stm32f4xx.o(.rodata.APBPrescTable)
    Region$$Table$$Base                      0x08003664   Number         0  anon$$obj.o(Region$$Table)
    Region$$Table$$Limit                     0x08003684   Number         0  anon$$obj.o(Region$$Table)
    SystemCoreClock                          0x20000000   Data           4  system_stm32f4xx.o(.data.SystemCoreClock)
    uwTickFreq                               0x20000004   Data           1  stm32f4xx_hal.o(.data.uwTickFreq)
    uwTickPrio                               0x20000008   Data           4  stm32f4xx_hal.o(.data.uwTickPrio)
    hrtc                                     0x20000010   Data          32  rtc.o(.bss.hrtc)
    htim1                                    0x20000030   Data          72  tim.o(.bss.htim1)
    htim6                                    0x20000078   Data          72  tim.o(.bss.htim6)
    huart4                                   0x200000c0   Data          68  usart.o(.bss.huart4)
    uwTick                                   0x20000108   Data           4  stm32f4xx_hal.o(.bss.uwTick)
    __initial_sp                             0x20000510   Data           0  startup_stm32f407xx.o(STACK)



==============================================================================

Memory Map of the image

  Image Entry point : 0x08000189

  Load Region LR_IROM1 (Base: 0x08000000, Size: 0x00003698, Max: 0x00100000, ABSOLUTE)

    Execution Region ER_IROM1 (Exec base: 0x08000000, Load base: 0x08000000, Size: 0x00003684, Max: 0x00100000, ABSOLUTE)

    Exec Addr    Load Addr    Size         Type   Attr      Idx    E Section Name        Object

    0x08000000   0x08000000   0x00000188   Data   RO            3    RESET               startup_stm32f407xx.o
    0x08000188   0x08000188   0x00000000   Code   RO         1257  * .ARM.Collect$$$$00000000  mc_w.l(entry.o)
    0x08000188   0x08000188   0x00000004   Code   RO         1264    .ARM.Collect$$$$00000001  mc_w.l(entry2.o)
    0x0800018c   0x0800018c   0x00000004   Code   RO         1267    .ARM.Collect$$$$00000004  mc_w.l(entry5.o)
    0x08000190   0x08000190   0x00000000   Code   RO         1269    .ARM.Collect$$$$00000008  mc_w.l(entry7b.o)
    0x08000190   0x08000190   0x00000000   Code   RO         1271    .ARM.Collect$$$$0000000A  mc_w.l(entry8b.o)
    0x08000190   0x08000190   0x00000008   Code   RO         1272    .ARM.Collect$$$$0000000B  mc_w.l(entry9a.o)
    0x08000198   0x08000198   0x00000000   Code   RO         1274    .ARM.Collect$$$$0000000D  mc_w.l(entry10a.o)
    0x08000198   0x08000198   0x00000000   Code   RO         1276    .ARM.Collect$$$$0000000F  mc_w.l(entry11a.o)
    0x08000198   0x08000198   0x00000004   Code   RO         1265    .ARM.Collect$$$$00002712  mc_w.l(entry2.o)
    0x0800019c   0x0800019c   0x00000024   Code   RO            4    .text               startup_stm32f407xx.o
    0x080001c0   0x080001c0   0x00000062   Code   RO         1260    .text               mc_w.l(uldiv.o)
    0x08000222   0x08000222   0x00000024   Code   RO         1262    .text               mc_w.l(memseta.o)
    0x08000246   0x08000246   0x0000001e   Code   RO         1278    .text               mc_w.l(llshl.o)
    0x08000264   0x08000264   0x00000020   Code   RO         1280    .text               mc_w.l(llushr.o)
    0x08000284   0x08000284   0x00000024   Code   RO         1282    .text               mc_w.l(init.o)
    0x080002a8   0x080002a8   0x00000004   Code   RO           90    .text.BusFault_Handler  stm32f4xx_it.o
    0x080002ac   0x080002ac   0x00000002   Code   RO           96    .text.DebugMon_Handler  stm32f4xx_it.o
    0x080002ae   0x080002ae   0x00000002   PAD
    0x080002b0   0x080002b0   0x00000014   Code   RO          104    .text.EXTI15_10_IRQHandler  stm32f4xx_it.o
    0x080002c4   0x080002c4   0x0000001a   Code   RO          102    .text.EXTI9_5_IRQHandler  stm32f4xx_it.o
    0x080002de   0x080002de   0x00000002   PAD
    0x080002e0   0x080002e0   0x0000000e   Code   RO           15    .text.Error_Handler  main.o
    0x080002ee   0x080002ee   0x00000002   PAD
    0x080002f0   0x080002f0   0x00000042   Code   RO          620    .text.HAL_Delay     stm32f4xx_hal.o
    0x08000332   0x08000332   0x00000002   PAD
    0x08000334   0x08000334   0x00000094   Code   RO         1231    .text.HAL_GPIO_EXTI_Callback  keys.o
    0x080003c8   0x080003c8   0x00000038   Code   RO          405    .text.HAL_GPIO_EXTI_IRQHandler  stm32f4xx_hal_gpio.o
    0x08000400   0x08000400   0x000003b6   Code   RO          393    .text.HAL_GPIO_Init  stm32f4xx_hal_gpio.o
    0x080007b6   0x080007b6   0x00000002   PAD
    0x080007b8   0x080007b8   0x0000002e   Code   RO          399    .text.HAL_GPIO_WritePin  stm32f4xx_hal_gpio.o
    0x080007e6   0x080007e6   0x00000002   PAD
    0x080007e8   0x080007e8   0x0000000c   Code   RO          612    .text.HAL_GetTick   stm32f4xx_hal.o
    0x080007f4   0x080007f4   0x0000001a   Code   RO          610    .text.HAL_IncTick   stm32f4xx_hal.o
    0x0800080e   0x0800080e   0x00000002   PAD
    0x08000810   0x08000810   0x00000036   Code   RO          600    .text.HAL_Init      stm32f4xx_hal.o
    0x08000846   0x08000846   0x00000002   PAD
    0x08000848   0x08000848   0x00000070   Code   RO          602    .text.HAL_InitTick  stm32f4xx_hal.o
    0x080008b8   0x080008b8   0x0000004a   Code   RO          113    .text.HAL_MspInit   stm32f4xx_hal_msp.o
    0x08000902   0x08000902   0x00000002   PAD
    0x08000904   0x08000904   0x00000014   Code   RO          541    .text.HAL_NVIC_EnableIRQ  stm32f4xx_hal_cortex.o
    0x08000918   0x08000918   0x00000032   Code   RO          533    .text.HAL_NVIC_SetPriority  stm32f4xx_hal_cortex.o
    0x0800094a   0x0800094a   0x00000002   PAD
    0x0800094c   0x0800094c   0x00000010   Code   RO          529    .text.HAL_NVIC_SetPriorityGrouping  stm32f4xx_hal_cortex.o
    0x0800095c   0x0800095c   0x00000234   Code   RO          292    .text.HAL_RCCEx_PeriphCLKConfig  stm32f4xx_hal_rcc_ex.o
    0x08000b90   0x08000b90   0x00000262   Code   RO          261    .text.HAL_RCC_ClockConfig  stm32f4xx_hal_rcc.o
    0x08000df2   0x08000df2   0x00000002   PAD
    0x08000df4   0x08000df4   0x0000000c   Code   RO          271    .text.HAL_RCC_GetHCLKFreq  stm32f4xx_hal_rcc.o
    0x08000e00   0x08000e00   0x00000022   Code   RO          273    .text.HAL_RCC_GetPCLK1Freq  stm32f4xx_hal_rcc.o
    0x08000e22   0x08000e22   0x00000002   PAD
    0x08000e24   0x08000e24   0x00000022   Code   RO          275    .text.HAL_RCC_GetPCLK2Freq  stm32f4xx_hal_rcc.o
    0x08000e46   0x08000e46   0x00000002   PAD
    0x08000e48   0x08000e48   0x000000e6   Code   RO          263    .text.HAL_RCC_GetSysClockFreq  stm32f4xx_hal_rcc.o
    0x08000f2e   0x08000f2e   0x00000002   PAD
    0x08000f30   0x08000f30   0x000006be   Code   RO          259    .text.HAL_RCC_OscConfig  stm32f4xx_hal_rcc.o
    0x080015ee   0x080015ee   0x00000002   PAD
    0x080015f0   0x080015f0   0x000001c4   Code   RO          210    .text.HAL_RTCEx_SetWakeUpTimer_IT  stm32f4xx_hal_rtc_ex.o
    0x080017b4   0x080017b4   0x000000ea   Code   RO          121    .text.HAL_RTC_Init  stm32f4xx_hal_rtc.o
    0x0800189e   0x0800189e   0x00000002   PAD
    0x080018a0   0x080018a0   0x00000060   Code   RO           35    .text.HAL_RTC_MspInit  rtc.o
    0x08001900   0x08001900   0x00000126   Code   RO          141    .text.HAL_RTC_SetDate  stm32f4xx_hal_rtc.o
    0x08001a26   0x08001a26   0x00000002   PAD
    0x08001a28   0x08001a28   0x00000156   Code   RO          133    .text.HAL_RTC_SetTime  stm32f4xx_hal_rtc.o
    0x08001b7e   0x08001b7e   0x00000002   PAD
    0x08001b80   0x08001b80   0x00000056   Code   RO          159    .text.HAL_RTC_WaitForSynchro  stm32f4xx_hal_rtc.o
    0x08001bd6   0x08001bd6   0x00000002   PAD
    0x08001bd8   0x08001bd8   0x00000010   Code   RO          553    .text.HAL_SYSTICK_Config  stm32f4xx_hal_cortex.o
    0x08001be8   0x08001be8   0x000000b2   Code   RO         1004    .text.HAL_TIMEx_ConfigBreakDeadTime  stm32f4xx_hal_tim_ex.o
    0x08001c9a   0x08001c9a   0x00000002   PAD
    0x08001c9c   0x08001c9c   0x00000122   Code   RO         1002    .text.HAL_TIMEx_MasterConfigSynchronization  stm32f4xx_hal_tim_ex.o
    0x08001dbe   0x08001dbe   0x00000002   PAD
    0x08001dc0   0x08001dc0   0x0000009c   Code   RO          689    .text.HAL_TIM_Base_Init  stm32f4xx_hal_tim.o
    0x08001e5c   0x08001e5c   0x0000003e   Code   RO           55    .text.HAL_TIM_Base_MspInit  tim.o
    0x08001e9a   0x08001e9a   0x00000002   PAD
    0x08001e9c   0x08001e9c   0x0000006c   Code   RO           49    .text.HAL_TIM_MspPostInit  tim.o
    0x08001f08   0x08001f08   0x00000090   Code   RO          787    .text.HAL_TIM_OnePulse_Init  stm32f4xx_hal_tim.o
    0x08001f98   0x08001f98   0x00000008   Code   RO          789    .text.HAL_TIM_OnePulse_MspInit  stm32f4xx_hal_tim.o
    0x08001fa0   0x08001fa0   0x00000142   Code   RO          855    .text.HAL_TIM_PWM_ConfigChannel  stm32f4xx_hal_tim.o
    0x080020e2   0x080020e2   0x00000002   PAD
    0x080020e4   0x080020e4   0x0000009c   Code   RO          743    .text.HAL_TIM_PWM_Init  stm32f4xx_hal_tim.o
    0x08002180   0x08002180   0x0000003c   Code   RO           53    .text.HAL_TIM_PWM_MspInit  tim.o
    0x080021bc   0x080021bc   0x0000009a   Code   RO         1025    .text.HAL_UART_Init  stm32f4xx_hal_uart.o
    0x08002256   0x08002256   0x00000002   PAD
    0x08002258   0x08002258   0x0000008c   Code   RO           72    .text.HAL_UART_MspInit  usart.o
    0x080022e4   0x080022e4   0x00000004   Code   RO           86    .text.HardFault_Handler  stm32f4xx_it.o
    0x080022e8   0x080022e8   0x0000028c   Code   RO           25    .text.MX_GPIO_Init  gpio.o
    0x08002574   0x08002574   0x000000cc   Code   RO           33    .text.MX_RTC_Init   rtc.o
    0x08002640   0x08002640   0x000000e0   Code   RO           47    .text.MX_TIM1_Init  tim.o
    0x08002720   0x08002720   0x00000072   Code   RO           51    .text.MX_TIM6_Init  tim.o
    0x08002792   0x08002792   0x00000002   PAD
    0x08002794   0x08002794   0x00000040   Code   RO           70    .text.MX_UART4_Init  usart.o
    0x080027d4   0x080027d4   0x00000004   Code   RO           88    .text.MemManage_Handler  stm32f4xx_it.o
    0x080027d8   0x080027d8   0x00000004   Code   RO           84    .text.NMI_Handler   stm32f4xx_it.o
    0x080027dc   0x080027dc   0x0000006c   Code   RO          539    .text.NVIC_EncodePriority  stm32f4xx_hal_cortex.o
    0x08002848   0x08002848   0x00000002   Code   RO           98    .text.PendSV_Handler  stm32f4xx_it.o
    0x0800284a   0x0800284a   0x00000002   PAD
    0x0800284c   0x0800284c   0x00000042   Code   RO          135    .text.RTC_ByteToBcd2  stm32f4xx_hal_rtc.o
    0x0800288e   0x0800288e   0x00000002   PAD
    0x08002890   0x08002890   0x00000082   Code   RO          125    .text.RTC_EnterInitMode  stm32f4xx_hal_rtc.o
    0x08002912   0x08002912   0x00000002   PAD
    0x08002914   0x08002914   0x00000048   Code   RO          127    .text.RTC_ExitInitMode  stm32f4xx_hal_rtc.o
    0x0800295c   0x0800295c   0x00000002   Code   RO           94    .text.SVC_Handler   stm32f4xx_it.o
    0x0800295e   0x0800295e   0x00000002   PAD
    0x08002960   0x08002960   0x00000052   Code   RO          555    .text.SysTick_Config  stm32f4xx_hal_cortex.o
    0x080029b2   0x080029b2   0x00000002   PAD
    0x080029b4   0x080029b4   0x00000008   Code   RO          100    .text.SysTick_Handler  stm32f4xx_it.o
    0x080029bc   0x080029bc   0x000000a0   Code   RO           13    .text.SystemClock_Config  main.o
    0x08002a5c   0x08002a5c   0x00000012   Code   RO         1154    .text.SystemInit    system_stm32f4xx.o
    0x08002a6e   0x08002a6e   0x00000002   PAD
    0x08002a70   0x08002a70   0x0000019a   Code   RO          693    .text.TIM_Base_SetConfig  stm32f4xx_hal_tim.o
    0x08002c0a   0x08002c0a   0x00000002   PAD
    0x08002c0c   0x08002c0c   0x000000ea   Code   RO          837    .text.TIM_OC1_SetConfig  stm32f4xx_hal_tim.o
    0x08002cf6   0x08002cf6   0x00000002   PAD
    0x08002cf8   0x08002cf8   0x000000f4   Code   RO          839    .text.TIM_OC2_SetConfig  stm32f4xx_hal_tim.o
    0x08002dec   0x08002dec   0x000000f2   Code   RO          841    .text.TIM_OC3_SetConfig  stm32f4xx_hal_tim.o
    0x08002ede   0x08002ede   0x00000002   PAD
    0x08002ee0   0x08002ee0   0x000000a4   Code   RO          843    .text.TIM_OC4_SetConfig  stm32f4xx_hal_tim.o
    0x08002f84   0x08002f84   0x0000013a   Code   RO         1029    .text.UART_SetConfig  stm32f4xx_hal_uart.o
    0x080030be   0x080030be   0x00000002   PAD
    0x080030c0   0x080030c0   0x00000004   Code   RO           92    .text.UsageFault_Handler  stm32f4xx_it.o
    0x080030c4   0x080030c4   0x00000030   Code   RO          543    .text.__NVIC_EnableIRQ  stm32f4xx_hal_cortex.o
    0x080030f4   0x080030f4   0x00000010   Code   RO          535    .text.__NVIC_GetPriorityGrouping  stm32f4xx_hal_cortex.o
    0x08003104   0x08003104   0x00000042   Code   RO          537    .text.__NVIC_SetPriority  stm32f4xx_hal_cortex.o
    0x08003146   0x08003146   0x00000002   PAD
    0x08003148   0x08003148   0x0000003c   Code   RO          531    .text.__NVIC_SetPriorityGrouping  stm32f4xx_hal_cortex.o
    0x08003184   0x08003184   0x00000020   Code   RO         1182    .text.lcd_clear     lcd.o
    0x080031a4   0x080031a4   0x00000036   Code   RO         1172    .text.lcd_clock     lcd.o
    0x080031da   0x080031da   0x00000002   PAD
    0x080031dc   0x080031dc   0x000000a8   Code   RO         1168    .text.lcd_init      lcd.o
    0x08003284   0x08003284   0x0000003c   Code   RO         1174    .text.lcd_set_cursor  lcd.o
    0x080032c0   0x080032c0   0x0000002a   Code   RO         1176    .text.lcd_write_command  lcd.o
    0x080032ea   0x080032ea   0x00000002   PAD
    0x080032ec   0x080032ec   0x00000048   Code   RO         1180    .text.lcd_write_data  lcd.o
    0x08003334   0x08003334   0x000000c6   Code   RO         1170    .text.lcd_write_port  lcd.o
    0x080033fa   0x080033fa   0x00000002   PAD
    0x080033fc   0x080033fc   0x00000042   Code   RO         1178    .text.lcd_write_string  lcd.o
    0x0800343e   0x0800343e   0x00000002   PAD
    0x08003440   0x08003440   0x0000006a   Code   RO           11    .text.main          main.o
    0x080034aa   0x080034aa   0x00000002   PAD
    0x080034ac   0x080034ac   0x00000052   Code   RO         1245    .text.mode_choice_run  modes.o
    0x080034fe   0x080034fe   0x00000002   PAD
    0x08003500   0x08003500   0x0000000c   Code   RO         1243    .text.mode_get      modes.o
    0x0800350c   0x0800350c   0x0000004c   Code   RO         1247    .text.mode_help_run  modes.o
    0x08003558   0x08003558   0x0000000e   Code   RO         1239    .text.mode_init     modes.o
    0x08003566   0x08003566   0x00000002   PAD
    0x08003568   0x08003568   0x00000018   Code   RO         1241    .text.mode_set      modes.o
    0x08003580   0x08003580   0x0000000c   Code   RO         1203    .text.status_get    status.o
    0x0800358c   0x0800358c   0x0000000e   Code   RO         1199    .text.status_init   status.o
    0x0800359a   0x0800359a   0x00000002   PAD
    0x0800359c   0x0800359c   0x00000018   Code   RO         1201    .text.status_set    status.o
    0x080035b4   0x080035b4   0x0000005a   Code   RO         1191    .text.timer_delay_us  timer.o
    0x0800360e   0x0800360e   0x0000000e   Code   RO         1286    i.__scatterload_copy  mc_w.l(handlers.o)
    0x0800361c   0x0800361c   0x00000002   Code   RO         1287    i.__scatterload_null  mc_w.l(handlers.o)
    0x0800361e   0x0800361e   0x0000000e   Code   RO         1288    i.__scatterload_zeroinit  mc_w.l(handlers.o)
    0x0800362c   0x0800362c   0x00000010   Data   RO         1159    .rodata.AHBPrescTable  system_stm32f4xx.o
    0x0800363c   0x0800363c   0x00000008   Data   RO         1160    .rodata.APBPrescTable  system_stm32f4xx.o
    0x08003644   0x08003644   0x0000001f   Data   RO         1250    .rodata.str1.1      modes.o
    0x08003663   0x08003663   0x00000001   PAD
    0x08003664   0x08003664   0x00000020   Data   RO         1285    Region$$Table       anon$$obj.o


    Execution Region RW_IRAM1 (Exec base: 0x20000000, Load base: 0x08003688, Size: 0x00000510, Max: 0x0001c000, ABSOLUTE)

    Exec Addr    Load Addr    Size         Type   Attr      Idx    E Section Name        Object

    0x20000000   0x08003688   0x00000004   Data   RW         1158    .data.SystemCoreClock  system_stm32f4xx.o
    0x20000004   0x0800368c   0x00000001   Data   RW          655    .data.uwTickFreq    stm32f4xx_hal.o
    0x20000005   0x0800368d   0x00000003   PAD
    0x20000008   0x08003690   0x00000004   Data   RW          654    .data.uwTickPrio    stm32f4xx_hal.o
    0x2000000c   0x08003694   0x00000004   PAD
    0x20000010        -       0x00000020   Zero   RW           39    .bss.hrtc           rtc.o
    0x20000030        -       0x00000048   Zero   RW           61    .bss.htim1          tim.o
    0x20000078        -       0x00000048   Zero   RW           62    .bss.htim6          tim.o
    0x200000c0        -       0x00000044   Zero   RW           76    .bss.huart4         usart.o
    0x20000104        -       0x00000001   Zero   RW         1249    .bss.mode           modes.o
    0x20000105   0x08003694   0x00000001   PAD
    0x20000106        -       0x00000002   Zero   RW         1205    .bss.status         status.o
    0x20000108        -       0x00000004   Zero   RW          656    .bss.uwTick         stm32f4xx_hal.o
    0x2000010c   0x08003694   0x00000004   PAD
    0x20000110        -       0x00000400   Zero   RW            1    STACK               startup_stm32f407xx.o


    Execution Region RW_IRAM2 (Exec base: 0x2001c000, Load base: 0x08003698, Size: 0x00000000, Max: 0x00004000, ABSOLUTE)

    **** No section assigned to this execution region ****


==============================================================================

Image component sizes


      Code (inc. data)   RO Data    RW Data    ZI Data      Debug   Object Name

       652          0          0          0          0       4189   gpio.o
       148          0          0          0          0        634   keys.o
       692          0          0          0          0       2230   lcd.o
       280          0          0          0          0       3025   main.o
       208          0         31          0          1       1602   modes.o
       300          0          0          0         32       5193   rtc.o
        36          8        392          0       1024        820   startup_stm32f407xx.o
        50          0          0          0          2        776   status.o
       270          0          0          5          4       7080   stm32f4xx_hal.o
       482          0          0          0          0       9399   stm32f4xx_hal_cortex.o
      1052          0          0          0          0       5068   stm32f4xx_hal_gpio.o
        74          0          0          0          0       1449   stm32f4xx_hal_msp.o
      2646          0          0          0          0       7546   stm32f4xx_hal_rcc.o
       564          0          0          0          0       4143   stm32f4xx_hal_rcc_ex.o
      1224          0          0          0          0       9916   stm32f4xx_hal_rtc.o
       452          0          0          0          0      11676   stm32f4xx_hal_rtc_ex.o
      2080         14          0          0          0      35724   stm32f4xx_hal_tim.o
       468          0          0          0          0      15228   stm32f4xx_hal_tim_ex.o
       468          0          0          0          0      20082   stm32f4xx_hal_uart.o
        80          0          0          0          0       1324   stm32f4xx_it.o
        18          0         24          4          0       2496   system_stm32f4xx.o
       568          0          0          0        144       6610   tim.o
        90          0          0          0          0        528   timer.o
       204          0          0          0         68       4771   usart.o

    ----------------------------------------------------------------------
     13194         22        480         12       1284     161509   Object Totals
         0          0         32          0          0          0   (incl. Generated)
        88          0          1          3          9          0   (incl. Padding)

    ----------------------------------------------------------------------

      Code (inc. data)   RO Data    RW Data    ZI Data      Debug   Library Member Name

         0          0          0          0          0          0   entry.o
         0          0          0          0          0          0   entry10a.o
         0          0          0          0          0          0   entry11a.o
         8          4          0          0          0          0   entry2.o
         4          0          0          0          0          0   entry5.o
         0          0          0          0          0          0   entry7b.o
         0          0          0          0          0          0   entry8b.o
         8          4          0          0          0          0   entry9a.o
        30          0          0          0          0          0   handlers.o
        36          8          0          0          0         68   init.o
        30          0          0          0          0         68   llshl.o
        32          0          0          0          0         68   llushr.o
        36          0          0          0          0        108   memseta.o
        98          0          0          0          0         92   uldiv.o

    ----------------------------------------------------------------------
       282         16          0          0          0        404   Library Totals
         0          0          0          0          0          0   (incl. Padding)

    ----------------------------------------------------------------------

      Code (inc. data)   RO Data    RW Data    ZI Data      Debug   Library Name

       282         16          0          0          0        404   mc_w.l

    ----------------------------------------------------------------------
       282         16          0          0          0        404   Library Totals

    ----------------------------------------------------------------------

==============================================================================


      Code (inc. data)   RO Data    RW Data    ZI Data      Debug   

     13476         38        480         12       1284     161573   Grand Totals
     13476         38        480         12       1284     161573   ELF Image Totals
     13476         38        480         12          0          0   ROM Totals

==============================================================================

    Total RO  Size (Code + RO Data)                13956 (  13.63kB)
    Total RW  Size (RW Data + ZI Data)              1296 (   1.27kB)
    Total ROM Size (Code + RO Data + RW Data)      13968 (  13.64kB)

==============================================================================

