Component: Arm Compiler for Embedded 6.18 Tool: armlink [5e4cc100]

==============================================================================

Section Cross References

    startup_stm32f407xx.o(RESET) refers to startup_stm32f407xx.o(STACK) for __initial_sp
    startup_stm32f407xx.o(RESET) refers to startup_stm32f407xx.o(.text) for Reset_Handler
    startup_stm32f407xx.o(RESET) refers to stm32f4xx_it.o(.text.NMI_Handler) for NMI_Handler
    startup_stm32f407xx.o(RESET) refers to stm32f4xx_it.o(.text.HardFault_Handler) for HardFault_Handler
    startup_stm32f407xx.o(RESET) refers to stm32f4xx_it.o(.text.MemManage_Handler) for MemManage_Handler
    startup_stm32f407xx.o(RESET) refers to stm32f4xx_it.o(.text.BusFault_Handler) for BusFault_Handler
    startup_stm32f407xx.o(RESET) refers to stm32f4xx_it.o(.text.UsageFault_Handler) for UsageFault_Handler
    startup_stm32f407xx.o(RESET) refers to stm32f4xx_it.o(.text.SVC_Handler) for SVC_Handler
    startup_stm32f407xx.o(RESET) refers to stm32f4xx_it.o(.text.DebugMon_Handler) for DebugMon_Handler
    startup_stm32f407xx.o(RESET) refers to stm32f4xx_it.o(.text.PendSV_Handler) for PendSV_Handler
    startup_stm32f407xx.o(RESET) refers to stm32f4xx_it.o(.text.SysTick_Handler) for SysTick_Handler
    startup_stm32f407xx.o(RESET) refers to stm32f4xx_it.o(.text.EXTI9_5_IRQHandler) for EXTI9_5_IRQHandler
    startup_stm32f407xx.o(RESET) refers to stm32f4xx_it.o(.text.TIM1_UP_TIM10_IRQHandler) for TIM1_UP_TIM10_IRQHandler
    startup_stm32f407xx.o(RESET) refers to stm32f4xx_it.o(.text.EXTI15_10_IRQHandler) for EXTI15_10_IRQHandler
    startup_stm32f407xx.o(RESET) refers to stm32f4xx_it.o(.text.TIM7_IRQHandler) for TIM7_IRQHandler
    startup_stm32f407xx.o(.text) refers to system_stm32f4xx.o(.text.SystemInit) for SystemInit
    startup_stm32f407xx.o(.text) refers to entry.o(.ARM.Collect$$$$00000000) for __main
    main.o(.text.main) refers to stm32f4xx_hal.o(.text.HAL_Init) for HAL_Init
    main.o(.text.main) refers to main.o(.text.SystemClock_Config) for SystemClock_Config
    main.o(.text.main) refers to gpio.o(.text.MX_GPIO_Init) for MX_GPIO_Init
    main.o(.text.main) refers to usart.o(.text.MX_UART4_Init) for MX_UART4_Init
    main.o(.text.main) refers to tim.o(.text.MX_TIM6_Init) for MX_TIM6_Init
    main.o(.text.main) refers to tim.o(.text.MX_TIM1_Init) for MX_TIM1_Init
    main.o(.text.main) refers to tim.o(.text.MX_TIM10_Init) for MX_TIM10_Init
    main.o(.text.main) refers to tim.o(.text.MX_TIM7_Init) for MX_TIM7_Init
    main.o(.text.main) refers to lcd.o(.text.lcd_init) for lcd_init
    main.o(.text.main) refers to modes.o(.text.mode_init) for mode_init
    main.o(.text.main) refers to status.o(.text.status_init) for status_init
    main.o(.text.main) refers to dht11.o(.text.dht_init) for dht_init
    main.o(.text.main) refers to timer.o(.text.timer_spy_init) for timer_spy_init
    main.o(.text.main) refers to tim.o(.bss.htim1) for htim1
    main.o(.text.main) refers to stm32f4xx_hal_tim.o(.text.HAL_TIM_Base_Start) for HAL_TIM_Base_Start
    main.o(.text.main) refers to stm32f4xx_hal_tim.o(.text.HAL_TIM_PWM_Start) for HAL_TIM_PWM_Start
    main.o(.text.main) refers to stm32f4xx_hal_gpio.o(.text.HAL_GPIO_WritePin) for HAL_GPIO_WritePin
    main.o(.text.main) refers to modes.o(.text.mode_get) for mode_get
    main.o(.text.main) refers to modes.o(.text.mode_choice_run) for mode_choice_run
    main.o(.text.main) refers to modes.o(.text.mode_help_run) for mode_help_run
    main.o(.text.main) refers to modes.o(.text.mode_settings_run) for mode_settings_run
    main.o(.text.main) refers to modes.o(.text.mode_current_data_run) for mode_current_data_run
    main.o(.text.main) refers to modes.o(.text.mode_saved_data_run) for mode_saved_data_run
    main.o(.ARM.exidx.text.main) refers to main.o(.text.main) for [Anonymous Symbol]
    main.o(.text.SystemClock_Config) refers to memseta.o(.text) for __aeabi_memclr4
    main.o(.text.SystemClock_Config) refers to stm32f4xx_hal_rcc.o(.text.HAL_RCC_OscConfig) for HAL_RCC_OscConfig
    main.o(.text.SystemClock_Config) refers to main.o(.text.Error_Handler) for Error_Handler
    main.o(.text.SystemClock_Config) refers to stm32f4xx_hal_rcc.o(.text.HAL_RCC_ClockConfig) for HAL_RCC_ClockConfig
    main.o(.ARM.exidx.text.SystemClock_Config) refers to main.o(.text.SystemClock_Config) for [Anonymous Symbol]
    main.o(.ARM.exidx.text.Error_Handler) refers to main.o(.text.Error_Handler) for [Anonymous Symbol]
    main.o(.text.HAL_TIM_PeriodElapsedCallback) refers to tim.o(.bss.htim10) for htim10
    main.o(.text.HAL_TIM_PeriodElapsedCallback) refers to timer.o(.text.timer_spy_stop) for timer_spy_stop
    main.o(.text.HAL_TIM_PeriodElapsedCallback) refers to timer.o(.text.timer_spy_reset) for timer_spy_reset
    main.o(.text.HAL_TIM_PeriodElapsedCallback) refers to status.o(.text.status_set) for status_set
    main.o(.text.HAL_TIM_PeriodElapsedCallback) refers to tim.o(.bss.htim7) for htim7
[...]
    Removing lcd.o(.ARM.exidx.text.lcd_write_data), (8 bytes).
    Removing lcd.o(.ARM.exidx.text.lcd_clear), (8 bytes).
    Removing lcd.o(.text.lcd_create_symbol), (82 bytes).
    Removing lcd.o(.ARM.exidx.text.lcd_create_symbol), (8 bytes).
    Removing timer.o(.text), (0 bytes).
    Removing timer.o(.ARM.exidx.text.timer_delay_us), (8 bytes).
    Removing timer.o(.ARM.exidx.text.timer_spy_stop), (8 bytes).
    Removing timer.o(.ARM.exidx.text.timer_spy_reset), (8 bytes).
    Removing timer.o(.ARM.exidx.text.timer_spy_run), (8 bytes).
    Removing timer.o(.ARM.exidx.text.timer_spy_init), (8 bytes).
    Removing timer.o(.ARM.exidx.text.timer_dht_init), (8 bytes).
    Removing status.o(.text), (0 bytes).
    Removing status.o(.ARM.exidx.text.status_init), (8 bytes).
    Removing status.o(.ARM.exidx.text.status_set), (8 bytes).
    Removing status.o(.ARM.exidx.text.status_get), (8 bytes).
    Removing ui.o(.text), (0 bytes).
    Removing ui.o(.text.ui_init), (18 bytes).
    Removing ui.o(.ARM.exidx.text.ui_init), (8 bytes).
    Removing ui.o(.ARM.exidx.text.ui_set_cursor), (8 bytes).
    Removing ui.o(.ARM.exidx.text.ui_get_cursor), (8 bytes).
    Removing ui.o(.ARM.exidx.text.ui_set_page), (8 bytes).
    Removing ui.o(.ARM.exidx.text.ui_get_page), (8 bytes).
    Removing keys.o(.text), (0 bytes).
    Removing keys.o(.ARM.exidx.text.HAL_GPIO_EXTI_Callback), (8 bytes).
    Removing modes.o(.text), (0 bytes).
    Removing modes.o(.ARM.exidx.text.mode_init), (8 bytes).
    Removing modes.o(.ARM.exidx.text.mode_set), (8 bytes).
    Removing modes.o(.ARM.exidx.text.mode_get), (8 bytes).
    Removing modes.o(.ARM.exidx.text.mode_choice_run), (8 bytes).
    Removing modes.o(.ARM.exidx.text.mode_help_run), (8 bytes).
    Removing modes.o(.ARM.exidx.text.mode_settings_run), (8 bytes).
    Removing modes.o(.ARM.exidx.text.mode_current_data_run), (8 bytes).
    Removing modes.o(.ARM.exidx.text.mode_saved_data_run), (8 bytes).
    Removing mode_help.o(.text), (0 bytes).
    Removing mode_help.o(.ARM.exidx.text.mode_help_draw), (8 bytes).
    Removing mode_settings.o(.text), (0 bytes).
    Removing mode_settings.o(.ARM.exidx.text.mode_settings_draw), (8 bytes).
    Removing dht11.o(.text), (0 bytes).
    Removing dht11.o(.ARM.exidx.text.dht_get_data), (8 bytes).
    Removing dht11.o(.ARM.exidx.text.Set_Pin_Output), (8 bytes).
    Removing dht11.o(.ARM.exidx.text.Set_Pin_Input), (8 bytes).
    Removing dht11.o(.ARM.exidx.text.DHT_Start), (8 bytes).
    Removing dht11.o(.ARM.exidx.text.DHT_Check_Response), (8 bytes).
    Removing dht11.o(.ARM.exidx.text.DHT_Read), (8 bytes).
    Removing dht11.o(.ARM.exidx.text.dht_check_sensor), (8 bytes).
    Removing dht11.o(.ARM.exidx.text.dht_init), (8 bytes).

845 unused section(s) (total 66988 bytes) removed from the image.

==============================================================================

Image Symbol Table

    Local Symbols

    Symbol Name                              Value     Ov Type        Size  Object(Section)

    ../clib/division.s                       0x00000000   Number         0  aeabi_sdiv.o ABSOLUTE
    ../clib/microlib/division.c              0x00000000   Number         0  uldiv.o ABSOLUTE
    ../clib/microlib/division.c              0x00000000   Number         0  uidiv.o ABSOLUTE
    ../clib/microlib/init/entry.s            0x00000000   Number         0  entry.o ABSOLUTE
    ../clib/microlib/init/entry.s            0x00000000   Number         0  entry2.o ABSOLUTE
    ../clib/microlib/init/entry.s            0x00000000   Number         0  entry5.o ABSOLUTE
    ../clib/microlib/init/entry.s            0x00000000   Number         0  entry7a.o ABSOLUTE
    ../clib/microlib/init/entry.s            0x00000000   Number         0  entry7b.o ABSOLUTE
    ../clib/microlib/init/entry.s            0x00000000   Number         0  entry8a.o ABSOLUTE
    ../clib/microlib/init/entry.s            0x00000000   Number         0  entry8b.o ABSOLUTE
    ../clib/microlib/init/entry.s            0x00000000   Number         0  entry9a.o ABSOLUTE
    ../clib/microlib/init/entry.s            0x00000000   Number         0  entry9b.o ABSOLUTE
    ../clib/microlib/init/entry.s            0x00000000   Number         0  entry10a.o ABSOLUTE
    ../clib/microlib/init/entry.s            0x00000000   Number         0  entry10b.o ABSOLUTE
    ../clib/microlib/init/entry.s            0x00000000   Number         0  entry11a.o ABSOLUTE
    ../clib/microlib/init/entry.s            0x00000000   Number         0  entry11b.o ABSOLUTE
    ../clib/microlib/longlong.c              0x00000000   Number         0  llshl.o ABSOLUTE
    ../clib/microlib/longlong.c              0x00000000   Number         0  llushr.o ABSOLUTE
    ../clib/microlib/longlong.c              0x00000000   Number         0  llsshr.o ABSOLUTE
    ../clib/microlib/printf/printf.c         0x00000000   Number         0  printfa.o ABSOLUTE
    ../clib/microlib/stdio/fputc.c           0x00000000   Number         0  fputc.o ABSOLUTE
    ../clib/microlib/stdio/fputc.c           0x00000000   Number         0  fputc_h.o ABSOLUTE
    ../clib/microlib/stdio/semi.s            0x00000000   Number         0  semi.o ABSOLUTE
    ../clib/microlib/stdio/streams.c         0x00000000   Number         0  stdout.o ABSOLUTE
    ../clib/microlib/string/memset.c         0x00000000   Number         0  memseta.o ABSOLUTE
    ../clib/microlib/string/strlen.c         0x00000000   Number         0  strlen.o ABSOLUTE
    ../clib/microlib/stubs.s                 0x00000000   Number         0  iusefp.o ABSOLUTE
    ../clib/microlib/stubs.s                 0x00000000   Number         0  iusesemip.o ABSOLUTE
    ../fplib/microlib/fpadd.c                0x00000000   Number         0  dadd.o ABSOLUTE
    ../fplib/microlib/fpdiv.c                0x00000000   Number         0  ddiv.o ABSOLUTE
    ../fplib/microlib/fpepilogue.c           0x00000000   Number         0  depilogue.o ABSOLUTE
    ../fplib/microlib/fpfix.c                0x00000000   Number         0  dfixul.o ABSOLUTE
    ../fplib/microlib/fpmul.c                0x00000000   Number         0  dmul.o ABSOLUTE
    DHT11.c                                  0x00000000   Number         0  dht11.o ABSOLUTE
    cdrcmple.s                               0x00000000   Number         0  cdrcmple.o ABSOLUTE
    dc.s                                     0x00000000   Number         0  dc.o ABSOLUTE
    gpio.c                                   0x00000000   Number         0  gpio.o ABSOLUTE
    handlers.s                               0x00000000   Number         0  handlers.o ABSOLUTE
    init.s                                   0x00000000   Number         0  init.o ABSOLUTE
    keys.c                                   0x00000000   Number         0  keys.o ABSOLUTE
    lcd.c                                    0x00000000   Number         0  lcd.o ABSOLUTE
    main.c                                   0x00000000   Number         0  main.o ABSOLUTE
    mode_help.c                              0x00000000   Number         0  mode_help.o ABSOLUTE
    mode_settings.c                          0x00000000   Number         0  mode_settings.o ABSOLUTE
    modes.c                                  0x00000000   Number         0  modes.o ABSOLUTE
    startup_stm32f407xx.s                    0x00000000   Number         0  startup_stm32f407xx.o ABSOLUTE
    status.c                                 0x00000000   Number         0  status.o ABSOLUTE
    stm32f4xx_hal.c                          0x00000000   Number         0  stm32f4xx_hal.o ABSOLUTE
    stm32f4xx_hal_cortex.c                   0x00000000   Number         0  stm32f4xx_hal_cortex.o ABSOLUTE
    stm32f4xx_hal_dma.c                      0x00000000   Number         0  stm32f4xx_hal_dma.o ABSOLUTE
    stm32f4xx_hal_dma_ex.c                   0x00000000   Number         0  stm32f4xx_hal_dma_ex.o ABSOLUTE
    stm32f4xx_hal_exti.c                     0x00000000   Number         0  stm32f4xx_hal_exti.o ABSOLUTE
    stm32f4xx_hal_flash.c                    0x00000000   Number         0  stm32f4xx_hal_flash.o ABSOLUTE
    stm32f4xx_hal_flash_ex.c                 0x00000000   Number         0  stm32f4xx_hal_flash_ex.o ABSOLUTE
    stm32f4xx_hal_flash_ramfunc.c            0x00000000   Number         0  stm32f4xx_hal_flash_ramfunc.o ABSOLUTE
    stm32f4xx_hal_gpio.c                     0x00000000   Number         0  stm32f4xx_hal_gpio.o ABSOLUTE
    stm32f4xx_hal_msp.c                      0x00000000   Number         0  stm32f4xx_hal_msp.o ABSOLUTE
    stm32f4xx_hal_pwr.c                      0x00000000   Number         0  stm32f4xx_hal_pwr.o ABSOLUTE
    stm32f4xx_hal_pwr_ex.c                   0x00000000   Number         0  stm32f4xx_hal_pwr_ex.o ABSOLUTE
    stm32f4xx_hal_rcc.c                      0x00000000   Number         0  stm32f4xx_hal_rcc.o ABSOLUTE
    stm32f4xx_hal_rcc_ex.c                   0x00000000   Number         0  stm32f4xx_hal_rcc_ex.o ABSOLUTE
    stm32f4xx_hal_tim.c                      0x00000000   Number         0  stm32f4xx_hal_tim.o ABSOLUTE
    stm32f4xx_hal_tim_ex.c                   0x00000000   Number         0  stm32f4xx_hal_tim_ex.o ABSOLUTE
    stm32f4xx_hal_uart.c                     0x00000000   Number         0  stm32f4xx_hal_uart.o ABSOLUTE
    stm32f4xx_it.c                           0x00000000   Number         0  stm32f4xx_it.o ABSOLUTE
    system_stm32f4xx.c                       0x00000000   Number         0  system_stm32f4xx.o ABSOLUTE
    tim.c                                    0x00000000   Number         0  tim.o ABSOLUTE
    timer.c                                  0x00000000   Number         0  timer.o ABSOLUTE
    ui.c                                     0x00000000   Number         0  ui.o ABSOLUTE
    usart.c                                  0x00000000   Number         0  usart.o ABSOLUTE
    RESET                                    0x08000000   Section      392  startup_stm32f407xx.o(RESET)
    .ARM.Collect$$$$00000000                 0x08000188   Section        0  entry.o(.ARM.Collect$$$$00000000)
    .ARM.Collect$$$$00000001                 0x08000188   Section        4  entry2.o(.ARM.Collect$$$$00000001)
    .ARM.Collect$$$$00000004                 0x0800018c   Section        4  entry5.o(.ARM.Collect$$$$00000004)
    .ARM.Collect$$$$00000008                 0x08000190   Section        0  entry7b.o(.ARM.Collect$$$$00000008)
    .ARM.Collect$$$$0000000A                 0x08000190   Section        0  entry8b.o(.ARM.Collect$$$$0000000A)
    .ARM.Collect$$$$0000000B                 0x08000190   Section        8  entry9a.o(.ARM.Collect$$$$0000000B)
    __lit__00000000                          0x08000198   Data           4  entry2.o(.ARM.Collect$$$$00002712)
    .ARM.Collect$$$$0000000D                 0x08000198   Section        0  entry10a.o(.ARM.Collect$$$$0000000D)
    .ARM.Collect$$$$0000000F                 0x08000198   Section        0  entry11a.o(.ARM.Collect$$$$0000000F)
    .ARM.Collect$$$$00002712                 0x08000198   Section        4  entry2.o(.ARM.Collect$$$$00002712)
    $v0                                      0x0800019c   Number         0  startup_stm32f407xx.o(.text)
    .text                                    0x0800019c   Section       36  startup_stm32f407xx.o(.text)
    .text                                    0x080001c0   Section        0  uldiv.o(.text)
    .text                                    0x08000222   Section        0  memseta.o(.text)
    .text                                    0x08000246   Section        0  strlen.o(.text)
    .text                                    0x08000254   Section        0  uidiv.o(.text)
    .text                                    0x08000280   Section        0  llshl.o(.text)
    .text                                    0x0800029e   Section        0  llushr.o(.text)
    .text                                    0x080002be   Section        0  iusefp.o(.text)
    .text                                    0x080002be   Section        0  dadd.o(.text)
    .text                                    0x0800040c   Section        0  dmul.o(.text)
    .text                                    0x080004f0   Section        0  ddiv.o(.text)
    .text                                    0x080005ce   Section        0  dfixul.o(.text)
    .text                                    0x08000600   Section       48  cdrcmple.o(.text)
    .text                                    0x08000630   Section       36  init.o(.text)
    .text                                    0x08000654   Section        0  llsshr.o(.text)
    .text                                    0x08000678   Section        0  depilogue.o(.text)
    [Anonymous Symbol]                       0x08000734   Section        0  stm32f4xx_it.o(.text.BusFault_Handler)
    [Anonymous Symbol]                       0x08000738   Section        0  dht11.o(.text.DHT_Check_Response)
    [Anonymous Symbol]                       0x080007a8   Section        0  dht11.o(.text.DHT_Read)
    [Anonymous Symbol]                       0x08000854   Section        0  dht11.o(.text.DHT_Start)
    [Anonymous Symbol]                       0x0800089c   Section        0  stm32f4xx_it.o(.text.DebugMon_Handler)
    [Anonymous Symbol]                       0x080008a0   Section        0  stm32f4xx_it.o(.text.EXTI15_10_IRQHandler)
    [Anonymous Symbol]                       0x080008b4   Section        0  stm32f4xx_it.o(.text.EXTI9_5_IRQHandler)
    [Anonymous Symbol]                       0x080008d0   Section        0  main.o(.text.Error_Handler)
    [Anonymous Symbol]                       0x080008e0   Section        0  stm32f4xx_hal.o(.text.HAL_Delay)
    [Anonymous Symbol]                       0x08000924   Section        0  keys.o(.text.HAL_GPIO_EXTI_Callback)
    [Anonymous Symbol]                       0x08000a1c   Section        0  stm32f4xx_hal_gpio.o(.text.HAL_GPIO_EXTI_IRQHandler)
    [Anonymous Symbol]                       0x08000a54   Section        0  stm32f4xx_hal_gpio.o(.text.HAL_GPIO_Init)
    [Anonymous Symbol]                       0x08000e0c   Section        0  stm32f4xx_hal_gpio.o(.text.HAL_GPIO_ReadPin)
    [Anonymous Symbol]                       0x08000e3c   Section        0  stm32f4xx_hal_gpio.o(.text.HAL_GPIO_WritePin)
    [Anonymous Symbol]                       0x08000e6c   Section        0  stm32f4xx_hal.o(.text.HAL_GetTick)
    [Anonymous Symbol]                       0x08000e78   Section        0  stm32f4xx_hal.o(.text.HAL_IncTick)
    [Anonymous Symbol]                       0x08000e94   Section        0  stm32f4xx_hal.o(.text.HAL_Init)
    [Anonymous Symbol]                       0x08000ecc   Section        0  stm32f4xx_hal.o(.text.HAL_InitTick)
    [Anonymous Symbol]                       0x08000f3c   Section        0  stm32f4xx_hal_msp.o(.text.HAL_MspInit)
    [Anonymous Symbol]                       0x08000f88   Section        0  stm32f4xx_hal_cortex.o(.text.HAL_NVIC_EnableIRQ)
    [Anonymous Symbol]                       0x08000f9c   Section        0  stm32f4xx_hal_cortex.o(.text.HAL_NVIC_SetPriority)
    [Anonymous Symbol]                       0x08000fd0   Section        0  stm32f4xx_hal_cortex.o(.text.HAL_NVIC_SetPriorityGrouping)
    [Anonymous Symbol]                       0x08000fe0   Section        0  stm32f4xx_hal_rcc.o(.text.HAL_RCC_ClockConfig)
    [Anonymous Symbol]                       0x08001244   Section        0  stm32f4xx_hal_rcc.o(.text.HAL_RCC_GetHCLKFreq)
    [Anonymous Symbol]                       0x08001250   Section        0  stm32f4xx_hal_rcc.o(.text.HAL_RCC_GetPCLK1Freq)
    [Anonymous Symbol]                       0x08001274   Section        0  stm32f4xx_hal_rcc.o(.text.HAL_RCC_GetPCLK2Freq)
    [Anonymous Symbol]                       0x08001298   Section        0  stm32f4xx_hal_rcc.o(.text.HAL_RCC_GetSysClockFreq)
    [Anonymous Symbol]                       0x08001380   Section        0  stm32f4xx_hal_rcc.o(.text.HAL_RCC_OscConfig)
    [Anonymous Symbol]                       0x08001a40   Section        0  stm32f4xx_hal_cortex.o(.text.HAL_SYSTICK_Config)
    [Anonymous Symbol]                       0x08001a50   Section        0  stm32f4xx_hal_tim_ex.o(.text.HAL_TIMEx_BreakCallback)
    [Anonymous Symbol]                       0x08001a58   Section        0  stm32f4xx_hal_tim_ex.o(.text.HAL_TIMEx_CommutCallback)
    [Anonymous Symbol]                       0x08001a60   Section        0  stm32f4xx_hal_tim_ex.o(.text.HAL_TIMEx_CommutHalfCpltCallback)
    [Anonymous Symbol]                       0x08001a68   Section        0  stm32f4xx_hal_tim_ex.o(.text.HAL_TIMEx_ConfigBreakDeadTime)
    [Anonymous Symbol]                       0x08001b1c   Section        0  stm32f4xx_hal_tim_ex.o(.text.HAL_TIMEx_MasterConfigSynchronization)
    [Anonymous Symbol]                       0x08001c40   Section        0  stm32f4xx_hal_tim.o(.text.HAL_TIM_Base_Init)
    [Anonymous Symbol]                       0x08001cf8   Section        0  tim.o(.text.HAL_TIM_Base_MspInit)
    [Anonymous Symbol]                       0x08001e20   Section        0  stm32f4xx_hal_tim.o(.text.HAL_TIM_Base_Start)
    [Anonymous Symbol]                       0x08001f0c   Section        0  stm32f4xx_hal_tim.o(.text.HAL_TIM_Base_Start_IT)
    [Anonymous Symbol]                       0x08002004   Section        0  stm32f4xx_hal_tim.o(.text.HAL_TIM_ErrorCallback)
    [Anonymous Symbol]                       0x0800200c   Section        0  stm32f4xx_hal_tim.o(.text.HAL_TIM_IC_CaptureCallback)
    [Anonymous Symbol]                       0x08002014   Section        0  stm32f4xx_hal_tim.o(.text.HAL_TIM_IC_CaptureHalfCpltCallback)
    [Anonymous Symbol]                       0x0800201c   Section        0  stm32f4xx_hal_tim.o(.text.HAL_TIM_IC_ConfigChannel)
    [Anonymous Symbol]                       0x0800214c   Section        0  stm32f4xx_hal_tim.o(.text.HAL_TIM_IC_Init)
    [Anonymous Symbol]                       0x08002204   Section        0  stm32f4xx_hal_tim.o(.text.HAL_TIM_IC_MspInit)
    [Anonymous Symbol]                       0x0800220c   Section        0  stm32f4xx_hal_tim.o(.text.HAL_TIM_IRQHandler)
    [Anonymous Symbol]                       0x080024a8   Section        0  tim.o(.text.HAL_TIM_MspPostInit)
    [Anonymous Symbol]                       0x08002514   Section        0  stm32f4xx_hal_tim.o(.text.HAL_TIM_OC_DelayElapsedCallback)
    [Anonymous Symbol]                       0x0800251c   Section        0  stm32f4xx_hal_tim.o(.text.HAL_TIM_OnePulse_Init)
    [Anonymous Symbol]                       0x080025c8   Section        0  stm32f4xx_hal_tim.o(.text.HAL_TIM_OnePulse_MspInit)
    [Anonymous Symbol]                       0x080025d0   Section        0  stm32f4xx_hal_tim.o(.text.HAL_TIM_PWM_ConfigChannel)
    [Anonymous Symbol]                       0x08002714   Section        0  stm32f4xx_hal_tim.o(.text.HAL_TIM_PWM_Init)
    [Anonymous Symbol]                       0x080027cc   Section        0  tim.o(.text.HAL_TIM_PWM_MspInit)
    [Anonymous Symbol]                       0x0800281c   Section        0  stm32f4xx_hal_tim.o(.text.HAL_TIM_PWM_PulseFinishedCallback)
    [Anonymous Symbol]                       0x08002824   Section        0  stm32f4xx_hal_tim.o(.text.HAL_TIM_PWM_PulseFinishedHalfCpltCallback)
    [Anonymous Symbol]                       0x0800282c   Section        0  stm32f4xx_hal_tim.o(.text.HAL_TIM_PWM_Start)
    [Anonymous Symbol]                       0x080029f8   Section        0  main.o(.text.HAL_TIM_PeriodElapsedCallback)
    [Anonymous Symbol]                       0x08002a38   Section        0  stm32f4xx_hal_tim.o(.text.HAL_TIM_PeriodElapsedHalfCpltCallback)
    [Anonymous Symbol]                       0x08002a40   Section        0  stm32f4xx_hal_tim.o(.text.HAL_TIM_TriggerCallback)
    [Anonymous Symbol]                       0x08002a48   Section        0  stm32f4xx_hal_tim.o(.text.HAL_TIM_TriggerHalfCpltCallback)
    [Anonymous Symbol]                       0x08002a50   Section        0  stm32f4xx_hal_uart.o(.text.HAL_UART_Init)
    [Anonymous Symbol]                       0x08002aec   Section        0  usart.o(.text.HAL_UART_MspInit)
    [Anonymous Symbol]                       0x08002b78   Section        0  stm32f4xx_it.o(.text.HardFault_Handler)
    [Anonymous Symbol]                       0x08002b7c   Section        0  gpio.o(.text.MX_GPIO_Init)
    [Anonymous Symbol]                       0x08002e20   Section        0  tim.o(.text.MX_TIM10_Init)
    [Anonymous Symbol]                       0x08002e9c   Section        0  tim.o(.text.MX_TIM1_Init)
    [Anonymous Symbol]                       0x08002f8c   Section        0  tim.o(.text.MX_TIM6_Init)
    [Anonymous Symbol]                       0x08003000   Section        0  tim.o(.text.MX_TIM7_Init)
    [Anonymous Symbol]                       0x0800305c   Section        0  usart.o(.text.MX_UART4_Init)
    [Anonymous Symbol]                       0x0800309c   Section        0  stm32f4xx_it.o(.text.MemManage_Handler)
    [Anonymous Symbol]                       0x080030a0   Section        0  stm32f4xx_it.o(.text.NMI_Handler)
    NVIC_EncodePriority                      0x080030a5   Thumb Code   108  stm32f4xx_hal_cortex.o(.text.NVIC_EncodePriority)
    [Anonymous Symbol]                       0x080030a4   Section        0  stm32f4xx_hal_cortex.o(.text.NVIC_EncodePriority)
    [Anonymous Symbol]                       0x08003110   Section        0  stm32f4xx_it.o(.text.PendSV_Handler)
    [Anonymous Symbol]                       0x08003114   Section        0  stm32f4xx_it.o(.text.SVC_Handler)
    [Anonymous Symbol]                       0x08003118   Section        0  dht11.o(.text.Set_Pin_Input)
    [Anonymous Symbol]                       0x08003144   Section        0  dht11.o(.text.Set_Pin_Output)
    SysTick_Config                           0x08003175   Thumb Code    82  stm32f4xx_hal_cortex.o(.text.SysTick_Config)
    [Anonymous Symbol]                       0x08003174   Section        0  stm32f4xx_hal_cortex.o(.text.SysTick_Config)
    [Anonymous Symbol]                       0x080031c8   Section        0  stm32f4xx_it.o(.text.SysTick_Handler)
    [Anonymous Symbol]                       0x080031d0   Section        0  main.o(.text.SystemClock_Config)
    [Anonymous Symbol]                       0x08003270   Section        0  system_stm32f4xx.o(.text.SystemInit)
    [Anonymous Symbol]                       0x08003284   Section        0  stm32f4xx_it.o(.text.TIM1_UP_TIM10_IRQHandler)
    [Anonymous Symbol]                       0x080032a0   Section        0  stm32f4xx_it.o(.text.TIM7_IRQHandler)
    [Anonymous Symbol]                       0x080032b0   Section        0  stm32f4xx_hal_tim.o(.text.TIM_Base_SetConfig)
    [Anonymous Symbol]                       0x0800344c   Section        0  stm32f4xx_hal_tim.o(.text.TIM_CCxChannelCmd)
    TIM_OC1_SetConfig                        0x08003485   Thumb Code   234  stm32f4xx_hal_tim.o(.text.TIM_OC1_SetConfig)
    [Anonymous Symbol]                       0x08003484   Section        0  stm32f4xx_hal_tim.o(.text.TIM_OC1_SetConfig)
    [Anonymous Symbol]                       0x08003570   Section        0  stm32f4xx_hal_tim.o(.text.TIM_OC2_SetConfig)
    TIM_OC3_SetConfig                        0x08003665   Thumb Code   242  stm32f4xx_hal_tim.o(.text.TIM_OC3_SetConfig)
    [Anonymous Symbol]                       0x08003664   Section        0  stm32f4xx_hal_tim.o(.text.TIM_OC3_SetConfig)
    TIM_OC4_SetConfig                        0x08003759   Thumb Code   164  stm32f4xx_hal_tim.o(.text.TIM_OC4_SetConfig)
    [Anonymous Symbol]                       0x08003758   Section        0  stm32f4xx_hal_tim.o(.text.TIM_OC4_SetConfig)
    [Anonymous Symbol]                       0x080037fc   Section        0  stm32f4xx_hal_tim.o(.text.TIM_ResetCallback)
    [Anonymous Symbol]                       0x080038bc   Section        0  stm32f4xx_hal_tim.o(.text.TIM_TI1_SetConfig)
    TIM_TI2_SetConfig                        0x080039d5   Thumb Code   108  stm32f4xx_hal_tim.o(.text.TIM_TI2_SetConfig)
    [Anonymous Symbol]                       0x080039d4   Section        0  stm32f4xx_hal_tim.o(.text.TIM_TI2_SetConfig)
    TIM_TI3_SetConfig                        0x08003a41   Thumb Code   106  stm32f4xx_hal_tim.o(.text.TIM_TI3_SetConfig)
    [Anonymous Symbol]                       0x08003a40   Section        0  stm32f4xx_hal_tim.o(.text.TIM_TI3_SetConfig)
    TIM_TI4_SetConfig                        0x08003aad   Thumb Code   108  stm32f4xx_hal_tim.o(.text.TIM_TI4_SetConfig)
    [Anonymous Symbol]                       0x08003aac   Section        0  stm32f4xx_hal_tim.o(.text.TIM_TI4_SetConfig)
    UART_SetConfig                           0x08003b19   Thumb Code   314  stm32f4xx_hal_uart.o(.text.UART_SetConfig)
    [Anonymous Symbol]                       0x08003b18   Section        0  stm32f4xx_hal_uart.o(.text.UART_SetConfig)
    [Anonymous Symbol]                       0x08003c54   Section        0  stm32f4xx_it.o(.text.UsageFault_Handler)
    __NVIC_EnableIRQ                         0x08003c59   Thumb Code    48  stm32f4xx_hal_cortex.o(.text.__NVIC_EnableIRQ)
    [Anonymous Symbol]                       0x08003c58   Section        0  stm32f4xx_hal_cortex.o(.text.__NVIC_EnableIRQ)
    __NVIC_GetPriorityGrouping               0x08003c89   Thumb Code    16  stm32f4xx_hal_cortex.o(.text.__NVIC_GetPriorityGrouping)
    [Anonymous Symbol]                       0x08003c88   Section        0  stm32f4xx_hal_cortex.o(.text.__NVIC_GetPriorityGrouping)
    __NVIC_SetPriority                       0x08003c99   Thumb Code    66  stm32f4xx_hal_cortex.o(.text.__NVIC_SetPriority)
    [Anonymous Symbol]                       0x08003c98   Section        0  stm32f4xx_hal_cortex.o(.text.__NVIC_SetPriority)
    __NVIC_SetPriorityGrouping               0x08003cdd   Thumb Code    60  stm32f4xx_hal_cortex.o(.text.__NVIC_SetPriorityGrouping)
    [Anonymous Symbol]                       0x08003cdc   Section        0  stm32f4xx_hal_cortex.o(.text.__NVIC_SetPriorityGrouping)
    [Anonymous Symbol]                       0x08003d18   Section        0  dht11.o(.text.dht_check_sensor)
    [Anonymous Symbol]                       0x08003dc8   Section        0  dht11.o(.text.dht_get_data)
    [Anonymous Symbol]                       0x08003de0   Section        0  dht11.o(.text.dht_init)
    [Anonymous Symbol]                       0x08003de8   Section        0  lcd.o(.text.lcd_clear)
    lcd_clock                                0x08003e09   Thumb Code    54  lcd.o(.text.lcd_clock)
    [Anonymous Symbol]                       0x08003e08   Section        0  lcd.o(.text.lcd_clock)
    [Anonymous Symbol]                       0x08003e40   Section        0  lcd.o(.text.lcd_init)
    [Anonymous Symbol]                       0x08003ef0   Section        0  lcd.o(.text.lcd_set_cursor)
    lcd_write_command                        0x08003f2d   Thumb Code    42  lcd.o(.text.lcd_write_command)
    [Anonymous Symbol]                       0x08003f2c   Section        0  lcd.o(.text.lcd_write_command)
    lcd_write_data                           0x08003f59   Thumb Code    72  lcd.o(.text.lcd_write_data)
    [Anonymous Symbol]                       0x08003f58   Section        0  lcd.o(.text.lcd_write_data)
    lcd_write_port                           0x08003fa1   Thumb Code   198  lcd.o(.text.lcd_write_port)
    [Anonymous Symbol]                       0x08003fa0   Section        0  lcd.o(.text.lcd_write_port)
    [Anonymous Symbol]                       0x08004068   Section        0  lcd.o(.text.lcd_write_string)
    [Anonymous Symbol]                       0x080040ac   Section        0  main.o(.text.main)
    [Anonymous Symbol]                       0x08004170   Section        0  modes.o(.text.mode_choice_run)
    [Anonymous Symbol]                       0x08004358   Section        0  modes.o(.text.mode_current_data_run)
    [Anonymous Symbol]                       0x080044d4   Section        0  modes.o(.text.mode_get)
    [Anonymous Symbol]                       0x080044e0   Section        0  mode_help.o(.text.mode_help_draw)
    [Anonymous Symbol]                       0x080046b4   Section        0  modes.o(.text.mode_help_run)
    [Anonymous Symbol]                       0x0800479c   Section        0  modes.o(.text.mode_init)
    [Anonymous Symbol]                       0x080047ac   Section        0  modes.o(.text.mode_saved_data_run)
    [Anonymous Symbol]                       0x080047f8   Section        0  modes.o(.text.mode_set)
    [Anonymous Symbol]                       0x08004810   Section        0  mode_settings.o(.text.mode_settings_draw)
    [Anonymous Symbol]                       0x080049c4   Section        0  modes.o(.text.mode_settings_run)
    [Anonymous Symbol]                       0x08004af4   Section        0  status.o(.text.status_get)
    [Anonymous Symbol]                       0x08004b00   Section        0  status.o(.text.status_init)
    [Anonymous Symbol]                       0x08004b10   Section        0  status.o(.text.status_set)
    [Anonymous Symbol]                       0x08004b28   Section        0  timer.o(.text.timer_delay_us)
    [Anonymous Symbol]                       0x08004b84   Section        0  timer.o(.text.timer_dht_init)
    [Anonymous Symbol]                       0x08004b98   Section        0  timer.o(.text.timer_spy_init)
    [Anonymous Symbol]                       0x08004bac   Section        0  timer.o(.text.timer_spy_reset)
    [Anonymous Symbol]                       0x08004bbc   Section        0  timer.o(.text.timer_spy_run)
    [Anonymous Symbol]                       0x08004bd0   Section        0  timer.o(.text.timer_spy_stop)
    [Anonymous Symbol]                       0x08004be0   Section        0  ui.o(.text.ui_get_cursor)
    [Anonymous Symbol]                       0x08004bfc   Section        0  ui.o(.text.ui_get_page)
    [Anonymous Symbol]                       0x08004c08   Section        0  ui.o(.text.ui_set_cursor)
    [Anonymous Symbol]                       0x08004c2c   Section        0  ui.o(.text.ui_set_page)
    i.__0sprintf                             0x08004c44   Section        0  printfa.o(i.__0sprintf)
    i.__scatterload_copy                     0x08004c6c   Section       14  handlers.o(i.__scatterload_copy)
    i.__scatterload_null                     0x08004c7a   Section        2  handlers.o(i.__scatterload_null)
    i.__scatterload_zeroinit                 0x08004c7c   Section       14  handlers.o(i.__scatterload_zeroinit)
    _fp_digits                               0x08004c8d   Thumb Code   366  printfa.o(i._fp_digits)
    i._fp_digits                             0x08004c8c   Section        0  printfa.o(i._fp_digits)
    _printf_core                             0x08004e11   Thumb Code  1744  printfa.o(i._printf_core)
    i._printf_core                           0x08004e10   Section        0  printfa.o(i._printf_core)
    _printf_post_padding                     0x080054ed   Thumb Code    36  printfa.o(i._printf_post_padding)
    i._printf_post_padding                   0x080054ec   Section        0  printfa.o(i._printf_post_padding)
    _printf_pre_padding                      0x08005511   Thumb Code    46  printfa.o(i._printf_pre_padding)
    i._printf_pre_padding                    0x08005510   Section        0  printfa.o(i._printf_pre_padding)
    _sputc                                   0x0800553f   Thumb Code    10  printfa.o(i._sputc)
    i._sputc                                 0x0800553e   Section        0  printfa.o(i._sputc)
    .L.str                                   0x08005560   Data          13  modes.o(.rodata.str1.1)
    [Anonymous Symbol]                       0x08005560   Section        0  modes.o(.rodata.str1.1)
    .L.str.2                                 0x0800556d   Data          11  modes.o(.rodata.str1.1)
    .L.str.1                                 0x08005578   Data          13  modes.o(.rodata.str1.1)
    .L.str.3                                 0x08005585   Data           3  modes.o(.rodata.str1.1)
    .L.str.7                                 0x08005585   Data           3  modes.o(.rodata.str1.1)
    .L.str.6                                 0x08005588   Data           4  modes.o(.rodata.str1.1)
    .L.str.3                                 0x0800558c   Data           5  modes.o(.rodata.str1.1)
    .L.str.5                                 0x08005591   Data           5  modes.o(.rodata.str1.1)
    .L.str.8                                 0x08005596   Data          15  modes.o(.rodata.str1.1)
    .L.str.4                                 0x080055a5   Data           9  modes.o(.rodata.str1.1)
    .L.str.1                                 0x080055ae   Data          16  mode_help.o(.rodata.str1.1)
    .L.str.1                                 0x080055ae   Data          16  mode_help.o(.rodata.str1.1)
    [Anonymous Symbol]                       0x080055ae   Section        0  mode_help.o(.rodata.str1.1)
    .L.str.2                                 0x080055be   Data          16  mode_help.o(.rodata.str1.1)
    .L.str                                   0x080055ce   Data          13  mode_help.o(.rodata.str1.1)
    .L.str.4                                 0x080055db   Data          11  mode_help.o(.rodata.str1.1)
    .L.str.3                                 0x080055e6   Data          13  mode_help.o(.rodata.str1.1)
    .L.str.5                                 0x080055f3   Data          14  mode_help.o(.rodata.str1.1)
    .L.str                                   0x08005601   Data          17  mode_settings.o(.rodata.str1.1)
    [Anonymous Symbol]                       0x08005601   Section        0  mode_settings.o(.rodata.str1.1)
    .L.str.2                                 0x08005612   Data          13  mode_settings.o(.rodata.str1.1)
    mode                                     0x20000330   Data           1  modes.o(.bss.mode)
    [Anonymous Symbol]                       0x20000330   Section        0  modes.o(.bss.mode)
    status                                   0x20000332   Data           2  status.o(.bss.status)
    [Anonymous Symbol]                       0x20000332   Section        0  status.o(.bss.status)
    ui                                       0x20000334   Data           3  ui.o(.bss.ui)
    [Anonymous Symbol]                       0x20000334   Section        0  ui.o(.bss.ui)
    STACK                                    0x20000340   Section     1024  startup_stm32f407xx.o(STACK)

    Global Symbols

    Symbol Name                              Value     Ov Type        Size  Object(Section)

    BuildAttributes$$THM_ISAv4$E$P$D$K$B$S$7EM$VFPi3$EXTD16$VFPS$VFMA$PE$A:L22UL41UL21$X:L11$S22US41US21$IEEE1$IW$~IW$USESV6$~STKCKD$USESV7$~SHL$OSPACE$ROPI$EBA8$MICROLIB$REQ8$PRES8$EABIv2 0x00000000   Number         0  anon$$obj.o ABSOLUTE
    __cpp_initialize__aeabi_                  - Undefined Weak Reference
    __cxa_finalize                            - Undefined Weak Reference
    __decompress                              - Undefined Weak Reference
    _clock_init                               - Undefined Weak Reference
    _microlib_exit                            - Undefined Weak Reference
    __Vectors_Size                           0x00000188   Number         0  startup_stm32f407xx.o ABSOLUTE
    __Vectors                                0x08000000   Data           4  startup_stm32f407xx.o(RESET)
    __Vectors_End                            0x08000188   Data           0  startup_stm32f407xx.o(RESET)
    __main                                   0x08000189   Thumb Code     0  entry.o(.ARM.Collect$$$$00000000)
    _main_stk                                0x08000189   Thumb Code     0  entry2.o(.ARM.Collect$$$$00000001)
    _main_scatterload                        0x0800018d   Thumb Code     0  entry5.o(.ARM.Collect$$$$00000004)
    __main_after_scatterload                 0x08000191   Thumb Code     0  entry5.o(.ARM.Collect$$$$00000004)
    _main_clock                              0x08000191   Thumb Code     0  entry7b.o(.ARM.Collect$$$$00000008)
    _main_cpp_init                           0x08000191   Thumb Code     0  entry8b.o(.ARM.Collect$$$$0000000A)
    _main_init                               0x08000191   Thumb Code     0  entry9a.o(.ARM.Collect$$$$0000000B)
    __rt_final_cpp                           0x08000199   Thumb Code     0  entry10a.o(.ARM.Collect$$$$0000000D)
    __rt_final_exit                          0x08000199   Thumb Code     0  entry11a.o(.ARM.Collect$$$$0000000F)
    Reset_Handler                            0x0800019d   Thumb Code     8  startup_stm32f407xx.o(.text)
    ADC_IRQHandler                           0x080001b7   Thumb Code     0  startup_stm32f407xx.o(.text)
    CAN1_RX0_IRQHandler                      0x080001b7   Thumb Code     0  startup_stm32f407xx.o(.text)
    CAN1_RX1_IRQHandler                      0x080001b7   Thumb Code     0  startup_stm32f407xx.o(.text)
    CAN1_SCE_IRQHandler                      0x080001b7   Thumb Code     0  startup_stm32f407xx.o(.text)
    CAN1_TX_IRQHandler                       0x080001b7   Thumb Code     0  startup_stm32f407xx.o(.text)
    CAN2_RX0_IRQHandler                      0x080001b7   Thumb Code     0  startup_stm32f407xx.o(.text)
    CAN2_RX1_IRQHandler                      0x080001b7   Thumb Code     0  startup_stm32f407xx.o(.text)
    CAN2_SCE_IRQHandler                      0x080001b7   Thumb Code     0  startup_stm32f407xx.o(.text)
    CAN2_TX_IRQHandler                       0x080001b7   Thumb Code     0  startup_stm32f407xx.o(.text)
    DCMI_IRQHandler                          0x080001b7   Thumb Code     0  startup_stm32f407xx.o(.text)
    DMA1_Stream0_IRQHandler                  0x080001b7   Thumb Code     0  startup_stm32f407xx.o(.text)
    DMA1_Stream1_IRQHandler                  0x080001b7   Thumb Code     0  startup_stm32f407xx.o(.text)
    DMA1_Stream2_IRQHandler                  0x080001b7   Thumb Code     0  startup_stm32f407xx.o(.text)
    DMA1_Stream3_IRQHandler                  0x080001b7   Thumb Code     0  startup_stm32f407xx.o(.text)
    DMA1_Stream4_IRQHandler                  0x080001b7   Thumb Code     0  startup_stm32f407xx.o(.text)
    DMA1_Stream5_IRQHandler                  0x080001b7   Thumb Code     0  startup_stm32f407xx.o(.text)
    DMA1_Stream6_IRQHandler                  0x080001b7   Thumb Code     0  startup_stm32f407xx.o(.text)
    DMA1_Stream7_IRQHandler                  0x080001b7   Thumb Code     0  startup_stm32f407xx.o(.text)
    DMA2_Stream0_IRQHandler                  0x080001b7   Thumb Code     0  startup_stm32f407xx.o(.text)
    DMA2_Stream1_IRQHandler                  0x080001b7   Thumb Code     0  startup_stm32f407xx.o(.text)
    DMA2_Stream2_IRQHandler                  0x080001b7   Thumb Code     0  startup_stm32f407xx.o(.text)
    DMA2_Stream3_IRQHandler                  0x080001b7   Thumb Code     0  startup_stm32f407xx.o(.text)
    DMA2_Stream4_IRQHandler                  0x080001b7   Thumb Code     0  startup_stm32f407xx.o(.text)
    DMA2_Stream5_IRQHandler                  0x080001b7   Thumb Code     0  startup_stm32f407xx.o(.text)
    DMA2_Stream6_IRQHandler                  0x080001b7   Thumb Code     0  startup_stm32f407xx.o(.text)
    DMA2_Stream7_IRQHandler                  0x080001b7   Thumb Code     0  startup_stm32f407xx.o(.text)
    ETH_IRQHandler                           0x080001b7   Thumb Code     0  startup_stm32f407xx.o(.text)
    ETH_WKUP_IRQHandler                      0x080001b7   Thumb Code     0  startup_stm32f407xx.o(.text)
    EXTI0_IRQHandler                         0x080001b7   Thumb Code     0  startup_stm32f407xx.o(.text)
    EXTI1_IRQHandler                         0x080001b7   Thumb Code     0  startup_stm32f407xx.o(.text)
    EXTI2_IRQHandler                         0x080001b7   Thumb Code     0  startup_stm32f407xx.o(.text)
    EXTI3_IRQHandler                         0x080001b7   Thumb Code     0  startup_stm32f407xx.o(.text)
    EXTI4_IRQHandler                         0x080001b7   Thumb Code     0  startup_stm32f407xx.o(.text)
    FLASH_IRQHandler                         0x080001b7   Thumb Code     0  startup_stm32f407xx.o(.text)
    FMC_IRQHandler                           0x080001b7   Thumb Code     0  startup_stm32f407xx.o(.text)
    FPU_IRQHandler                           0x080001b7   Thumb Code     0  startup_stm32f407xx.o(.text)
    HASH_RNG_IRQHandler                      0x080001b7   Thumb Code     0  startup_stm32f407xx.o(.text)
    I2C1_ER_IRQHandler                       0x080001b7   Thumb Code     0  startup_stm32f407xx.o(.text)
    I2C1_EV_IRQHandler                       0x080001b7   Thumb Code     0  startup_stm32f407xx.o(.text)
    I2C2_ER_IRQHandler                       0x080001b7   Thumb Code     0  startup_stm32f407xx.o(.text)
    I2C2_EV_IRQHandler                       0x080001b7   Thumb Code     0  startup_stm32f407xx.o(.text)
    I2C3_ER_IRQHandler                       0x080001b7   Thumb Code     0  startup_stm32f407xx.o(.text)
    I2C3_EV_IRQHandler                       0x080001b7   Thumb Code     0  startup_stm32f407xx.o(.text)
    OTG_FS_IRQHandler                        0x080001b7   Thumb Code     0  startup_stm32f407xx.o(.text)
    OTG_FS_WKUP_IRQHandler                   0x080001b7   Thumb Code     0  startup_stm32f407xx.o(.text)
    OTG_HS_EP1_IN_IRQHandler                 0x080001b7   Thumb Code     0  startup_stm32f407xx.o(.text)
    OTG_HS_EP1_OUT_IRQHandler                0x080001b7   Thumb Code     0  startup_stm32f407xx.o(.text)
    OTG_HS_IRQHandler                        0x080001b7   Thumb Code     0  startup_stm32f407xx.o(.text)
    OTG_HS_WKUP_IRQHandler                   0x080001b7   Thumb Code     0  startup_stm32f407xx.o(.text)
    PVD_IRQHandler                           0x080001b7   Thumb Code     0  startup_stm32f407xx.o(.text)
    RCC_IRQHandler                           0x080001b7   Thumb Code     0  startup_stm32f407xx.o(.text)
    RTC_Alarm_IRQHandler                     0x080001b7   Thumb Code     0  startup_stm32f407xx.o(.text)
    RTC_WKUP_IRQHandler                      0x080001b7   Thumb Code     0  startup_stm32f407xx.o(.text)
    SDIO_IRQHandler                          0x080001b7   Thumb Code     0  startup_stm32f407xx.o(.text)
    SPI1_IRQHandler                          0x080001b7   Thumb Code     0  startup_stm32f407xx.o(.text)
    SPI2_IRQHandler                          0x080001b7   Thumb Code     0  startup_stm32f407xx.o(.text)
    SPI3_IRQHandler                          0x080001b7   Thumb Code     0  startup_stm32f407xx.o(.text)
    TAMP_STAMP_IRQHandler                    0x080001b7   Thumb Code     0  startup_stm32f407xx.o(.text)
    TIM1_BRK_TIM9_IRQHandler                 0x080001b7   Thumb Code     0  startup_stm32f407xx.o(.text)
    TIM1_CC_IRQHandler                       0x080001b7   Thumb Code     0  startup_stm32f407xx.o(.text)
    TIM1_TRG_COM_TIM11_IRQHandler            0x080001b7   Thumb Code     0  startup_stm32f407xx.o(.text)
    TIM2_IRQHandler                          0x080001b7   Thumb Code     0  startup_stm32f407xx.o(.text)
    TIM3_IRQHandler                          0x080001b7   Thumb Code     0  startup_stm32f407xx.o(.text)
    TIM4_IRQHandler                          0x080001b7   Thumb Code     0  startup_stm32f407xx.o(.text)
    TIM5_IRQHandler                          0x080001b7   Thumb Code     0  startup_stm32f407xx.o(.text)
    TIM6_DAC_IRQHandler                      0x080001b7   Thumb Code     0  startup_stm32f407xx.o(.text)
    TIM8_BRK_TIM12_IRQHandler                0x080001b7   Thumb Code     0  startup_stm32f407xx.o(.text)
    TIM8_CC_IRQHandler                       0x080001b7   Thumb Code     0  startup_stm32f407xx.o(.text)
    TIM8_TRG_COM_TIM14_IRQHandler            0x080001b7   Thumb Code     0  startup_stm32f407xx.o(.text)
    TIM8_UP_TIM13_IRQHandler                 0x080001b7   Thumb Code     0  startup_stm32f407xx.o(.text)
    UART4_IRQHandler                         0x080001b7   Thumb Code     0  startup_stm32f407xx.o(.text)
    UART5_IRQHandler                         0x080001b7   Thumb Code     0  startup_stm32f407xx.o(.text)
    USART1_IRQHandler                        0x080001b7   Thumb Code     0  startup_stm32f407xx.o(.text)
    USART2_IRQHandler                        0x080001b7   Thumb Code     0  startup_stm32f407xx.o(.text)
    USART3_IRQHandler                        0x080001b7   Thumb Code     0  startup_stm32f407xx.o(.text)
    USART6_IRQHandler                        0x080001b7   Thumb Code     0  startup_stm32f407xx.o(.text)
    WWDG_IRQHandler                          0x080001b7   Thumb Code     0  startup_stm32f407xx.o(.text)
    __aeabi_uldivmod                         0x080001c1   Thumb Code    98  uldiv.o(.text)
    __aeabi_memset                           0x08000223   Thumb Code    14  memseta.o(.text)
    __aeabi_memset4                          0x08000223   Thumb Code     0  memseta.o(.text)
    __aeabi_memset8                          0x08000223   Thumb Code     0  memseta.o(.text)
    __aeabi_memclr                           0x08000231   Thumb Code     4  memseta.o(.text)
    __aeabi_memclr4                          0x08000231   Thumb Code     0  memseta.o(.text)
    __aeabi_memclr8                          0x08000231   Thumb Code     0  memseta.o(.text)
    _memset$wrapper                          0x08000235   Thumb Code    18  memseta.o(.text)
    strlen                                   0x08000247   Thumb Code    14  strlen.o(.text)
    __aeabi_uidiv                            0x08000255   Thumb Code     0  uidiv.o(.text)
    __aeabi_uidivmod                         0x08000255   Thumb Code    44  uidiv.o(.text)
    __aeabi_llsl                             0x08000281   Thumb Code    30  llshl.o(.text)
    _ll_shift_l                              0x08000281   Thumb Code     0  llshl.o(.text)
    __aeabi_llsr                             0x0800029f   Thumb Code    32  llushr.o(.text)
    _ll_ushift_r                             0x0800029f   Thumb Code     0  llushr.o(.text)
    __I$use$fp                               0x080002bf   Thumb Code     0  iusefp.o(.text)
    __aeabi_dadd                             0x080002bf   Thumb Code   322  dadd.o(.text)
    __aeabi_dsub                             0x08000401   Thumb Code     6  dadd.o(.text)
    __aeabi_drsub                            0x08000407   Thumb Code     6  dadd.o(.text)
    __aeabi_dmul                             0x0800040d   Thumb Code   228  dmul.o(.text)
    __aeabi_ddiv                             0x080004f1   Thumb Code   222  ddiv.o(.text)
    __aeabi_d2ulz                            0x080005cf   Thumb Code    48  dfixul.o(.text)
    __aeabi_cdrcmple                         0x08000601   Thumb Code    48  cdrcmple.o(.text)
    __scatterload                            0x08000631   Thumb Code    28  init.o(.text)
    __scatterload_rt2                        0x08000631   Thumb Code     0  init.o(.text)
    __aeabi_lasr                             0x08000655   Thumb Code    36  llsshr.o(.text)
    _ll_sshift_r                             0x08000655   Thumb Code     0  llsshr.o(.text)
    _double_round                            0x08000679   Thumb Code    30  depilogue.o(.text)
    _double_epilogue                         0x08000697   Thumb Code   156  depilogue.o(.text)
    BusFault_Handler                         0x08000735   Thumb Code     4  stm32f4xx_it.o(.text.BusFault_Handler)
    DHT_Check_Response                       0x08000739   Thumb Code   112  dht11.o(.text.DHT_Check_Response)
    DHT_Read                                 0x080007a9   Thumb Code   170  dht11.o(.text.DHT_Read)
    DHT_Start                                0x08000855   Thumb Code    70  dht11.o(.text.DHT_Start)
    DebugMon_Handler                         0x0800089d   Thumb Code     2  stm32f4xx_it.o(.text.DebugMon_Handler)
    EXTI15_10_IRQHandler                     0x080008a1   Thumb Code    20  stm32f4xx_it.o(.text.EXTI15_10_IRQHandler)
    EXTI9_5_IRQHandler                       0x080008b5   Thumb Code    26  stm32f4xx_it.o(.text.EXTI9_5_IRQHandler)
    Error_Handler                            0x080008d1   Thumb Code    14  main.o(.text.Error_Handler)
    HAL_Delay                                0x080008e1   Thumb Code    66  stm32f4xx_hal.o(.text.HAL_Delay)
    HAL_GPIO_EXTI_Callback                   0x08000925   Thumb Code   246  keys.o(.text.HAL_GPIO_EXTI_Callback)
    HAL_GPIO_EXTI_IRQHandler                 0x08000a1d   Thumb Code    56  stm32f4xx_hal_gpio.o(.text.HAL_GPIO_EXTI_IRQHandler)
    HAL_GPIO_Init                            0x08000a55   Thumb Code   950  stm32f4xx_hal_gpio.o(.text.HAL_GPIO_Init)
    HAL_GPIO_ReadPin                         0x08000e0d   Thumb Code    46  stm32f4xx_hal_gpio.o(.text.HAL_GPIO_ReadPin)
    HAL_GPIO_WritePin                        0x08000e3d   Thumb Code    46  stm32f4xx_hal_gpio.o(.text.HAL_GPIO_WritePin)
    HAL_GetTick                              0x08000e6d   Thumb Code    12  stm32f4xx_hal.o(.text.HAL_GetTick)
    HAL_IncTick                              0x08000e79   Thumb Code    26  stm32f4xx_hal.o(.text.HAL_IncTick)
    HAL_Init                                 0x08000e95   Thumb Code    54  stm32f4xx_hal.o(.text.HAL_Init)
    HAL_InitTick                             0x08000ecd   Thumb Code   112  stm32f4xx_hal.o(.text.HAL_InitTick)
    HAL_MspInit                              0x08000f3d   Thumb Code    74  stm32f4xx_hal_msp.o(.text.HAL_MspInit)
    HAL_NVIC_EnableIRQ                       0x08000f89   Thumb Code    20  stm32f4xx_hal_cortex.o(.text.HAL_NVIC_EnableIRQ)
    HAL_NVIC_SetPriority                     0x08000f9d   Thumb Code    50  stm32f4xx_hal_cortex.o(.text.HAL_NVIC_SetPriority)
    HAL_NVIC_SetPriorityGrouping             0x08000fd1   Thumb Code    16  stm32f4xx_hal_cortex.o(.text.HAL_NVIC_SetPriorityGrouping)
    HAL_RCC_ClockConfig                      0x08000fe1   Thumb Code   610  stm32f4xx_hal_rcc.o(.text.HAL_RCC_ClockConfig)
    HAL_RCC_GetHCLKFreq                      0x08001245   Thumb Code    12  stm32f4xx_hal_rcc.o(.text.HAL_RCC_GetHCLKFreq)
    HAL_RCC_GetPCLK1Freq                     0x08001251   Thumb Code    34  stm32f4xx_hal_rcc.o(.text.HAL_RCC_GetPCLK1Freq)
    HAL_RCC_GetPCLK2Freq                     0x08001275   Thumb Code    34  stm32f4xx_hal_rcc.o(.text.HAL_RCC_GetPCLK2Freq)
    HAL_RCC_GetSysClockFreq                  0x08001299   Thumb Code   230  stm32f4xx_hal_rcc.o(.text.HAL_RCC_GetSysClockFreq)
    HAL_RCC_OscConfig                        0x08001381   Thumb Code  1726  stm32f4xx_hal_rcc.o(.text.HAL_RCC_OscConfig)
    HAL_SYSTICK_Config                       0x08001a41   Thumb Code    16  stm32f4xx_hal_cortex.o(.text.HAL_SYSTICK_Config)
    HAL_TIMEx_BreakCallback                  0x08001a51   Thumb Code     8  stm32f4xx_hal_tim_ex.o(.text.HAL_TIMEx_BreakCallback)
    HAL_TIMEx_CommutCallback                 0x08001a59   Thumb Code     8  stm32f4xx_hal_tim_ex.o(.text.HAL_TIMEx_CommutCallback)
    HAL_TIMEx_CommutHalfCpltCallback         0x08001a61   Thumb Code     8  stm32f4xx_hal_tim_ex.o(.text.HAL_TIMEx_CommutHalfCpltCallback)
    HAL_TIMEx_ConfigBreakDeadTime            0x08001a69   Thumb Code   178  stm32f4xx_hal_tim_ex.o(.text.HAL_TIMEx_ConfigBreakDeadTime)
    HAL_TIMEx_MasterConfigSynchronization    0x08001b1d   Thumb Code   290  stm32f4xx_hal_tim_ex.o(.text.HAL_TIMEx_MasterConfigSynchronization)
    HAL_TIM_Base_Init                        0x08001c41   Thumb Code   184  stm32f4xx_hal_tim.o(.text.HAL_TIM_Base_Init)
    HAL_TIM_Base_MspInit                     0x08001cf9   Thumb Code   294  tim.o(.text.HAL_TIM_Base_MspInit)
    HAL_TIM_Base_Start                       0x08001e21   Thumb Code   234  stm32f4xx_hal_tim.o(.text.HAL_TIM_Base_Start)
    HAL_TIM_Base_Start_IT                    0x08001f0d   Thumb Code   246  stm32f4xx_hal_tim.o(.text.HAL_TIM_Base_Start_IT)
    HAL_TIM_ErrorCallback                    0x08002005   Thumb Code     8  stm32f4xx_hal_tim.o(.text.HAL_TIM_ErrorCallback)
    HAL_TIM_IC_CaptureCallback               0x0800200d   Thumb Code     8  stm32f4xx_hal_tim.o(.text.HAL_TIM_IC_CaptureCallback)
    HAL_TIM_IC_CaptureHalfCpltCallback       0x08002015   Thumb Code     8  stm32f4xx_hal_tim.o(.text.HAL_TIM_IC_CaptureHalfCpltCallback)
    HAL_TIM_IC_ConfigChannel                 0x0800201d   Thumb Code   304  stm32f4xx_hal_tim.o(.text.HAL_TIM_IC_ConfigChannel)
    HAL_TIM_IC_Init                          0x0800214d   Thumb Code   184  stm32f4xx_hal_tim.o(.text.HAL_TIM_IC_Init)
    HAL_TIM_IC_MspInit                       0x08002205   Thumb Code     8  stm32f4xx_hal_tim.o(.text.HAL_TIM_IC_MspInit)
    HAL_TIM_IRQHandler                       0x0800220d   Thumb Code   666  stm32f4xx_hal_tim.o(.text.HAL_TIM_IRQHandler)
    HAL_TIM_MspPostInit                      0x080024a9   Thumb Code   108  tim.o(.text.HAL_TIM_MspPostInit)
    HAL_TIM_OC_DelayElapsedCallback          0x08002515   Thumb Code     8  stm32f4xx_hal_tim.o(.text.HAL_TIM_OC_DelayElapsedCallback)
    HAL_TIM_OnePulse_Init                    0x0800251d   Thumb Code   172  stm32f4xx_hal_tim.o(.text.HAL_TIM_OnePulse_Init)
    HAL_TIM_OnePulse_MspInit                 0x080025c9   Thumb Code     8  stm32f4xx_hal_tim.o(.text.HAL_TIM_OnePulse_MspInit)
    HAL_TIM_PWM_ConfigChannel                0x080025d1   Thumb Code   322  stm32f4xx_hal_tim.o(.text.HAL_TIM_PWM_ConfigChannel)
    HAL_TIM_PWM_Init                         0x08002715   Thumb Code   184  stm32f4xx_hal_tim.o(.text.HAL_TIM_PWM_Init)
    HAL_TIM_PWM_MspInit                      0x080027cd   Thumb Code    80  tim.o(.text.HAL_TIM_PWM_MspInit)
    HAL_TIM_PWM_PulseFinishedCallback        0x0800281d   Thumb Code     8  stm32f4xx_hal_tim.o(.text.HAL_TIM_PWM_PulseFinishedCallback)
    HAL_TIM_PWM_PulseFinishedHalfCpltCallback 0x08002825   Thumb Code     8  stm32f4xx_hal_tim.o(.text.HAL_TIM_PWM_PulseFinishedHalfCpltCallback)
    HAL_TIM_PWM_Start                        0x0800282d   Thumb Code   458  stm32f4xx_hal_tim.o(.text.HAL_TIM_PWM_Start)
    HAL_TIM_PeriodElapsedCallback            0x080029f9   Thumb Code    64  main.o(.text.HAL_TIM_PeriodElapsedCallback)
    HAL_TIM_PeriodElapsedHalfCpltCallback    0x08002a39   Thumb Code     8  stm32f4xx_hal_tim.o(.text.HAL_TIM_PeriodElapsedHalfCpltCallback)
    HAL_TIM_TriggerCallback                  0x08002a41   Thumb Code     8  stm32f4xx_hal_tim.o(.text.HAL_TIM_TriggerCallback)
    HAL_TIM_TriggerHalfCpltCallback          0x08002a49   Thumb Code     8  stm32f4xx_hal_tim.o(.text.HAL_TIM_TriggerHalfCpltCallback)
    HAL_UART_Init                            0x08002a51   Thumb Code   154  stm32f4xx_hal_uart.o(.text.HAL_UART_Init)
    HAL_UART_MspInit                         0x08002aed   Thumb Code   140  usart.o(.text.HAL_UART_MspInit)
    HardFault_Handler                        0x08002b79   Thumb Code     4  stm32f4xx_it.o(.text.HardFault_Handler)
    MX_GPIO_Init                             0x08002b7d   Thumb Code   676  gpio.o(.text.MX_GPIO_Init)
    MX_TIM10_Init                            0x08002e21   Thumb Code   124  tim.o(.text.MX_TIM10_Init)
    MX_TIM1_Init                             0x08002e9d   Thumb Code   238  tim.o(.text.MX_TIM1_Init)
    MX_TIM6_Init                             0x08002f8d   Thumb Code   114  tim.o(.text.MX_TIM6_Init)
    MX_TIM7_Init                             0x08003001   Thumb Code    92  tim.o(.text.MX_TIM7_Init)
    MX_UART4_Init                            0x0800305d   Thumb Code    64  usart.o(.text.MX_UART4_Init)
    MemManage_Handler                        0x0800309d   Thumb Code     4  stm32f4xx_it.o(.text.MemManage_Handler)
    NMI_Handler                              0x080030a1   Thumb Code     4  stm32f4xx_it.o(.text.NMI_Handler)
    PendSV_Handler                           0x08003111   Thumb Code     2  stm32f4xx_it.o(.text.PendSV_Handler)
    SVC_Handler                              0x08003115   Thumb Code     2  stm32f4xx_it.o(.text.SVC_Handler)
    Set_Pin_Input                            0x08003119   Thumb Code    44  dht11.o(.text.Set_Pin_Input)
    Set_Pin_Output                           0x08003145   Thumb Code    46  dht11.o(.text.Set_Pin_Output)
    SysTick_Handler                          0x080031c9   Thumb Code     8  stm32f4xx_it.o(.text.SysTick_Handler)
    SystemClock_Config                       0x080031d1   Thumb Code   158  main.o(.text.SystemClock_Config)
    SystemInit                               0x08003271   Thumb Code    18  system_stm32f4xx.o(.text.SystemInit)
    TIM1_UP_TIM10_IRQHandler                 0x08003285   Thumb Code    28  stm32f4xx_it.o(.text.TIM1_UP_TIM10_IRQHandler)
    TIM7_IRQHandler                          0x080032a1   Thumb Code    16  stm32f4xx_it.o(.text.TIM7_IRQHandler)
    TIM_Base_SetConfig                       0x080032b1   Thumb Code   410  stm32f4xx_hal_tim.o(.text.TIM_Base_SetConfig)
    TIM_CCxChannelCmd                        0x0800344d   Thumb Code    54  stm32f4xx_hal_tim.o(.text.TIM_CCxChannelCmd)
    TIM_OC2_SetConfig                        0x08003571   Thumb Code   244  stm32f4xx_hal_tim.o(.text.TIM_OC2_SetConfig)
    TIM_ResetCallback                        0x080037fd   Thumb Code   190  stm32f4xx_hal_tim.o(.text.TIM_ResetCallback)
    TIM_TI1_SetConfig                        0x080038bd   Thumb Code   278  stm32f4xx_hal_tim.o(.text.TIM_TI1_SetConfig)
    UsageFault_Handler                       0x08003c55   Thumb Code     4  stm32f4xx_it.o(.text.UsageFault_Handler)
    dht_check_sensor                         0x08003d19   Thumb Code   176  dht11.o(.text.dht_check_sensor)
    dht_get_data                             0x08003dc9   Thumb Code    24  dht11.o(.text.dht_get_data)
    dht_init                                 0x08003de1   Thumb Code     8  dht11.o(.text.dht_init)
    lcd_clear                                0x08003de9   Thumb Code    32  lcd.o(.text.lcd_clear)
    lcd_init                                 0x08003e41   Thumb Code   174  lcd.o(.text.lcd_init)
    lcd_set_cursor                           0x08003ef1   Thumb Code    60  lcd.o(.text.lcd_set_cursor)
    lcd_write_string                         0x08004069   Thumb Code    66  lcd.o(.text.lcd_write_string)
    main                                     0x080040ad   Thumb Code   194  main.o(.text.main)
    mode_choice_run                          0x08004171   Thumb Code   488  modes.o(.text.mode_choice_run)
    mode_current_data_run                    0x08004359   Thumb Code   378  modes.o(.text.mode_current_data_run)
    mode_get                                 0x080044d5   Thumb Code    12  modes.o(.text.mode_get)
    mode_help_draw                           0x080044e1   Thumb Code   466  mode_help.o(.text.mode_help_draw)
    mode_help_run                            0x080046b5   Thumb Code   232  modes.o(.text.mode_help_run)
    mode_init                                0x0800479d   Thumb Code    14  modes.o(.text.mode_init)
    mode_saved_data_run                      0x080047ad   Thumb Code    76  modes.o(.text.mode_saved_data_run)
    mode_set                                 0x080047f9   Thumb Code    24  modes.o(.text.mode_set)
    mode_settings_draw                       0x08004811   Thumb Code   436  mode_settings.o(.text.mode_settings_draw)
    mode_settings_run                        0x080049c5   Thumb Code   304  modes.o(.text.mode_settings_run)
    status_get                               0x08004af5   Thumb Code    12  status.o(.text.status_get)
    status_init                              0x08004b01   Thumb Code    14  status.o(.text.status_init)
    status_set                               0x08004b11   Thumb Code    24  status.o(.text.status_set)
    timer_delay_us                           0x08004b29   Thumb Code    90  timer.o(.text.timer_delay_us)
    timer_dht_init                           0x08004b85   Thumb Code    20  timer.o(.text.timer_dht_init)
    timer_spy_init                           0x08004b99   Thumb Code    20  timer.o(.text.timer_spy_init)
    timer_spy_reset                          0x08004bad   Thumb Code    16  timer.o(.text.timer_spy_reset)
    timer_spy_run                            0x08004bbd   Thumb Code    18  timer.o(.text.timer_spy_run)
    timer_spy_stop                           0x08004bd1   Thumb Code    16  timer.o(.text.timer_spy_stop)
    ui_get_cursor                            0x08004be1   Thumb Code    26  ui.o(.text.ui_get_cursor)
    ui_get_page                              0x08004bfd   Thumb Code    12  ui.o(.text.ui_get_page)
    ui_set_cursor                            0x08004c09   Thumb Code    34  ui.o(.text.ui_set_cursor)
    ui_set_page                              0x08004c2d   Thumb Code    24  ui.o(.text.ui_set_page)
    __0sprintf                               0x08004c45   Thumb Code    34  printfa.o(i.__0sprintf)
    __1sprintf                               0x08004c45   Thumb Code     0  printfa.o(i.__0sprintf)
    __2sprintf                               0x08004c45   Thumb Code     0  printfa.o(i.__0sprintf)
    __c89sprintf                             0x08004c45   Thumb Code     0  printfa.o(i.__0sprintf)
    sprintf                                  0x08004c45   Thumb Code     0  printfa.o(i.__0sprintf)
    __scatterload_copy                       0x08004c6d   Thumb Code    14  handlers.o(i.__scatterload_copy)
    __scatterload_null                       0x08004c7b   Thumb Code     2  handlers.o(i.__scatterload_null)
    __scatterload_zeroinit                   0x08004c7d   Thumb Code    14  handlers.o(i.__scatterload_zeroinit)
    AHBPrescTable                            0x08005548   Data          16  system_stm32f4xx.o(.rodata.AHBPrescTable)
    APBPrescTable                            0x08005558   Data           8  system_stm32f4xx.o(.rodata.APBPrescTable)
    Region$$Table$$Base                      0x08005620   Number         0  anon$$obj.o(Region$$Table)
    Region$$Table$$Limit                     0x08005640   Number         0  anon$$obj.o(Region$$Table)
    SystemCoreClock                          0x20000000   Data           4  system_stm32f4xx.o(.data.SystemCoreClock)
    uwTickFreq                               0x20000004   Data           1  stm32f4xx_hal.o(.data.uwTickFreq)
    uwTickPrio                               0x20000008   Data           4  stm32f4xx_hal.o(.data.uwTickPrio)
    Presence                                 0x20000010   Data           1  dht11.o(.bss.Presence)
    Rh_byte1                                 0x20000011   Data           1  dht11.o(.bss.Rh_byte1)
    Rh_byte2                                 0x20000012   Data           1  dht11.o(.bss.Rh_byte2)
    SUM                                      0x20000014   Data           2  dht11.o(.bss.SUM)
    Temp_byte1                               0x20000016   Data           1  dht11.o(.bss.Temp_byte1)
    Temp_byte2                               0x20000017   Data           1  dht11.o(.bss.Temp_byte2)
    dht_data_s                               0x20000018   Data           2  dht11.o(.bss.dht_data_s)
    htim1                                    0x2000001c   Data         180  tim.o(.bss.htim1)
    htim10                                   0x200000d0   Data         180  tim.o(.bss.htim10)
    htim6                                    0x20000184   Data         180  tim.o(.bss.htim6)
    htim7                                    0x20000238   Data         180  tim.o(.bss.htim7)
    huart4                                   0x200002ec   Data          68  usart.o(.bss.huart4)
    uwTick                                   0x20000338   Data           4  stm32f4xx_hal.o(.bss.uwTick)
    __initial_sp                             0x20000740   Data           0  startup_stm32f407xx.o(STACK)



==============================================================================

Memory Map of the image

  Image Entry point : 0x08000189

  Load Region LR_IROM1 (Base: 0x08000000, Size: 0x00005650, Max: 0x00100000, ABSOLUTE)

    Execution Region ER_IROM1 (Exec base: 0x08000000, Load base: 0x08000000, Size: 0x00005640, Max: 0x00100000, ABSOLUTE)

    Exec Addr    Load Addr    Size         Type   Attr      Idx    E Section Name        Object

    0x08000000   0x08000000   0x00000188   Data   RO            3    RESET               startup_stm32f407xx.o
    0x08000188   0x08000188   0x00000000   Code   RO         1192  * .ARM.Collect$$$$00000000  mc_w.l(entry.o)
    0x08000188   0x08000188   0x00000004   Code   RO         1229    .ARM.Collect$$$$00000001  mc_w.l(entry2.o)
    0x0800018c   0x0800018c   0x00000004   Code   RO         1232    .ARM.Collect$$$$00000004  mc_w.l(entry5.o)
    0x08000190   0x08000190   0x00000000   Code   RO         1234    .ARM.Collect$$$$00000008  mc_w.l(entry7b.o)
    0x08000190   0x08000190   0x00000000   Code   RO         1236    .ARM.Collect$$$$0000000A  mc_w.l(entry8b.o)
    0x08000190   0x08000190   0x00000008   Code   RO         1237    .ARM.Collect$$$$0000000B  mc_w.l(entry9a.o)
    0x08000198   0x08000198   0x00000000   Code   RO         1239    .ARM.Collect$$$$0000000D  mc_w.l(entry10a.o)
    0x08000198   0x08000198   0x00000000   Code   RO         1241    .ARM.Collect$$$$0000000F  mc_w.l(entry11a.o)
    0x08000198   0x08000198   0x00000004   Code   RO         1230    .ARM.Collect$$$$00002712  mc_w.l(entry2.o)
    0x0800019c   0x0800019c   0x00000024   Code   RO            4    .text               startup_stm32f407xx.o
    0x080001c0   0x080001c0   0x00000062   Code   RO         1195    .text               mc_w.l(uldiv.o)
    0x08000222   0x08000222   0x00000024   Code   RO         1197    .text               mc_w.l(memseta.o)
    0x08000246   0x08000246   0x0000000e   Code   RO         1199    .text               mc_w.l(strlen.o)
    0x08000254   0x08000254   0x0000002c   Code   RO         1257    .text               mc_w.l(uidiv.o)
    0x08000280   0x08000280   0x0000001e   Code   RO         1259    .text               mc_w.l(llshl.o)
    0x0800029e   0x0800029e   0x00000020   Code   RO         1261    .text               mc_w.l(llushr.o)
    0x080002be   0x080002be   0x00000000   Code   RO         1263    .text               mc_w.l(iusefp.o)
    0x080002be   0x080002be   0x0000014e   Code   RO         1264    .text               mf_w.l(dadd.o)
    0x0800040c   0x0800040c   0x000000e4   Code   RO         1266    .text               mf_w.l(dmul.o)
    0x080004f0   0x080004f0   0x000000de   Code   RO         1268    .text               mf_w.l(ddiv.o)
    0x080005ce   0x080005ce   0x00000030   Code   RO         1270    .text               mf_w.l(dfixul.o)
    0x080005fe   0x080005fe   0x00000002   PAD
    0x08000600   0x08000600   0x00000030   Code   RO         1272    .text               mf_w.l(cdrcmple.o)
    0x08000630   0x08000630   0x00000024   Code   RO         1274    .text               mc_w.l(init.o)
    0x08000654   0x08000654   0x00000024   Code   RO         1277    .text               mc_w.l(llsshr.o)
    0x08000678   0x08000678   0x000000ba   Code   RO         1280    .text               mf_w.l(depilogue.o)
    0x08000732   0x08000732   0x00000002   PAD
    0x08000734   0x08000734   0x00000004   Code   RO           84    .text.BusFault_Handler  stm32f4xx_it.o
    0x08000738   0x08000738   0x00000070   Code   RO         1171    .text.DHT_Check_Response  dht11.o
    0x080007a8   0x080007a8   0x000000aa   Code   RO         1173    .text.DHT_Read      dht11.o
    0x08000852   0x08000852   0x00000002   PAD
    0x08000854   0x08000854   0x00000046   Code   RO         1169    .text.DHT_Start     dht11.o
    0x0800089a   0x0800089a   0x00000002   PAD
    0x0800089c   0x0800089c   0x00000002   Code   RO           90    .text.DebugMon_Handler  stm32f4xx_it.o
    0x0800089e   0x0800089e   0x00000002   PAD
    0x080008a0   0x080008a0   0x00000014   Code   RO          100    .text.EXTI15_10_IRQHandler  stm32f4xx_it.o
    0x080008b4   0x080008b4   0x0000001a   Code   RO           96    .text.EXTI9_5_IRQHandler  stm32f4xx_it.o
    0x080008ce   0x080008ce   0x00000002   PAD
    0x080008d0   0x080008d0   0x0000000e   Code   RO           15    .text.Error_Handler  main.o
    0x080008de   0x080008de   0x00000002   PAD
    0x080008e0   0x080008e0   0x00000042   Code   RO          824    .text.HAL_Delay     stm32f4xx_hal.o
    0x08000922   0x08000922   0x00000002   PAD
    0x08000924   0x08000924   0x000000f6   Code   RO         1112    .text.HAL_GPIO_EXTI_Callback  keys.o
    0x08000a1a   0x08000a1a   0x00000002   PAD
    0x08000a1c   0x08000a1c   0x00000038   Code   RO          609    .text.HAL_GPIO_EXTI_IRQHandler  stm32f4xx_hal_gpio.o
    0x08000a54   0x08000a54   0x000003b6   Code   RO          597    .text.HAL_GPIO_Init  stm32f4xx_hal_gpio.o
    0x08000e0a   0x08000e0a   0x00000002   PAD
    0x08000e0c   0x08000e0c   0x0000002e   Code   RO          601    .text.HAL_GPIO_ReadPin  stm32f4xx_hal_gpio.o
    0x08000e3a   0x08000e3a   0x00000002   PAD
    0x08000e3c   0x08000e3c   0x0000002e   Code   RO          603    .text.HAL_GPIO_WritePin  stm32f4xx_hal_gpio.o
    0x08000e6a   0x08000e6a   0x00000002   PAD
    0x08000e6c   0x08000e6c   0x0000000c   Code   RO          816    .text.HAL_GetTick   stm32f4xx_hal.o
    0x08000e78   0x08000e78   0x0000001a   Code   RO          814    .text.HAL_IncTick   stm32f4xx_hal.o
    0x08000e92   0x08000e92   0x00000002   PAD
    0x08000e94   0x08000e94   0x00000036   Code   RO          804    .text.HAL_Init      stm32f4xx_hal.o
    0x08000eca   0x08000eca   0x00000002   PAD
    0x08000ecc   0x08000ecc   0x00000070   Code   RO          806    .text.HAL_InitTick  stm32f4xx_hal.o
    0x08000f3c   0x08000f3c   0x0000004a   Code   RO          111    .text.HAL_MspInit   stm32f4xx_hal_msp.o
    0x08000f86   0x08000f86   0x00000002   PAD
    0x08000f88   0x08000f88   0x00000014   Code   RO          745    .text.HAL_NVIC_EnableIRQ  stm32f4xx_hal_cortex.o
    0x08000f9c   0x08000f9c   0x00000032   Code   RO          737    .text.HAL_NVIC_SetPriority  stm32f4xx_hal_cortex.o
    0x08000fce   0x08000fce   0x00000002   PAD
    0x08000fd0   0x08000fd0   0x00000010   Code   RO          733    .text.HAL_NVIC_SetPriorityGrouping  stm32f4xx_hal_cortex.o
    0x08000fe0   0x08000fe0   0x00000262   Code   RO          465    .text.HAL_RCC_ClockConfig  stm32f4xx_hal_rcc.o
    0x08001242   0x08001242   0x00000002   PAD
    0x08001244   0x08001244   0x0000000c   Code   RO          475    .text.HAL_RCC_GetHCLKFreq  stm32f4xx_hal_rcc.o
    0x08001250   0x08001250   0x00000022   Code   RO          477    .text.HAL_RCC_GetPCLK1Freq  stm32f4xx_hal_rcc.o
    0x08001272   0x08001272   0x00000002   PAD
    0x08001274   0x08001274   0x00000022   Code   RO          479    .text.HAL_RCC_GetPCLK2Freq  stm32f4xx_hal_rcc.o
    0x08001296   0x08001296   0x00000002   PAD
    0x08001298   0x08001298   0x000000e6   Code   RO          467    .text.HAL_RCC_GetSysClockFreq  stm32f4xx_hal_rcc.o
    0x0800137e   0x0800137e   0x00000002   PAD
    0x08001380   0x08001380   0x000006be   Code   RO          463    .text.HAL_RCC_OscConfig  stm32f4xx_hal_rcc.o
    0x08001a3e   0x08001a3e   0x00000002   PAD
    0x08001a40   0x08001a40   0x00000010   Code   RO          757    .text.HAL_SYSTICK_Config  stm32f4xx_hal_cortex.o
    0x08001a50   0x08001a50   0x00000008   Code   RO          448    .text.HAL_TIMEx_BreakCallback  stm32f4xx_hal_tim_ex.o
    0x08001a58   0x08001a58   0x00000008   Code   RO          444    .text.HAL_TIMEx_CommutCallback  stm32f4xx_hal_tim_ex.o
    0x08001a60   0x08001a60   0x00000008   Code   RO          446    .text.HAL_TIMEx_CommutHalfCpltCallback  stm32f4xx_hal_tim_ex.o
    0x08001a68   0x08001a68   0x000000b2   Code   RO          440    .text.HAL_TIMEx_ConfigBreakDeadTime  stm32f4xx_hal_tim_ex.o
    0x08001b1a   0x08001b1a   0x00000002   PAD
    0x08001b1c   0x08001b1c   0x00000122   Code   RO          438    .text.HAL_TIMEx_MasterConfigSynchronization  stm32f4xx_hal_tim_ex.o
    0x08001c3e   0x08001c3e   0x00000002   PAD
    0x08001c40   0x08001c40   0x000000b8   Code   RO          119    .text.HAL_TIM_Base_Init  stm32f4xx_hal_tim.o
    0x08001cf8   0x08001cf8   0x00000126   Code   RO           47    .text.HAL_TIM_Base_MspInit  tim.o
    0x08001e1e   0x08001e1e   0x00000002   PAD
    0x08001e20   0x08001e20   0x000000ea   Code   RO          131    .text.HAL_TIM_Base_Start  stm32f4xx_hal_tim.o
    0x08001f0a   0x08001f0a   0x00000002   PAD
    0x08001f0c   0x08001f0c   0x000000f6   Code   RO          135    .text.HAL_TIM_Base_Start_IT  stm32f4xx_hal_tim.o
    0x08002002   0x08002002   0x00000002   PAD
    0x08002004   0x08002004   0x00000008   Code   RO          339    .text.HAL_TIM_ErrorCallback  stm32f4xx_hal_tim.o
    0x0800200c   0x0800200c   0x00000008   Code   RO          327    .text.HAL_TIM_IC_CaptureCallback  stm32f4xx_hal_tim.o
    0x08002014   0x08002014   0x00000008   Code   RO          329    .text.HAL_TIM_IC_CaptureHalfCpltCallback  stm32f4xx_hal_tim.o
    0x0800201c   0x0800201c   0x00000130   Code   RO          267    .text.HAL_TIM_IC_ConfigChannel  stm32f4xx_hal_tim.o
    0x0800214c   0x0800214c   0x000000b8   Code   RO          195    .text.HAL_TIM_IC_Init  stm32f4xx_hal_tim.o
    0x08002204   0x08002204   0x00000008   Code   RO          197    .text.HAL_TIM_IC_MspInit  stm32f4xx_hal_tim.o
    0x0800220c   0x0800220c   0x0000029a   Code   RO          255    .text.HAL_TIM_IRQHandler  stm32f4xx_hal_tim.o
    0x080024a6   0x080024a6   0x00000002   PAD
    0x080024a8   0x080024a8   0x0000006c   Code   RO           37    .text.HAL_TIM_MspPostInit  tim.o
    0x08002514   0x08002514   0x00000008   Code   RO          325    .text.HAL_TIM_OC_DelayElapsedCallback  stm32f4xx_hal_tim.o
    0x0800251c   0x0800251c   0x000000ac   Code   RO          219    .text.HAL_TIM_OnePulse_Init  stm32f4xx_hal_tim.o
    0x080025c8   0x080025c8   0x00000008   Code   RO          221    .text.HAL_TIM_OnePulse_MspInit  stm32f4xx_hal_tim.o
    0x080025d0   0x080025d0   0x00000142   Code   RO          277    .text.HAL_TIM_PWM_ConfigChannel  stm32f4xx_hal_tim.o
    0x08002712   0x08002712   0x00000002   PAD
    0x08002714   0x08002714   0x000000b8   Code   RO          175    .text.HAL_TIM_PWM_Init  stm32f4xx_hal_tim.o
    0x080027cc   0x080027cc   0x00000050   Code   RO           45    .text.HAL_TIM_PWM_MspInit  tim.o
    0x0800281c   0x0800281c   0x00000008   Code   RO          331    .text.HAL_TIM_PWM_PulseFinishedCallback  stm32f4xx_hal_tim.o
    0x08002824   0x08002824   0x00000008   Code   RO          333    .text.HAL_TIM_PWM_PulseFinishedHalfCpltCallback  stm32f4xx_hal_tim.o
    0x0800282c   0x0800282c   0x000001ca   Code   RO          183    .text.HAL_TIM_PWM_Start  stm32f4xx_hal_tim.o
    0x080029f6   0x080029f6   0x00000002   PAD
    0x080029f8   0x080029f8   0x00000040   Code   RO           17    .text.HAL_TIM_PeriodElapsedCallback  main.o
    0x08002a38   0x08002a38   0x00000008   Code   RO          323    .text.HAL_TIM_PeriodElapsedHalfCpltCallback  stm32f4xx_hal_tim.o
    0x08002a40   0x08002a40   0x00000008   Code   RO          335    .text.HAL_TIM_TriggerCallback  stm32f4xx_hal_tim.o
    0x08002a48   0x08002a48   0x00000008   Code   RO          337    .text.HAL_TIM_TriggerHalfCpltCallback  stm32f4xx_hal_tim.o
    0x08002a50   0x08002a50   0x0000009a   Code   RO          893    .text.HAL_UART_Init  stm32f4xx_hal_uart.o
    0x08002aea   0x08002aea   0x00000002   PAD
    0x08002aec   0x08002aec   0x0000008c   Code   RO           66    .text.HAL_UART_MspInit  usart.o
    0x08002b78   0x08002b78   0x00000004   Code   RO           80    .text.HardFault_Handler  stm32f4xx_it.o
    0x08002b7c   0x08002b7c   0x000002a4   Code   RO           27    .text.MX_GPIO_Init  gpio.o
    0x08002e20   0x08002e20   0x0000007c   Code   RO           43    .text.MX_TIM10_Init  tim.o
    0x08002e9c   0x08002e9c   0x000000ee   Code   RO           35    .text.MX_TIM1_Init  tim.o
    0x08002f8a   0x08002f8a   0x00000002   PAD
    0x08002f8c   0x08002f8c   0x00000072   Code   RO           39    .text.MX_TIM6_Init  tim.o
    0x08002ffe   0x08002ffe   0x00000002   PAD
    0x08003000   0x08003000   0x0000005c   Code   RO           41    .text.MX_TIM7_Init  tim.o
    0x0800305c   0x0800305c   0x00000040   Code   RO           64    .text.MX_UART4_Init  usart.o
    0x0800309c   0x0800309c   0x00000004   Code   RO           82    .text.MemManage_Handler  stm32f4xx_it.o
    0x080030a0   0x080030a0   0x00000004   Code   RO           78    .text.NMI_Handler   stm32f4xx_it.o
    0x080030a4   0x080030a4   0x0000006c   Code   RO          743    .text.NVIC_EncodePriority  stm32f4xx_hal_cortex.o
    0x08003110   0x08003110   0x00000002   Code   RO           92    .text.PendSV_Handler  stm32f4xx_it.o
    0x08003112   0x08003112   0x00000002   PAD
    0x08003114   0x08003114   0x00000002   Code   RO           88    .text.SVC_Handler   stm32f4xx_it.o
    0x08003116   0x08003116   0x00000002   PAD
    0x08003118   0x08003118   0x0000002c   Code   RO         1167    .text.Set_Pin_Input  dht11.o
    0x08003144   0x08003144   0x0000002e   Code   RO         1165    .text.Set_Pin_Output  dht11.o
    0x08003172   0x08003172   0x00000002   PAD
    0x08003174   0x08003174   0x00000052   Code   RO          759    .text.SysTick_Config  stm32f4xx_hal_cortex.o
    0x080031c6   0x080031c6   0x00000002   PAD
    0x080031c8   0x080031c8   0x00000008   Code   RO           94    .text.SysTick_Handler  stm32f4xx_it.o
    0x080031d0   0x080031d0   0x0000009e   Code   RO           13    .text.SystemClock_Config  main.o
    0x0800326e   0x0800326e   0x00000002   PAD
    0x08003270   0x08003270   0x00000012   Code   RO         1022    .text.SystemInit    system_stm32f4xx.o
    0x08003282   0x08003282   0x00000002   PAD
    0x08003284   0x08003284   0x0000001c   Code   RO           98    .text.TIM1_UP_TIM10_IRQHandler  stm32f4xx_it.o
    0x080032a0   0x080032a0   0x00000010   Code   RO          102    .text.TIM7_IRQHandler  stm32f4xx_it.o
    0x080032b0   0x080032b0   0x0000019a   Code   RO          125    .text.TIM_Base_SetConfig  stm32f4xx_hal_tim.o
    0x0800344a   0x0800344a   0x00000002   PAD
    0x0800344c   0x0800344c   0x00000036   Code   RO          159    .text.TIM_CCxChannelCmd  stm32f4xx_hal_tim.o
    0x08003482   0x08003482   0x00000002   PAD
    0x08003484   0x08003484   0x000000ea   Code   RO          259    .text.TIM_OC1_SetConfig  stm32f4xx_hal_tim.o
    0x0800356e   0x0800356e   0x00000002   PAD
    0x08003570   0x08003570   0x000000f4   Code   RO          261    .text.TIM_OC2_SetConfig  stm32f4xx_hal_tim.o
    0x08003664   0x08003664   0x000000f2   Code   RO          263    .text.TIM_OC3_SetConfig  stm32f4xx_hal_tim.o
    0x08003756   0x08003756   0x00000002   PAD
    0x08003758   0x08003758   0x000000a4   Code   RO          265    .text.TIM_OC4_SetConfig  stm32f4xx_hal_tim.o
    0x080037fc   0x080037fc   0x000000be   Code   RO          121    .text.TIM_ResetCallback  stm32f4xx_hal_tim.o
    0x080038ba   0x080038ba   0x00000002   PAD
    0x080038bc   0x080038bc   0x00000116   Code   RO          269    .text.TIM_TI1_SetConfig  stm32f4xx_hal_tim.o
    0x080039d2   0x080039d2   0x00000002   PAD
    0x080039d4   0x080039d4   0x0000006c   Code   RO          271    .text.TIM_TI2_SetConfig  stm32f4xx_hal_tim.o
    0x08003a40   0x08003a40   0x0000006a   Code   RO          273    .text.TIM_TI3_SetConfig  stm32f4xx_hal_tim.o
    0x08003aaa   0x08003aaa   0x00000002   PAD
    0x08003aac   0x08003aac   0x0000006c   Code   RO          275    .text.TIM_TI4_SetConfig  stm32f4xx_hal_tim.o
    0x08003b18   0x08003b18   0x0000013a   Code   RO          897    .text.UART_SetConfig  stm32f4xx_hal_uart.o
    0x08003c52   0x08003c52   0x00000002   PAD
    0x08003c54   0x08003c54   0x00000004   Code   RO           86    .text.UsageFault_Handler  stm32f4xx_it.o
    0x08003c58   0x08003c58   0x00000030   Code   RO          747    .text.__NVIC_EnableIRQ  stm32f4xx_hal_cortex.o
    0x08003c88   0x08003c88   0x00000010   Code   RO          739    .text.__NVIC_GetPriorityGrouping  stm32f4xx_hal_cortex.o
    0x08003c98   0x08003c98   0x00000042   Code   RO          741    .text.__NVIC_SetPriority  stm32f4xx_hal_cortex.o
    0x08003cda   0x08003cda   0x00000002   PAD
    0x08003cdc   0x08003cdc   0x0000003c   Code   RO          735    .text.__NVIC_SetPriorityGrouping  stm32f4xx_hal_cortex.o
    0x08003d18   0x08003d18   0x000000b0   Code   RO         1175    .text.dht_check_sensor  dht11.o
    0x08003dc8   0x08003dc8   0x00000018   Code   RO         1163    .text.dht_get_data  dht11.o
    0x08003de0   0x08003de0   0x00000008   Code   RO         1177    .text.dht_init      dht11.o
    0x08003de8   0x08003de8   0x00000020   Code   RO         1050    .text.lcd_clear     lcd.o
    0x08003e08   0x08003e08   0x00000036   Code   RO         1040    .text.lcd_clock     lcd.o
    0x08003e3e   0x08003e3e   0x00000002   PAD
    0x08003e40   0x08003e40   0x000000ae   Code   RO         1036    .text.lcd_init      lcd.o
    0x08003eee   0x08003eee   0x00000002   PAD
    0x08003ef0   0x08003ef0   0x0000003c   Code   RO         1042    .text.lcd_set_cursor  lcd.o
    0x08003f2c   0x08003f2c   0x0000002a   Code   RO         1044    .text.lcd_write_command  lcd.o
    0x08003f56   0x08003f56   0x00000002   PAD
    0x08003f58   0x08003f58   0x00000048   Code   RO         1048    .text.lcd_write_data  lcd.o
    0x08003fa0   0x08003fa0   0x000000c6   Code   RO         1038    .text.lcd_write_port  lcd.o
    0x08004066   0x08004066   0x00000002   PAD
    0x08004068   0x08004068   0x00000042   Code   RO         1046    .text.lcd_write_string  lcd.o
    0x080040aa   0x080040aa   0x00000002   PAD
    0x080040ac   0x080040ac   0x000000c2   Code   RO           11    .text.main          main.o
    0x0800416e   0x0800416e   0x00000002   PAD
    0x08004170   0x08004170   0x000001e8   Code   RO         1126    .text.mode_choice_run  modes.o
    0x08004358   0x08004358   0x0000017a   Code   RO         1132    .text.mode_current_data_run  modes.o
    0x080044d2   0x080044d2   0x00000002   PAD
    0x080044d4   0x080044d4   0x0000000c   Code   RO         1124    .text.mode_get      modes.o
    0x080044e0   0x080044e0   0x000001d2   Code   RO         1145    .text.mode_help_draw  mode_help.o
    0x080046b2   0x080046b2   0x00000002   PAD
    0x080046b4   0x080046b4   0x000000e8   Code   RO         1128    .text.mode_help_run  modes.o
    0x0800479c   0x0800479c   0x0000000e   Code   RO         1120    .text.mode_init     modes.o
    0x080047aa   0x080047aa   0x00000002   PAD
    0x080047ac   0x080047ac   0x0000004c   Code   RO         1134    .text.mode_saved_data_run  modes.o
    0x080047f8   0x080047f8   0x00000018   Code   RO         1122    .text.mode_set      modes.o
    0x08004810   0x08004810   0x000001b4   Code   RO         1154    .text.mode_settings_draw  mode_settings.o
    0x080049c4   0x080049c4   0x00000130   Code   RO         1130    .text.mode_settings_run  modes.o
    0x08004af4   0x08004af4   0x0000000c   Code   RO         1084    .text.status_get    status.o
    0x08004b00   0x08004b00   0x0000000e   Code   RO         1080    .text.status_init   status.o
    0x08004b0e   0x08004b0e   0x00000002   PAD
    0x08004b10   0x08004b10   0x00000018   Code   RO         1082    .text.status_set    status.o
    0x08004b28   0x08004b28   0x0000005a   Code   RO         1061    .text.timer_delay_us  timer.o
    0x08004b82   0x08004b82   0x00000002   PAD
    0x08004b84   0x08004b84   0x00000014   Code   RO         1071    .text.timer_dht_init  timer.o
    0x08004b98   0x08004b98   0x00000014   Code   RO         1069    .text.timer_spy_init  timer.o
    0x08004bac   0x08004bac   0x00000010   Code   RO         1065    .text.timer_spy_reset  timer.o
    0x08004bbc   0x08004bbc   0x00000012   Code   RO         1067    .text.timer_spy_run  timer.o
    0x08004bce   0x08004bce   0x00000002   PAD
    0x08004bd0   0x08004bd0   0x00000010   Code   RO         1063    .text.timer_spy_stop  timer.o
    0x08004be0   0x08004be0   0x0000001a   Code   RO         1098    .text.ui_get_cursor  ui.o
    0x08004bfa   0x08004bfa   0x00000002   PAD
    0x08004bfc   0x08004bfc   0x0000000c   Code   RO         1102    .text.ui_get_page   ui.o
    0x08004c08   0x08004c08   0x00000022   Code   RO         1096    .text.ui_set_cursor  ui.o
    0x08004c2a   0x08004c2a   0x00000002   PAD
    0x08004c2c   0x08004c2c   0x00000018   Code   RO         1100    .text.ui_set_page   ui.o
    0x08004c44   0x08004c44   0x00000028   Code   RO         1204    i.__0sprintf        mc_w.l(printfa.o)
    0x08004c6c   0x08004c6c   0x0000000e   Code   RO         1284    i.__scatterload_copy  mc_w.l(handlers.o)
    0x08004c7a   0x08004c7a   0x00000002   Code   RO         1285    i.__scatterload_null  mc_w.l(handlers.o)
    0x08004c7c   0x08004c7c   0x0000000e   Code   RO         1286    i.__scatterload_zeroinit  mc_w.l(handlers.o)
    0x08004c8a   0x08004c8a   0x00000002   PAD
    0x08004c8c   0x08004c8c   0x00000184   Code   RO         1209    i._fp_digits        mc_w.l(printfa.o)
    0x08004e10   0x08004e10   0x000006dc   Code   RO         1210    i._printf_core      mc_w.l(printfa.o)
    0x080054ec   0x080054ec   0x00000024   Code   RO         1211    i._printf_post_padding  mc_w.l(printfa.o)
    0x08005510   0x08005510   0x0000002e   Code   RO         1212    i._printf_pre_padding  mc_w.l(printfa.o)
    0x0800553e   0x0800553e   0x0000000a   Code   RO         1214    i._sputc            mc_w.l(printfa.o)
    0x08005548   0x08005548   0x00000010   Data   RO         1027    .rodata.AHBPrescTable  system_stm32f4xx.o
    0x08005558   0x08005558   0x00000008   Data   RO         1028    .rodata.APBPrescTable  system_stm32f4xx.o
    0x08005560   0x08005560   0x0000004e   Data   RO         1137    .rodata.str1.1      modes.o
    0x080055ae   0x080055ae   0x00000053   Data   RO         1147    .rodata.str1.1      mode_help.o
    0x08005601   0x08005601   0x0000001e   Data   RO         1156    .rodata.str1.1      mode_settings.o
    0x0800561f   0x0800561f   0x00000001   PAD
    0x08005620   0x08005620   0x00000020   Data   RO         1283    Region$$Table       anon$$obj.o


    Execution Region RW_IRAM1 (Exec base: 0x20000000, Load base: 0x08005640, Size: 0x00000740, Max: 0x0001c000, ABSOLUTE)

    Exec Addr    Load Addr    Size         Type   Attr      Idx    E Section Name        Object

    0x20000000   0x08005640   0x00000004   Data   RW         1026    .data.SystemCoreClock  system_stm32f4xx.o
    0x20000004   0x08005644   0x00000001   Data   RW          859    .data.uwTickFreq    stm32f4xx_hal.o
    0x20000005   0x08005645   0x00000003   PAD
    0x20000008   0x08005648   0x00000004   Data   RW          858    .data.uwTickPrio    stm32f4xx_hal.o
    0x2000000c   0x0800564c   0x00000004   PAD
    0x20000010        -       0x00000001   Zero   RW         1179    .bss.Presence       dht11.o
    0x20000011        -       0x00000001   Zero   RW         1181    .bss.Rh_byte1       dht11.o
    0x20000012        -       0x00000001   Zero   RW         1182    .bss.Rh_byte2       dht11.o
    0x20000013   0x0800564c   0x00000001   PAD
    0x20000014        -       0x00000002   Zero   RW         1185    .bss.SUM            dht11.o
    0x20000016        -       0x00000001   Zero   RW         1183    .bss.Temp_byte1     dht11.o
    0x20000017        -       0x00000001   Zero   RW         1184    .bss.Temp_byte2     dht11.o
    0x20000018        -       0x00000002   Zero   RW         1180    .bss.dht_data_s     dht11.o
    0x2000001a   0x0800564c   0x00000002   PAD
    0x2000001c        -       0x000000b4   Zero   RW           53    .bss.htim1          tim.o
    0x200000d0        -       0x000000b4   Zero   RW           56    .bss.htim10         tim.o
    0x20000184        -       0x000000b4   Zero   RW           54    .bss.htim6          tim.o
    0x20000238        -       0x000000b4   Zero   RW           55    .bss.htim7          tim.o
    0x200002ec        -       0x00000044   Zero   RW           70    .bss.huart4         usart.o
    0x20000330        -       0x00000001   Zero   RW         1136    .bss.mode           modes.o
    0x20000331   0x0800564c   0x00000001   PAD
    0x20000332        -       0x00000002   Zero   RW         1086    .bss.status         status.o
    0x20000334        -       0x00000003   Zero   RW         1104    .bss.ui             ui.o
    0x20000337   0x0800564c   0x00000001   PAD
    0x20000338        -       0x00000004   Zero   RW          860    .bss.uwTick         stm32f4xx_hal.o
    0x2000033c   0x0800564c   0x00000004   PAD
    0x20000340        -       0x00000400   Zero   RW            1    STACK               startup_stm32f407xx.o


    Execution Region RW_IRAM2 (Exec base: 0x2001c000, Load base: 0x08005650, Size: 0x00000000, Max: 0x00004000, ABSOLUTE)

    **** No section assigned to this execution region ****


==============================================================================

Image component sizes


      Code (inc. data)   RO Data    RW Data    ZI Data      Debug   Object Name

       650          0          0          0          9       2785   dht11.o
       676          0          0          0          0       4223   gpio.o
       246          0          0          0          0       1280   keys.o
       698          0          0          0          0       2396   lcd.o
       430          0          0          0          0       7050   main.o
       466          4         83          0          0        752   mode_help.o
       436          0         30          0          0       1540   mode_settings.o
      1528          0         78          0          1       3266   modes.o
        36          8        392          0       1024        844   startup_stm32f407xx.o
        50          0          0          0          2        800   status.o
       270          0          0          5          4       7104   stm32f4xx_hal.o
       482          0          0          0          0       9423   stm32f4xx_hal_cortex.o
      1098          0          0          0          0       5092   stm32f4xx_hal_gpio.o
        74          0          0          0          0       1473   stm32f4xx_hal_msp.o
      2646          0          0          0          0       7570   stm32f4xx_hal_rcc.o
      5180         14          0          0          0      39940   stm32f4xx_hal_tim.o
       492          0          0          0          0      16337   stm32f4xx_hal_tim_ex.o
       468          0          0          0          0      20106   stm32f4xx_hal_uart.o
       124          0          0          0          0       1538   stm32f4xx_it.o
        18          0         24          4          0       2520   system_stm32f4xx.o
      1050          0          0          0        720      10389   tim.o
       180          0          0          0          0       1572   timer.o
        96          0          0          0          3       1153   ui.o
       204          0          0          0         68       4795   usart.o

    ----------------------------------------------------------------------
     17716         26        640         12       1844     153948   Object Totals
         0          0         32          0          0          0   (incl. Generated)
       118          0          1          3         13          0   (incl. Padding)

    ----------------------------------------------------------------------

      Code (inc. data)   RO Data    RW Data    ZI Data      Debug   Library Member Name

         0          0          0          0          0          0   entry.o
         0          0          0          0          0          0   entry10a.o
         0          0          0          0          0          0   entry11a.o
         8          4          0          0          0          0   entry2.o
         4          0          0          0          0          0   entry5.o
         0          0          0          0          0          0   entry7b.o
         0          0          0          0          0          0   entry8b.o
         8          4          0          0          0          0   entry9a.o
        30          0          0          0          0          0   handlers.o
        36          8          0          0          0         68   init.o
         0          0          0          0          0          0   iusefp.o
        30          0          0          0          0         68   llshl.o
        36          0          0          0          0         68   llsshr.o
        32          0          0          0          0         68   llushr.o
        36          0          0          0          0        108   memseta.o
      2276         86          0          0          0        520   printfa.o
        14          0          0          0          0         68   strlen.o
        44          0          0          0          0         80   uidiv.o
        98          0          0          0          0         92   uldiv.o
        48          0          0          0          0         68   cdrcmple.o
       334          0          0          0          0        148   dadd.o
       222          0          0          0          0        100   ddiv.o
       186          0          0          0          0        176   depilogue.o
        48          0          0          0          0         68   dfixul.o
       228          0          0          0          0         96   dmul.o

    ----------------------------------------------------------------------
      3724        102          0          0          0       1796   Library Totals
         6          0          0          0          0          0   (incl. Padding)

    ----------------------------------------------------------------------

      Code (inc. data)   RO Data    RW Data    ZI Data      Debug   Library Name

      2652        102          0          0          0       1140   mc_w.l
      1066          0          0          0          0        656   mf_w.l

    ----------------------------------------------------------------------
      3724        102          0          0          0       1796   Library Totals

    ----------------------------------------------------------------------

==============================================================================


      Code (inc. data)   RO Data    RW Data    ZI Data      Debug   

     21440        128        640         12       1844     154624   Grand Totals
     21440        128        640         12       1844     154624   ELF Image Totals
     21440        128        640         12          0          0   ROM Totals

==============================================================================

    Total RO  Size (Code + RO Data)                22080 (  21.56kB)
    Total RW  Size (RW Data + ZI Data)              1856 (   1.81kB)
    Total ROM Size (Code + RO Data + RW Data)      22092 (  21.57kB)

==============================================================================

